02-08 17:40:21.400   444 18706 D MtkOmxVenc: [0xeb2fb000] AVC EncTime=10, RGB_2_YUV=0, FrameCount= 2058, buf timestamp=9656726 (9656726245) IsKey(0), Size(4197)  Slotbitcount(4993656) : in VA=0xEB2FF5A0, offset=0x00000000, len=8, flags=0x00000010 : out VA=0xE8400000, offset=0x00000000
02-08 17:40:21.400   444 18706 D MtkOmxVenc: [0xeb2fb000] eb2fb000 EBD (0xEB2A3850) (0xEB2FF5A0), mNumPendingInput(0)
02-08 17:40:21.400   444 18706 D MtkOmxVenc: [0xeb2fb000] eb2fb000 FBD (0xE9A46310) (0xE8400000) 9656726245 (4197), mNumPendingOutput(7)
02-08 17:40:21.404   444 18705 D MtkOmxVenc: [0xeb2fb000] eb2fb000 ETB (0xE9A460E0) (0xE9A07160) (8), mNumPendingInput(1)
02-08 17:40:21.405 18676 18693 D ACodec  : give LatencyToken 2058, 4197
02-08 17:40:21.405 18676 18693 D ACodec  : [OMX.MTK.VIDEO.ENCODER.AVC] onOutputBufferDrained ID 10
02-08 17:40:21.406   444 18705 D MtkOmxVenc: [0xeb2fb000] eb2fb000 FTB (0xE9A46310) (0xE8400000) (1048576), mNumPendingOutput(8)
02-08 17:40:21.406   444 18706 D MtkOmxMVAMgr: [0xe9a27060] [ION][FreeBuffer] entry=0xeb2a1560, va=0xe76c6000, pa=0x4f00000,size=0xf2790, srcFd=0x00000048, fd=0x00000033, bufHdr=0x00000000
02-08 17:40:21.406   424   424 I thermal_repeater: oh, queryMdThermalInfo (0)No such file or directory
02-08 17:40:21.406   444 18706 D MtkOmxMVAMgr: [0xe9a27060] ION share_fd 51, size (993168), va (0xE76C6000)
02-08 17:40:21.407   444 18706 D MtkOmxMVAMgr: [0xe9a27060] IonBuffer: entry(0xeb2a1560), va(0xe76c6000), mva:(0x04f00000), ion_buf_handle (0x00000003)
02-08 17:40:21.407   444 18706 D MtkOmxVenc: [0xeb2fb000] FrameBuf : handle = 0xeb2d3180, VA = 0xe76c6000, PA = 0x4f00000, format=HAL_PIXEL_FORMAT_YV12(0x32315659), ion=72
02-08 17:40:21.407   444 18706 I VDO_LOG : Y:4F00000, U:4FC8640, V:4FA0500
02-08 17:40:21.410  1067  1263 D DisplayManagerService: Update global display state (ON, 197) for DisplayDeviceInfo{"Built-in Screen": uniqueId="local:0", 720 x 1280, modeId 1, defaultModeId 1, supportedModes [{id=1, width=720, height=1280, fps=61.590004}], colorTransformId 1, defaultColorTransformId 1, supportedColorTransforms [{id=1, colorTransform=0}], HdrCapabilities android.view.Display$HdrCapabilities@e278911, density 320, 294.967 x 295.563 dpi, appVsyncOff 8300000, presDeadline 8936401, touch INTERNAL, rotation 0, type BUILT_IN, state ON, FLAG_DEFAULT_DISPLAY, FLAG_ROTATES_WITH_CONTENT, FLAG_SECURE, FLAG_SUPPORTS_PROTECTED_BUFFERS}
02-08 17:40:21.410  1067  1263 D LocalDisplayAdapter: setDisplayBrightness(id=0, brightness=197)
02-08 17:40:21.411  1067  1263 D lights  : write_int open fd=264
02-08 17:40:21.411   302   302 I hwcomposer: [JOB] ovl_0 is not enable, do not produce a job
02-08 17:40:21.415   293   293 I wmt_launcher: fw log ctrl flag has been set
02-08 17:40:21.415   293   293 I wmt_launcher: fw dynamic ctrl flag has been set
02-08 17:40:21.415   424   424 I thermal_repeater: [recvMdThermalInfo] ret=25, strLen=127,  3, 27, -127, 0, 32767, 1
02-08 17:40:21.416   444 18706 I VDO_LOG : [tid: 18706] =benc 155, max 19726, min 123, avg 221==enc 9057, max 12700, min 7227, avg 8900==aenc 77, max 1437, min 0, avg 80==init 56, max 694, min 39, avg 68==frm 9165, max 28580, min 0, avg 9057==deinit 65, max 1425, min 0, avg 67==flush 49, max 19633, min 40, avg 94=
02-08 17:40:21.416   444 18706 D MtkOmxVenc: [0xeb2fb000] AVC EncTime=10, RGB_2_YUV=0, FrameCount= 2059, buf timestamp=9656743 (9656743121) IsKey(0), Size(4190)  Slotbitcount(5027176) : in VA=0xE9A07160, offset=0x00000000, len=8, flags=0x00000010 : out VA=0xE8300000, offset=0x00000000
02-08 17:40:21.416   444 18706 D MtkOmxVenc: [0xeb2fb000] eb2fb000 EBD (0xE9A460E0) (0xE9A07160), mNumPendingInput(0)
02-08 17:40:21.416   444 18706 D MtkOmxVenc: [0xeb2fb000] eb2fb000 FBD (0xEB2A3770) (0xE8300000) 9656743121 (4190), mNumPendingOutput(7)
02-08 17:40:21.420   444 18705 D MtkOmxVenc: [0xeb2fb000] eb2fb000 ETB (0xEB2A3850) (0xEB2FF5A0) (8), mNumPendingInput(1)
02-08 17:40:21.420   444 18706 D MtkOmxMVAMgr: [0xe9a27060] [ION][FreeBuffer] entry=0xeb2a1500, va=0xe799f000, pa=0x3d00000,size=0xf2790, srcFd=0x0000002B, fd=0x0000003E, bufHdr=0x00000000
02-08 17:40:21.420   444 18706 D MtkOmxMVAMgr: [0xe9a27060] ION share_fd 62, size (993168), va (0xE799F000)
02-08 17:40:21.421   444 18706 D MtkOmxMVAMgr: [0xe9a27060] IonBuffer: entry(0xeb2a1500), va(0xe799f000), mva:(0x03d00000), ion_buf_handle (0x00000001)
02-08 17:40:21.421   444 18706 D MtkOmxVenc: [0xeb2fb000] FrameBuf : handle = 0xeb2d33c0, VA = 0xe799f000, PA = 0x3d00000, format=HAL_PIXEL_FORMAT_YV12(0x32315659), ion=43
02-08 17:40:21.421   444 18706 I VDO_LOG : Y:3D00000, U:3DC8640, V:3DA0500
02-08 17:40:21.421 18676 18693 D ACodec  : give LatencyToken 2059, 4190
02-08 17:40:21.422 18676 18693 D ACodec  : [OMX.MTK.VIDEO.ENCODER.AVC] onOutputBufferDrained ID 11
02-08 17:40:21.423   444 18705 D MtkOmxVenc: [0xeb2fb000] eb2fb000 FTB (0xEB2A3770) (0xE8300000) (1048576), mNumPendingOutput(8)
02-08 17:40:21.427  1067  1095 D DisplayPowerController: updatePowerState: policy=BRIGHT, useProximitySensor=false, screenBrightness=200, screenAutoBrightnessAdjustment=0.0, brightnessSetByUser=true, useAutoBrightness=false, blockScreenOn=false, lowPowerMode=false, boostScreenBrightness=false, dozeScreenBrightness=-1, dozeScreenState=UNKNOWN, useTwilight=false, wakeupByFingerprint=false, mWaitingForNegativeProximity=false, autoBrightnessAdjustmentChanged=false, mustNotify=false, mWakeUpByFingerprint=false
02-08 17:40:21.427  1067  1095 D DisplayPowerController: ABC configure: enabledInDoze=false, autoBrightnessEnabled =false, lowDimmingProtectionEnabled=false, adjustment=0.0, state=2, brightness=-1, autoBrightnessAdjustmentChanged=false, brightnessSetByUser=true
02-08 17:40:21.427  1067  1263 D DisplayManagerService: Update global display state (ON, 200) for DisplayDeviceInfo{"Built-in Screen": uniqueId="local:0", 720 x 1280, modeId 1, defaultModeId 1, supportedModes [{id=1, width=720, height=1280, fps=61.590004}], colorTransformId 1, defaultColorTransformId 1, supportedColorTransforms [{id=1, colorTransform=0}], HdrCapabilities android.view.Display$HdrCapabilities@e278911, density 320, 294.967 x 295.563 dpi, appVsyncOff 8300000, presDeadline 8936401, touch INTERNAL, rotation 0, type BUILT_IN, state ON, FLAG_DEFAULT_DISPLAY, FLAG_ROTATES_WITH_CONTENT, FLAG_SECURE, FLAG_SUPPORTS_PROTECTED_BUFFERS}
02-08 17:40:21.427  1067  1263 D LocalDisplayAdapter: setDisplayBrightness(id=0, brightness=200)
02-08 17:40:21.427  1067  1263 D lights  : write_int open fd=264
02-08 17:40:21.428  1067  1095 D DisplayPowerController: Animating brightness: target=200, rate=0
02-08 17:40:21.428   302   302 I hwcomposer: [JOB] ovl_0 is not enable, do not produce a job
02-08 17:40:21.430   444 18706 I VDO_LOG : [tid: 18706] =benc 196, max 19726, min 123, avg 221==enc 8873, max 12700, min 7227, avg 8900==aenc 66, max 1437, min 0, avg 80==init 79, max 694, min 39, avg 68==frm 8998, max 28580, min 0, avg 9057==deinit 54, max 1425, min 0, avg 67==flush 56, max 19633, min 40, avg 94=
02-08 17:40:21.430   444 18706 D MtkOmxVenc: [0xeb2fb000] AVC EncTime=10, RGB_2_YUV=0, FrameCount= 2060, buf timestamp=9656759 (9656759404) IsKey(0), Size(4045)  Slotbitcount(5059536) : in VA=0xEB2FF5A0, offset=0x00000000, len=8, flags=0x00000010 : out VA=0xE8200000, offset=0x00000000
02-08 17:40:21.430   444 18706 D MtkOmxVenc: [0xeb2fb000] eb2fb000 EBD (0xEB2A3850) (0xEB2FF5A0), mNumPendingInput(0)
02-08 17:40:21.430   444 18706 D MtkOmxVenc: [0xeb2fb000] eb2fb000 FBD (0xE9A46380) (0xE8200000) 9656759404 (4045), mNumPendingOutput(7)
02-08 17:40:21.431   444 18709 E GraphicBufferSource: mLatestBufferUseCount is already 0.
02-08 17:40:21.432 18676 18693 D ACodec  : give LatencyToken 2060, 4045
02-08 17:40:21.433 18676 18693 D ACodec  : [OMX.MTK.VIDEO.ENCODER.AVC] onOutputBufferDrained ID 12
02-08 17:40:21.437   444 18705 D MtkOmxVenc: [0xeb2fb000] eb2fb000 ETB (0xEB2A3850) (0xEB2FF5A0) (8), mNumPendingInput(1)
02-08 17:40:21.437   444 18705 D MtkOmxVenc: [0xeb2fb000] eb2fb000 FTB (0xE9A46380) (0xE8200000) (1048576), mNumPendingOutput(8)
02-08 17:40:21.437   444 18706 D MtkOmxMVAMgr: [0xe9a27060] [ION][FreeBuffer] entry=0xeb2a1530, va=0xe77b9000, pa=0x4500000,size=0xf2790, srcFd=0x0000003A, fd=0x00000045, bufHdr=0x00000000
02-08 17:40:21.438   444 18706 D MtkOmxMVAMgr: [0xe9a27060] ION share_fd 69, size (993168), va (0xE77B9000)
02-08 17:40:21.438   444 18706 D MtkOmxMVAMgr: [0xe9a27060] IonBuffer: entry(0xeb2a1530), va(0xe77b9000), mva:(0x04500000), ion_buf_handle (0x00000002)
02-08 17:40:21.438   444 18706 D MtkOmxVenc: [0xeb2fb000] FrameBuf : handle = 0xe9a033c0, VA = 0xe77b9000, PA = 0x4500000, format=HAL_PIXEL_FORMAT_YV12(0x32315659), ion=58
02-08 17:40:21.438   444 18706 I VDO_LOG : Y:4500000, U:45C8640, V:45A0500
02-08 17:40:21.444   302   302 I hwcomposer: [JOB] ovl_0 is not enable, do not produce a job
02-08 17:40:21.447   444 18706 I VDO_LOG : [tid: 18706] =benc 175, max 19726, min 123, avg 221==enc 8893, max 12700, min 7227, avg 8900==aenc 80, max 1437, min 0, avg 80==init 64, max 694, min 39, avg 68==frm 9018, max 28580, min 0, avg 9057==deinit 63, max 1425, min 0, avg 67==flush 60, max 19633, min 40, avg 94=
02-08 17:40:21.447   444 18706 D MtkOmxVenc: [0xeb2fb000] AVC EncTime=10, RGB_2_YUV=0, FrameCount= 2061, buf timestamp=9656776 (9656776834) IsKey(0), Size(3862)  Slotbitcount(5090432) : in VA=0xEB2FF5A0, offset=0x00000000, len=8, flags=0x00000010 : out VA=0xE800D000, offset=0x00000000
02-08 17:40:21.447   444 18706 D MtkOmxVenc: [0xeb2fb000] eb2fb000 EBD (0xEB2A3850) (0xEB2FF5A0), mNumPendingInput(0)
02-08 17:40:21.447   444 18706 D MtkOmxVenc: [0xeb2fb000] eb2fb000 FBD (0xEB2A3930) (0xE800D000) 9656776834 (3862), mNumPendingOutput(7)
02-08 17:40:21.447   444 18709 E GraphicBufferSource: mLatestBufferUseCount is already 0.
02-08 17:40:21.448 18676 18693 D ACodec  : give LatencyToken 2061, 3862
02-08 17:40:21.449 18676 18693 D ACodec  : [OMX.MTK.VIDEO.ENCODER.AVC] onOutputBufferDrained ID 13
02-08 17:40:21.452   444 18705 D MtkOmxVenc: [0xeb2fb000] eb2fb000 ETB (0xEB2A3850) (0xEB2FF5A0) (8), mNumPendingInput(1)
02-08 17:40:21.452   444 18705 D MtkOmxVenc: [0xeb2fb000] eb2fb000 FTB (0xEB2A3930) (0xE800D000) (1048576), mNumPendingOutput(8)
02-08 17:40:21.453   444 18706 D MtkOmxMVAMgr: [0xe9a27060] [ION][FreeBuffer] entry=0xeb2a1560, va=0xe76c6000, pa=0x4f00000,size=0xf2790, srcFd=0x00000048, fd=0x00000033, bufHdr=0x00000000
02-08 17:40:21.453   444 18706 D MtkOmxMVAMgr: [0xe9a27060] ION share_fd 51, size (993168), va (0xE76C6000)
02-08 17:40:21.453   444 18706 D MtkOmxMVAMgr: [0xe9a27060] IonBuffer: entry(0xeb2a1560), va(0xe76c6000), mva:(0x04f00000), ion_buf_handle (0x00000003)
02-08 17:40:21.453   444 18706 D MtkOmxVenc: [0xeb2fb000] FrameBuf : handle = 0xeb2d3180, VA = 0xe76c6000, PA = 0x4f00000, format=HAL_PIXEL_FORMAT_YV12(0x32315659), ion=72
02-08 17:40:21.453   444 18706 I VDO_LOG : Y:4F00000, U:4FC8640, V:4FA0500
02-08 17:40:21.460   302   302 I hwcomposer: [JOB] ovl_0 is not enable, do not produce a job
02-08 17:40:21.462   444 18706 I VDO_LOG : [tid: 18706] =benc 168, max 19726, min 123, avg 221==enc 8894, max 12700, min 7227, avg 8900==aenc 66, max 1437, min 0, avg 80==init 55, max 694, min 39, avg 68==frm 9018, max 28580, min 0, avg 9057==deinit 55, max 1425, min 0, avg 67==flush 65, max 19633, min 40, avg 94=
02-08 17:40:21.462   444 18706 D MtkOmxVenc: [0xeb2fb000] AVC EncTime=10, RGB_2_YUV=0, FrameCount= 2062, buf timestamp=9656792 (9656792356) IsKey(0), Size(4025)  Slotbitcount(5122632) : in VA=0xEB2FF5A0, offset=0x00000000, len=8, flags=0x00000010 : out VA=0xE7F0D000, offset=0x00000000
02-08 17:40:21.462   444 18706 D MtkOmxVenc: [0xeb2fb000] eb2fb000 EBD (0xEB2A3850) (0xEB2FF5A0), mNumPendingInput(0)
02-08 17:40:21.462   444 18706 D MtkOmxVenc: [0xeb2fb000] eb2fb000 FBD (0xE9A463F0) (0xE7F0D000) 9656792356 (4025), mNumPendingOutput(7)
02-08 17:40:21.463   444 18709 E GraphicBufferSource: mLatestBufferUseCount is already 0.
02-08 17:40:21.464 18676 18693 D ACodec  : give LatencyToken 2062, 4025
02-08 17:40:21.464 18676 18693 D ACodec  : [OMX.MTK.VIDEO.ENCODER.AVC] onOutputBufferDrained ID 14
02-08 17:40:21.469   444 18705 D MtkOmxVenc: [0xeb2fb000] eb2fb000 ETB (0xEB2A3850) (0xEB2FF5A0) (8), mNumPendingInput(1)
02-08 17:40:21.469   444 18705 D MtkOmxVenc: [0xeb2fb000] eb2fb000 FTB (0xE9A463F0) (0xE7F0D000) (1048576), mNumPendingOutput(8)
02-08 17:40:21.469   444 18706 D MtkOmxMVAMgr: [0xe9a27060] [ION][FreeBuffer] entry=0xeb2a1500, va=0xe799f000, pa=0x3d00000,size=0xf2790, srcFd=0x0000002B, fd=0x0000003E, bufHdr=0x00000000
02-08 17:40:21.469   444 18706 D MtkOmxMVAMgr: [0xe9a27060] ION share_fd 62, size (993168), va (0xE799F000)
02-08 17:40:21.469   444 18706 D MtkOmxMVAMgr: [0xe9a27060] IonBuffer: entry(0xeb2a1500), va(0xe799f000), mva:(0x03d00000), ion_buf_handle (0x00000001)
02-08 17:40:21.469   444 18706 D MtkOmxVenc: [0xeb2fb000] FrameBuf : handle = 0xeb2d33c0, VA = 0xe799f000, PA = 0x3d00000, format=HAL_PIXEL_FORMAT_YV12(0x32315659), ion=43
02-08 17:40:21.470   444 18706 I VDO_LOG : Y:3D00000, U:3DC8640, V:3DA0500
02-08 17:40:21.476   302   302 I hwcomposer: [JOB] ovl_0 is not enable, do not produce a job
02-08 17:40:21.479   444 18706 I VDO_LOG : [tid: 18706] =benc 427, max 19726, min 123, avg 221==enc 9040, max 12700, min 7227, avg 8900==aenc 75, max 1437, min 0, avg 80==init 56, max 694, min 39, avg 68==frm 9423, max 28580, min 0, avg 9057==deinit 59, max 1425, min 0, avg 67==flush 317, max 19633, min 40, avg 94=
02-08 17:40:21.479   444 18706 D MtkOmxVenc: [0xeb2fb000] AVC EncTime=10, RGB_2_YUV=0, FrameCount= 2063, buf timestamp=9656808 (9656808302) IsKey(0), Size(3832)  Slotbitcount(5153288) : in VA=0xEB2FF5A0, offset=0x00000000, len=8, flags=0x00000010 : out VA=0xE8F89000, offset=0x00000000
02-08 17:40:21.480   444 18706 D MtkOmxVenc: [0xeb2fb000] eb2fb000 EBD (0xEB2A3850) (0xEB2FF5A0), mNumPendingInput(0)
02-08 17:40:21.480   444 18706 D MtkOmxVenc: [0xeb2fb000] eb2fb000 FBD (0xEB2A3700) (0xE8F89000) 9656808302 (3832), mNumPendingOutput(7)
02-08 17:40:21.484   444 18705 D MtkOmxVenc: [0xeb2fb000] eb2fb000 ETB (0xE9A460E0) (0xE9A07160) (8), mNumPendingInput(1)
02-08 17:40:21.485   444 18706 D MtkOmxMVAMgr: [0xe9a27060] [ION][FreeBuffer] entry=0xeb2a1530, va=0xe77b9000, pa=0x4500000,size=0xf2790, srcFd=0x0000003A, fd=0x00000045, bufHdr=0x00000000
02-08 17:40:21.485 18676 18693 D ACodec  : give LatencyToken 2063, 3832
02-08 17:40:21.485   444 18706 D MtkOmxMVAMgr: [0xe9a27060] ION share_fd 69, size (993168), va (0xE77B9000)
02-08 17:40:21.485   444 18706 D MtkOmxMVAMgr: [0xe9a27060] IonBuffer: entry(0xeb2a1530), va(0xe77b9000), mva:(0x04500000), ion_buf_handle (0x00000002)
02-08 17:40:21.485   444 18706 D MtkOmxVenc: [0xeb2fb000] FrameBuf : handle = 0xe9a033c0, VA = 0xe77b9000, PA = 0x4500000, format=HAL_PIXEL_FORMAT_YV12(0x32315659), ion=58
02-08 17:40:21.485   444 18706 I VDO_LOG : Y:4500000, U:45C8640, V:45A0500
02-08 17:40:21.486 18676 18693 D ACodec  : [OMX.MTK.VIDEO.ENCODER.AVC] onOutputBufferDrained ID d
02-08 17:40:21.486   444 18705 D MtkOmxVenc: [0xeb2fb000] eb2fb000 FTB (0xEB2A3700) (0xE8F89000) (1048576), mNumPendingOutput(8)
02-08 17:40:21.494   444 18706 I VDO_LOG : [tid: 18706] =benc 167, max 19726, min 123, avg 221==enc 8856, max 12700, min 7227, avg 8900==aenc 58, max 1437, min 0, avg 80==init 59, max 694, min 39, avg 68==frm 8971, max 28580, min 0, avg 9057==deinit 49, max 1425, min 0, avg 67==flush 52, max 19633, min 40, avg 94=
02-08 17:40:21.494   444 18706 D MtkOmxVenc: [0xeb2fb000] AVC EncTime=9, RGB_2_YUV=0, FrameCount= 2064, buf timestamp=9656823 (9656823909) IsKey(0), Size(3244)  Slotbitcount(5179240) : in VA=0xE9A07160, offset=0x00000000, len=8, flags=0x00000010 : out VA=0xE8600000, offset=0x00000000
02-08 17:40:21.494   444 18706 D MtkOmxVenc: [0xeb2fb000] eb2fb000 EBD (0xE9A460E0) (0xE9A07160), mNumPendingInput(0)
02-08 17:40:21.494   444 18706 D MtkOmxVenc: [0xeb2fb000] eb2fb000 FBD (0xE9A46150) (0xE8600000) 9656823909 (3244), mNumPendingOutput(7)
02-08 17:40:21.494   444 18709 E GraphicBufferSource: mLatestBufferUseCount is already 0.
02-08 17:40:21.495 18676 18693 D ACodec  : give LatencyToken 2064, 3244
02-08 17:40:21.496 18676 18693 D ACodec  : [OMX.MTK.VIDEO.ENCODER.AVC] onOutputBufferDrained ID e
02-08 17:40:21.496   444 18705 D MtkOmxVenc: [0xeb2fb000] eb2fb000 FTB (0xE9A46150) (0xE8600000) (1048576), mNumPendingOutput(8)
02-08 17:40:21.572   303  2384 I MAL-RDS :  (   rum_mdmngr_send_atcmd,  262) [RDS-I][RDS][RUM][rum_mdmngr_send_atcmd] try to send ATcmd : AT+ECSQ, priv(0xea20d050), at_type(5), sim:1
02-08 17:40:21.572 19378 19431 D libc-netbsd: [getaddrinfo]: mtk hostname=localhost; servname=8089; netid=0; mark=0
02-08 17:40:21.572   303  2384 I MAL-RDS :  (   rum_send_event_entity,   81) [RDS-I][RDS][RUM][rum_send_event_entity] send event 3002 to 302
02-08 17:40:21.572 19378 19431 D libc-netbsd: [getaddrinfo]: mtk ai_addrlen=0; ai_canonname=(null); ai_flags=9; ai_family=0
02-08 17:40:21.572   303   669 D MAL-MDMNGR:  (         mdmngr_task_hdl,  143) EVENT_MDMNGR_ATCMD_REQ@MDMNGR, event = 3002, priv_data = eb831ca0, channel = 302, sim_slot=1, md_type=0, cmd =(AT+ECSQ), prefix=(NULL) (vendor/mediatek/proprietary/frameworks/opt/mal/entity/mdmngr/mdmngr.c:143)
02-08 17:40:21.572   303   742 D MAL-RILP:  (void *rilproxy_task_hdl(,  398) rilproxy_task_hdl(), receive event = 2002
02-08 17:40:21.572   303   742 I MAL-RILP:  (void *rilproxy_task_hdl(,  493) req channel = 302, ril_request_id = 2106, channel = 1, at_cmd = AT+ECSQ
02-08 17:40:21.573   303   742 I MAL-RILP:  (int rilproxy_send_ril_re,  276) send ril request, header_size = 4, sim_id = 1, request_id = 2106, serial_no = 3ea00, length = 20000000, send_size = 32(20), fd = 28
02-08 17:40:21.573   445  1014 D FrameworkListener: dispatchCommand data = (getaddrinfo localhost 8089 9 0 1 0 0)
02-08 17:40:21.573   445 19626 D libc-netbsd: [getaddrinfo]: mtk hostname=localhost; servname=8089; netid=102; mark=102
02-08 17:40:21.573   445 19626 D libc-netbsd: [getaddrinfo]: mtk ai_addrlen=0; ai_canonname=(null); ai_flags=9; ai_family=0
02-08 17:40:21.573   445 19626 D libc-netbsd: getaddrinfo: localhost get result from proxy gai_error = 11
02-08 17:40:21.574   445 19626 D libc-netbsd: [getaddrinfo]: mtk hostname=127.0.0.1; servname=(null); netid=0; mark=0
02-08 17:40:21.574   445 19626 D libc-netbsd: [getaddrinfo]: mtk ai_addrlen=0; ai_canonname=(null); ai_flags=4; ai_family=0
02-08 17:40:21.574   445 19626 D SocketClient: SocketClient sendData done: 222
02-08 17:40:21.574   445 19626 D SocketClient: SocketClient sendData done: 
02-08 17:40:21.574   445 19626 D SocketClient: SocketClient sendData done: 
02-08 17:40:21.574   445 19626 D SocketClient: SocketClient sendData done: 
02-08 17:40:21.574   445 19626 D SocketClient: SocketClient sendData done: 
02-08 17:40:21.574   445 19626 D SocketClient: SocketClient sendData done: 
02-08 17:40:21.574   445 19626 D SocketClient: SocketClient sendData done: 
02-08 17:40:21.574   445 19626 D SocketClient: SocketClient sendData done: 
02-08 17:40:21.577 19378 19431 D libc-netbsd: getaddrinfo: localhost get result from proxy gai_error = 0
02-08 17:40:21.581   303   741 I MAL-RILP:  (void *rilproxy_cmd_resp_,  705) recv ril resp, length = 64, type = 0, result = 0, serial_no = 3ea00, header_size = 0, ret= 48, sizeof(header_size) = 4, sim_id = 0, event_id = 2002
02-08 17:40:21.581   303   669 D MAL-MDMNGR:  (         mdmngr_task_hdl,  205) EVENT_MDMNGR_ATCMD_RESP@MDMNGR, event_req = eb831ca0, ID = 3002, priv_data = 0xea20d050, result = (0), prefix=(NULL), sim_slot=(1), md_type=(0) (vendor/mediatek/proprietary/frameworks/opt/mal/entity/mdmngr/mdmngr.c:205)
02-08 17:40:21.582   303   716 I MAL-RDS :  (   rum_send_event_entity,   81) [RDS-I][RDS][RUM][rum_send_event_entity] send event 9029 to 907
02-08 17:40:21.582   303   736 I MAL-RDS :  (rds_ru_mdmngr_atrsp_hndl, 3284) [RDS-I][RDS][RU][rds_ru_mdmngr_atrsp_hndl] get AT resp: +ECSQ: 18,41,1,1,1,-44,-398,7,6,3

02-08 17:40:21.582   303   736 I MAL-RDS : 

02-08 17:40:21.582   303   736 I MAL-RDS : OK

02-08 17:40:21.582   303   736 I MAL-RDS : , priv: 0xea20d050, at_type: 5 sim: 1
02-08 17:40:21.585   444 18705 D MtkOmxVenc: [0xeb2fb000] eb2fb000 ETB (0xEB2A3850) (0xEB2FF5A0) (8), mNumPendingInput(1)
02-08 17:40:21.585   444 18706 D MtkOmxMVAMgr: [0xe9a27060] [ION][FreeBuffer] entry=0xeb2a1530, va=0xe77b9000, pa=0x4500000,size=0xf2790, srcFd=0x0000003A, fd=0x00000045, bufHdr=0x00000000
02-08 17:40:21.585   444 18706 D MtkOmxMVAMgr: [0xe9a27060] ION share_fd 69, size (993168), va (0xE77B9000)
02-08 17:40:21.585   444 18706 D MtkOmxMVAMgr: [0xe9a27060] IonBuffer: entry(0xeb2a1530), va(0xe77b9000), mva:(0x04500000), ion_buf_handle (0x00000002)
02-08 17:40:21.585   444 18706 D MtkOmxVenc: [0xeb2fb000] FrameBuf : handle = 0xe9a033c0, VA = 0xe77b9000, PA = 0x4500000, format=HAL_PIXEL_FORMAT_YV12(0x32315659), ion=58
02-08 17:40:21.586   444 18706 I VDO_LOG : Y:4500000, U:45C8640, V:45A0500
02-08 17:40:21.595   444 18706 I VDO_LOG : [tid: 18706] =benc 321, max 19726, min 123, avg 221==enc 8861, max 12700, min 7227, avg 8900==aenc 71, max 1437, min 0, avg 80==init 153, max 694, min 39, avg 68==frm 9036, max 28580, min 0, avg 9057==deinit 63, max 1425, min 0, avg 67==flush 78, max 19633, min 40, avg 94=
02-08 17:40:21.595   444 18706 D MtkOmxVenc: [0xeb2fb000] AVC EncTime=10, RGB_2_YUV=0, FrameCount= 2065, buf timestamp=9656923 (9656923909) IsKey(0), Size(3222)  Slotbitcount(25776) : in VA=0xEB2FF5A0, offset=0x00000000, len=8, flags=0x00000010 : out VA=0xE8500000, offset=0x00000000
02-08 17:40:21.595   444 18706 D MtkOmxVenc: [0xeb2fb000] eb2fb000 EBD (0xEB2A3850) (0xEB2FF5A0), mNumPendingInput(0)
02-08 17:40:21.595   444 18706 D MtkOmxVenc: [0xeb2fb000] eb2fb000 FBD (0xEB2A38C0) (0xE8500000) 9656923909 (3222), mNumPendingOutput(7)
02-08 17:40:21.595   444 18709 E GraphicBufferSource: mLatestBufferUseCount is already 0.
02-08 17:40:21.596 18676 18693 D ACodec  : give LatencyToken 2065, 3222
02-08 17:40:21.596 18676 18693 D ACodec  : [OMX.MTK.VIDEO.ENCODER.AVC] onOutputBufferDrained ID f
02-08 17:40:21.597   444 18705 D MtkOmxVenc: [0xeb2fb000] eb2fb000 FTB (0xEB2A38C0) (0xE8500000) (1048576), mNumPendingOutput(8)
02-08 17:40:21.685   444 18705 D MtkOmxVenc: [0xeb2fb000] eb2fb000 ETB (0xEB2A3850) (0xEB2FF5A0) (8), mNumPendingInput(1)
02-08 17:40:21.685   444 18706 D MtkOmxMVAMgr: [0xe9a27060] [ION][FreeBuffer] entry=0xeb2a1530, va=0xe77b9000, pa=0x4500000,size=0xf2790, srcFd=0x0000003A, fd=0x00000045, bufHdr=0x00000000
02-08 17:40:21.685   444 18706 D MtkOmxMVAMgr: [0xe9a27060] ION share_fd 69, size (993168), va (0xE77B9000)
02-08 17:40:21.685   444 18706 D MtkOmxMVAMgr: [0xe9a27060] IonBuffer: entry(0xeb2a1530), va(0xe77b9000), mva:(0x04500000), ion_buf_handle (0x00000002)
02-08 17:40:21.686   444 18706 D MtkOmxVenc: [0xeb2fb000] FrameBuf : handle = 0xe9a033c0, VA = 0xe77b9000, PA = 0x4500000, format=HAL_PIXEL_FORMAT_YV12(0x32315659), ion=58
02-08 17:40:21.686   444 18706 I VDO_LOG : Y:4500000, U:45C8640, V:45A0500
02-08 17:40:21.695   444 18706 I VDO_LOG : [tid: 18706] =benc 235, max 19726, min 123, avg 221==enc 8947, max 12700, min 7227, avg 8900==aenc 72, max 1437, min 0, avg 80==init 74, max 694, min 39, avg 68==frm 9114, max 28580, min 0, avg 9057==deinit 62, max 1425, min 0, avg 67==flush 74, max 19633, min 40, avg 94=
02-08 17:40:21.695   444 18706 D MtkOmxVenc: [0xeb2fb000] AVC EncTime=10, RGB_2_YUV=0, FrameCount= 2066, buf timestamp=9657023 (9657023909) IsKey(0), Size(3222)  Slotbitcount(51552) : in VA=0xEB2FF5A0, offset=0x00000000, len=8, flags=0x00000010 : out VA=0xE8400000, offset=0x00000000
02-08 17:40:21.695   444 18706 D MtkOmxVenc: [0xeb2fb000] eb2fb000 EBD (0xEB2A3850) (0xEB2FF5A0), mNumPendingInput(0)
02-08 17:40:21.695   444 18709 E GraphicBufferSource: mLatestBufferUseCount is already 0.
02-08 17:40:21.696   444 18706 D MtkOmxVenc: [0xeb2fb000] eb2fb000 FBD (0xE9A46310) (0xE8400000) 9657023909 (3222), mNumPendingOutput(7)
02-08 17:40:21.696 18676 18693 D ACodec  : give LatencyToken 2066, 3222
02-08 17:40:21.697 18676 18693 D ACodec  : [OMX.MTK.VIDEO.ENCODER.AVC] onOutputBufferDrained ID 10
02-08 17:40:21.697   444 18705 D MtkOmxVenc: [0xeb2fb000] eb2fb000 FTB (0xE9A46310) (0xE8400000) (1048576), mNumPendingOutput(8)
02-08 17:40:21.785   444 18705 D MtkOmxVenc: [0xeb2fb000] eb2fb000 ETB (0xEB2A3850) (0xEB2FF5A0) (8), mNumPendingInput(1)
02-08 17:40:21.785   444 18706 D MtkOmxMVAMgr: [0xe9a27060] [ION][FreeBuffer] entry=0xeb2a1530, va=0xe77b9000, pa=0x4500000,size=0xf2790, srcFd=0x0000003A, fd=0x00000045, bufHdr=0x00000000
02-08 17:40:21.786   444 18706 D MtkOmxMVAMgr: [0xe9a27060] ION share_fd 69, size (993168), va (0xE77B9000)
02-08 17:40:21.786   444 18706 D MtkOmxMVAMgr: [0xe9a27060] IonBuffer: entry(0xeb2a1530), va(0xe77b9000), mva:(0x04500000), ion_buf_handle (0x00000002)
02-08 17:40:21.786   444 18706 D MtkOmxVenc: [0xeb2fb000] FrameBuf : handle = 0xe9a033c0, VA = 0xe77b9000, PA = 0x4500000, format=HAL_PIXEL_FORMAT_YV12(0x32315659), ion=58
02-08 17:40:21.786   444 18706 I VDO_LOG : Y:4500000, U:45C8640, V:45A0500
02-08 17:40:21.795   444 18706 I VDO_LOG : [tid: 18706] =benc 225, max 19726, min 123, avg 221==enc 8857, max 12700, min 7227, avg 8900==aenc 73, max 1437, min 0, avg 80==init 75, max 694, min 39, avg 68==frm 9014, max 28580, min 0, avg 9057==deinit 64, max 1425, min 0, avg 67==flush 74, max 19633, min 40, avg 94=
02-08 17:40:21.795   444 18706 D MtkOmxVenc: [0xeb2fb000] AVC EncTime=10, RGB_2_YUV=0, FrameCount= 2067, buf timestamp=9657123 (9657123909) IsKey(0), Size(3222)  Slotbitcount(77328) : in VA=0xEB2FF5A0, offset=0x00000000, len=8, flags=0x00000010 : out VA=0xE8300000, offset=0x00000000
02-08 17:40:21.795   444 18706 D MtkOmxVenc: [0xeb2fb000] eb2fb000 EBD (0xEB2A3850) (0xEB2FF5A0), mNumPendingInput(0)
02-08 17:40:21.796   444 18706 D MtkOmxVenc: [0xeb2fb000] eb2fb000 FBD (0xEB2A3770) (0xE8300000) 9657123909 (3222), mNumPendingOutput(7)
02-08 17:40:21.796   444 18709 E GraphicBufferSource: mLatestBufferUseCount is already 0.
02-08 17:40:21.796 18676 18693 D ACodec  : give LatencyToken 2067, 3222
02-08 17:40:21.797 18676 18693 D ACodec  : [OMX.MTK.VIDEO.ENCODER.AVC] onOutputBufferDrained ID 11
02-08 17:40:21.797   444 18705 D MtkOmxVenc: [0xeb2fb000] eb2fb000 FTB (0xEB2A3770) (0xE8300000) (1048576), mNumPendingOutput(8)
02-08 17:40:21.885   444 18705 D MtkOmxVenc: [0xeb2fb000] eb2fb000 ETB (0xEB2A3850) (0xEB2FF5A0) (8), mNumPendingInput(1)
02-08 17:40:21.886   444 18706 D MtkOmxMVAMgr: [0xe9a27060] [ION][FreeBuffer] entry=0xeb2a1530, va=0xe77b9000, pa=0x4500000,size=0xf2790, srcFd=0x0000003A, fd=0x00000045, bufHdr=0x00000000
02-08 17:40:21.886   444 18706 D MtkOmxMVAMgr: [0xe9a27060] ION share_fd 69, size (993168), va (0xE77B9000)
02-08 17:40:21.886   444 18706 D MtkOmxMVAMgr: [0xe9a27060] IonBuffer: entry(0xeb2a1530), va(0xe77b9000), mva:(0x04500000), ion_buf_handle (0x00000002)
02-08 17:40:21.886   444 18706 D MtkOmxVenc: [0xeb2fb000] FrameBuf : handle = 0xe9a033c0, VA = 0xe77b9000, PA = 0x4500000, format=HAL_PIXEL_FORMAT_YV12(0x32315659), ion=58
02-08 17:40:21.886   444 18706 I VDO_LOG : Y:4500000, U:45C8640, V:45A0500
02-08 17:40:21.895   444 18706 I VDO_LOG : [tid: 18706] =benc 223, max 19726, min 123, avg 221==enc 8872, max 12700, min 7227, avg 8900==aenc 79, max 1437, min 0, avg 80==init 75, max 694, min 39, avg 68==frm 9029, max 28580, min 0, avg 9057==deinit 66, max 1425, min 0, avg 67==flush 73, max 19633, min 40, avg 94=
02-08 17:40:21.896   444 18706 D MtkOmxVenc: [0xeb2fb000] AVC EncTime=10, RGB_2_YUV=0, FrameCount= 2068, buf timestamp=9657223 (9657223909) IsKey(0), Size(3222)  Slotbitcount(103104) : in VA=0xEB2FF5A0, offset=0x00000000, len=8, flags=0x00000010 : out VA=0xE8200000, offset=0x00000000
02-08 17:40:21.896   444 18706 D MtkOmxVenc: [0xeb2fb000] eb2fb000 EBD (0xEB2A3850) (0xEB2FF5A0), mNumPendingInput(0)
02-08 17:40:21.896   444 18706 D MtkOmxVenc: [0xeb2fb000] eb2fb000 FBD (0xE9A46380) (0xE8200000) 9657223909 (3222), mNumPendingOutput(7)
02-08 17:40:21.896   444 18709 E GraphicBufferSource: mLatestBufferUseCount is already 0.
02-08 17:40:21.896 18676 18693 D ACodec  : give LatencyToken 2068, 3222
02-08 17:40:21.897 18676 18693 D ACodec  : [OMX.MTK.VIDEO.ENCODER.AVC] onOutputBufferDrained ID 12
02-08 17:40:21.897   444 18705 D MtkOmxVenc: [0xeb2fb000] eb2fb000 FTB (0xE9A46380) (0xE8200000) (1048576), mNumPendingOutput(8)
02-08 17:40:21.986   444 18705 D MtkOmxVenc: [0xeb2fb000] eb2fb000 ETB (0xEB2A3850) (0xEB2FF5A0) (8), mNumPendingInput(1)
02-08 17:40:21.986   444 18706 D MtkOmxMVAMgr: [0xe9a27060] [ION][FreeBuffer] entry=0xeb2a1530, va=0xe77b9000, pa=0x4500000,size=0xf2790, srcFd=0x0000003A, fd=0x00000045, bufHdr=0x00000000
02-08 17:40:21.986   444 18706 D MtkOmxMVAMgr: [0xe9a27060] ION share_fd 69, size (993168), va (0xE77B9000)
02-08 17:40:21.986   444 18706 D MtkOmxMVAMgr: [0xe9a27060] IonBuffer: entry(0xeb2a1530), va(0xe77b9000), mva:(0x04500000), ion_buf_handle (0x00000002)
02-08 17:40:21.986   444 18706 D MtkOmxVenc: [0xeb2fb000] FrameBuf : handle = 0xe9a033c0, VA = 0xe77b9000, PA = 0x4500000, format=HAL_PIXEL_FORMAT_YV12(0x32315659), ion=58
02-08 17:40:21.986   444 18706 I VDO_LOG : Y:4500000, U:45C8640, V:45A0500
02-08 17:40:21.996   444 18706 I VDO_LOG : [tid: 18706] =benc 237, max 19726, min 123, avg 221==enc 8870, max 12700, min 7227, avg 8900==aenc 72, max 1437, min 0, avg 80==init 75, max 694, min 39, avg 68==frm 9037, max 28580, min 0, avg 9057==deinit 63, max 1425, min 0, avg 67==flush 74, max 19633, min 40, avg 94=
02-08 17:40:21.996   444 18706 D MtkOmxVenc: [0xeb2fb000] AVC EncTime=10, RGB_2_YUV=0, FrameCount= 2069, buf timestamp=9657323 (9657323909) IsKey(0), Size(3222)  Slotbitcount(128880) : in VA=0xEB2FF5A0, offset=0x00000000, len=8, flags=0x00000010 : out VA=0xE800D000, offset=0x00000000
02-08 17:40:21.996   444 18706 D MtkOmxVenc: [0xeb2fb000] eb2fb000 EBD (0xEB2A3850) (0xEB2FF5A0), mNumPendingInput(0)
02-08 17:40:21.996   444 18706 D MtkOmxVenc: [0xeb2fb000] eb2fb000 FBD (0xEB2A3930) (0xE800D000) 9657323909 (3222), mNumPendingOutput(7)
02-08 17:40:21.996   444 18709 E GraphicBufferSource: mLatestBufferUseCount is already 0.
02-08 17:40:21.996 18676 18693 D ACodec  : give LatencyToken 2069, 3222
02-08 17:40:21.997 18676 18693 D ACodec  : [OMX.MTK.VIDEO.ENCODER.AVC] onOutputBufferDrained ID 13
02-08 17:40:21.998   444 18705 D MtkOmxVenc: [0xeb2fb000] eb2fb000 FTB (0xEB2A3930) (0xE800D000) (1048576), mNumPendingOutput(8)
02-08 17:40:22.073  1067  1078 I PerfService: PerfServiceNative_boostEnableAsync:6
02-08 17:40:22.074  1067  1204 D PowerManagerNotifier: onUserActivity: event=2, uid=1000
02-08 17:40:22.074  1067  1258 I libPerfService: 6: set freq: 1001000, -1, 
02-08 17:40:22.077  1067  1258 I libPerfService: 6: set: 1, 2, 
02-08 17:40:22.086   444 18705 D MtkOmxVenc: [0xeb2fb000] eb2fb000 ETB (0xEB2A3850) (0xEB2FF5A0) (8), mNumPendingInput(1)
02-08 17:40:22.086   444 18706 D MtkOmxMVAMgr: [0xe9a27060] [ION][FreeBuffer] entry=0xeb2a1530, va=0xe77b9000, pa=0x4500000,size=0xf2790, srcFd=0x0000003A, fd=0x00000045, bufHdr=0x00000000
02-08 17:40:22.086   444 18706 D MtkOmxMVAMgr: [0xe9a27060] ION share_fd 69, size (993168), va (0xE77B9000)
02-08 17:40:22.086   444 18706 D MtkOmxMVAMgr: [0xe9a27060] IonBuffer: entry(0xeb2a1530), va(0xe77b9000), mva:(0x04500000), ion_buf_handle (0x00000002)
02-08 17:40:22.086   444 18706 D MtkOmxVenc: [0xeb2fb000] FrameBuf : handle = 0xe9a033c0, VA = 0xe77b9000, PA = 0x4500000, format=HAL_PIXEL_FORMAT_YV12(0x32315659), ion=58
02-08 17:40:22.087   444 18706 I VDO_LOG : Y:4500000, U:45C8640, V:45A0500
02-08 17:40:22.096   444 18706 I VDO_LOG : [tid: 18706] =benc 218, max 19726, min 123, avg 221==enc 8866, max 12700, min 7227, avg 8900==aenc 75, max 1437, min 0, avg 80==init 73, max 694, min 39, avg 68==frm 9020, max 28580, min 0, avg 9057==deinit 62, max 1425, min 0, avg 67==flush 68, max 19633, min 40, avg 94=
02-08 17:40:22.096   444 18706 D MtkOmxVenc: [0xeb2fb000] AVC EncTime=10, RGB_2_YUV=0, FrameCount= 2070, buf timestamp=9657423 (9657423909) IsKey(0), Size(3222)  Slotbitcount(154656) : in VA=0xEB2FF5A0, offset=0x00000000, len=8, flags=0x00000010 : out VA=0xE7F0D000, offset=0x00000000
02-08 17:40:22.096   444 18706 D MtkOmxVenc: [0xeb2fb000] eb2fb000 EBD (0xEB2A3850) (0xEB2FF5A0), mNumPendingInput(0)
02-08 17:40:22.096   444 18706 D MtkOmxVenc: [0xeb2fb000] eb2fb000 FBD (0xE9A463F0) (0xE7F0D000) 9657423909 (3222), mNumPendingOutput(7)
02-08 17:40:22.096   444 18709 E GraphicBufferSource: mLatestBufferUseCount is already 0.
02-08 17:40:22.096 18676 18693 D ACodec  : give LatencyToken 2070, 3222
02-08 17:40:22.098   302   329 I BufferQueueProducer: [com.android.systemui/com.android.systemui.recents.RecentsActivity](this:0x7896c13000,id:81,api:1,p:1323,c:302) queueBuffer: fps=17.48 dur=1429.88 max=630.90 min=11.93
02-08 17:40:22.098 18676 18693 D ACodec  : [OMX.MTK.VIDEO.ENCODER.AVC] onOutputBufferDrained ID 14
02-08 17:40:22.098   444 18705 D MtkOmxVenc: [0xeb2fb000] eb2fb000 FTB (0xE9A463F0) (0xE7F0D000) (1048576), mNumPendingOutput(8)
02-08 17:40:22.109   302   302 I hwcomposer: [JOB] ovl_0 is not enable, do not produce a job
02-08 17:40:22.113   302   302 I BufferQueueProducer: [VDS: scrcpy](this:0x7896678800,id:69,api:1,p:302,c:302) queueBuffer: fps=34.28 dur=1575.43 max=634.06 min=14.25
02-08 17:40:22.113   302   302 I DisplayDevice: [scrcpy (type:2)] fps:34.273102,dur:1575.58,max:634.31,min:14.26
02-08 17:40:22.119   444 18705 D MtkOmxVenc: [0xeb2fb000] eb2fb000 ETB (0xEB2A3850) (0xEB2FF5A0) (8), mNumPendingInput(1)
02-08 17:40:22.119   444 18706 D MtkOmxMVAMgr: [0xe9a27060] [ION][FreeBuffer] entry=0xeb2a1560, va=0xe76c6000, pa=0x4f00000,size=0xf2790, srcFd=0x00000048, fd=0x00000033, bufHdr=0x00000000
02-08 17:40:22.119   444  1485 I BufferQueueProducer: [GraphicBufferSource](this:0xeb2fe000,id:0,api:1,p:302,c:444) queueBuffer: fps=34.32 dur=1544.27 max=634.58 min=9.79
02-08 17:40:22.119   444 18706 D MtkOmxMVAMgr: [0xe9a27060] ION share_fd 51, size (993168), va (0xE76C6000)
02-08 17:40:22.119   444 18706 D MtkOmxMVAMgr: [0xe9a27060] IonBuffer: entry(0xeb2a1560), va(0xe76c6000), mva:(0x04f00000), ion_buf_handle (0x00000003)
02-08 17:40:22.119   444 18706 D MtkOmxVenc: [0xeb2fb000] FrameBuf : handle = 0xeb2d3180, VA = 0xe76c6000, PA = 0x4f00000, format=HAL_PIXEL_FORMAT_YV12(0x32315659), ion=72
02-08 17:40:22.120   444 18706 I VDO_LOG : Y:4F00000, U:4FC8640, V:4FA0500
02-08 17:40:22.126   302   302 I hwcomposer: [JOB] ovl_0 is not enable, do not produce a job
02-08 17:40:22.129   444 18706 I VDO_LOG : [tid: 18706] =benc 236, max 19726, min 123, avg 221==enc 8875, max 12700, min 7227, avg 8900==aenc 73, max 1437, min 0, avg 80==init 88, max 694, min 39, avg 68==frm 9030, max 28580, min 0, avg 9057==deinit 62, max 1425, min 0, avg 67==flush 79, max 19633, min 40, avg 94=
02-08 17:40:22.129   444 18706 D MtkOmxVenc: [0xeb2fb000] AVC EncTime=10, RGB_2_YUV=0, FrameCount= 2071, buf timestamp=9657458 (9657458448) IsKey(0), Size(3222)  Slotbitcount(180432) : in VA=0xEB2FF5A0, offset=0x00000000, len=8, flags=0x00000010 : out VA=0xE8F89000, offset=0x00000000
02-08 17:40:22.130   444 18706 D MtkOmxVenc: [0xeb2fb000] eb2fb000 EBD (0xEB2A3850) (0xEB2FF5A0), mNumPendingInput(0)
02-08 17:40:22.130   444 18706 D MtkOmxVenc: [0xeb2fb000] eb2fb000 FBD (0xEB2A3700) (0xE8F89000) 9657458448 (3222), mNumPendingOutput(7)
02-08 17:40:22.130   444 18709 E GraphicBufferSource: mLatestBufferUseCount is already 0.
02-08 17:40:22.130 18676 18693 D ACodec  : give LatencyToken 2071, 3222
02-08 17:40:22.131 18676 18693 D ACodec  : [OMX.MTK.VIDEO.ENCODER.AVC] onOutputBufferDrained ID d
02-08 17:40:22.135   444 18705 D MtkOmxVenc: [0xeb2fb000] eb2fb000 ETB (0xEB2A3850) (0xEB2FF5A0) (8), mNumPendingInput(1)
02-08 17:40:22.135   444 18705 D MtkOmxVenc: [0xeb2fb000] eb2fb000 FTB (0xEB2A3700) (0xE8F89000) (1048576), mNumPendingOutput(8)
02-08 17:40:22.135   444 18706 D MtkOmxMVAMgr: [0xe9a27060] [ION][FreeBuffer] entry=0xeb2a1500, va=0xe799f000, pa=0x3d00000,size=0xf2790, srcFd=0x0000002B, fd=0x0000003E, bufHdr=0x00000000
02-08 17:40:22.136   444 18706 D MtkOmxMVAMgr: [0xe9a27060] ION share_fd 62, size (993168), va (0xE799F000)
02-08 17:40:22.136   444 18706 D MtkOmxMVAMgr: [0xe9a27060] IonBuffer: entry(0xeb2a1500), va(0xe799f000), mva:(0x03d00000), ion_buf_handle (0x00000001)
02-08 17:40:22.136   444 18706 D MtkOmxVenc: [0xeb2fb000] FrameBuf : handle = 0xeb2d33c0, VA = 0xe799f000, PA = 0x3d00000, format=HAL_PIXEL_FORMAT_YV12(0x32315659), ion=43
02-08 17:40:22.136   444 18706 I VDO_LOG : Y:3D00000, U:3DC8640, V:3DA0500
02-08 17:40:22.142   302   302 I hwcomposer: [JOB] ovl_0 is not enable, do not produce a job
02-08 17:40:22.145   444 18706 I VDO_LOG : [tid: 18706] =benc 202, max 19726, min 123, avg 221==enc 8878, max 12700, min 7227, avg 8900==aenc 266, max 1437, min 0, avg 80==init 65, max 694, min 39, avg 68==frm 9057, max 28580, min 0, avg 9057==deinit 220, max 1425, min 0, avg 67==flush 65, max 19633, min 40, avg 94=
02-08 17:40:22.147   444 18706 D MtkOmxVenc: [0xeb2fb000] AVC EncTime=11, RGB_2_YUV=0, FrameCount= 2072, buf timestamp=9657474 (9657474603) IsKey(0), Size(3222)  Slotbitcount(206208) : in VA=0xEB2FF5A0, offset=0x00000000, len=8, flags=0x00000010 : out VA=0xE8600000, offset=0x00000000
02-08 17:40:22.147   444 18706 D MtkOmxVenc: [0xeb2fb000] eb2fb000 EBD (0xEB2A3850) (0xEB2FF5A0), mNumPendingInput(0)
02-08 17:40:22.147   444 18706 D MtkOmxVenc: [0xeb2fb000] eb2fb000 FBD (0xE9A46150) (0xE8600000) 9657474603 (3222), mNumPendingOutput(7)
02-08 17:40:22.151   444 18705 D MtkOmxVenc: [0xeb2fb000] eb2fb000 ETB (0xE9A460E0) (0xE9A07160) (8), mNumPendingInput(1)
02-08 17:40:22.151 18676 18693 D ACodec  : give LatencyToken 2072, 3222
02-08 17:40:22.152   444 18706 D MtkOmxMVAMgr: [0xe9a27060] [ION][FreeBuffer] entry=0xeb2a1530, va=0xe77b9000, pa=0x4500000,size=0xf2790, srcFd=0x0000003A, fd=0x00000045, bufHdr=0x00000000
02-08 17:40:22.152 18676 18693 D ACodec  : [OMX.MTK.VIDEO.ENCODER.AVC] onOutputBufferDrained ID e
02-08 17:40:22.152   444 18706 D MtkOmxMVAMgr: [0xe9a27060] ION share_fd 69, size (993168), va (0xE77B9000)
02-08 17:40:22.152   444 18706 D MtkOmxMVAMgr: [0xe9a27060] IonBuffer: entry(0xeb2a1530), va(0xe77b9000), mva:(0x04500000), ion_buf_handle (0x00000002)
02-08 17:40:22.152   444 18706 D MtkOmxVenc: [0xeb2fb000] FrameBuf : handle = 0xe9a033c0, VA = 0xe77b9000, PA = 0x4500000, format=HAL_PIXEL_FORMAT_YV12(0x32315659), ion=58
02-08 17:40:22.152   444 18706 I VDO_LOG : Y:4500000, U:45C8640, V:45A0500
02-08 17:40:22.153   444 18705 D MtkOmxVenc: [0xeb2fb000] eb2fb000 FTB (0xE9A46150) (0xE8600000) (1048576), mNumPendingOutput(8)
02-08 17:40:22.158   302   302 I hwcomposer: [JOB] ovl_0 is not enable, do not produce a job
02-08 17:40:22.162   444 18706 I VDO_LOG : [tid: 18706] =benc 253, max 19726, min 123, avg 221==enc 9092, max 12700, min 7227, avg 8900==aenc 96, max 1437, min 0, avg 80==init 103, max 694, min 39, avg 68==frm 9258, max 28580, min 0, avg 9057==deinit 75, max 1425, min 0, avg 67==flush 70, max 19633, min 40, avg 94=
02-08 17:40:22.162   444 18706 D MtkOmxVenc: [0xeb2fb000] AVC EncTime=10, RGB_2_YUV=0, FrameCount= 2073, buf timestamp=9657490 (9657490441) IsKey(0), Size(3222)  Slotbitcount(231984) : in VA=0xE9A07160, offset=0x00000000, len=8, flags=0x00000010 : out VA=0xE8500000, offset=0x00000000
02-08 17:40:22.162   444 18706 D MtkOmxVenc: [0xeb2fb000] eb2fb000 EBD (0xE9A460E0) (0xE9A07160), mNumPendingInput(0)
02-08 17:40:22.162   444 18706 D MtkOmxVenc: [0xeb2fb000] eb2fb000 FBD (0xEB2A38C0) (0xE8500000) 9657490441 (3222), mNumPendingOutput(7)
02-08 17:40:22.162   444 18709 E GraphicBufferSource: mLatestBufferUseCount is already 0.
02-08 17:40:22.163 18676 18693 D ACodec  : give LatencyToken 2073, 3222
02-08 17:40:22.164 18676 18693 D ACodec  : [OMX.MTK.VIDEO.ENCODER.AVC] onOutputBufferDrained ID f
02-08 17:40:22.167   444 18705 D MtkOmxVenc: [0xeb2fb000] eb2fb000 ETB (0xEB2A3850) (0xEB2FF5A0) (8), mNumPendingInput(1)
02-08 17:40:22.167   444 18705 D MtkOmxVenc: [0xeb2fb000] eb2fb000 FTB (0xEB2A38C0) (0xE8500000) (1048576), mNumPendingOutput(8)
02-08 17:40:22.167   444 18706 D MtkOmxMVAMgr: [0xe9a27060] [ION][FreeBuffer] entry=0xeb2a1560, va=0xe76c6000, pa=0x4f00000,size=0xf2790, srcFd=0x00000048, fd=0x00000033, bufHdr=0x00000000
02-08 17:40:22.168   444 18706 D MtkOmxMVAMgr: [0xe9a27060] ION share_fd 51, size (993168), va (0xE76C6000)
02-08 17:40:22.168   444 18706 D MtkOmxMVAMgr: [0xe9a27060] IonBuffer: entry(0xeb2a1560), va(0xe76c6000), mva:(0x04f00000), ion_buf_handle (0x00000003)
02-08 17:40:22.168   444 18706 D MtkOmxVenc: [0xeb2fb000] FrameBuf : handle = 0xeb2d3180, VA = 0xe76c6000, PA = 0x4f00000, format=HAL_PIXEL_FORMAT_YV12(0x32315659), ion=72
02-08 17:40:22.168   444 18706 I VDO_LOG : Y:4F00000, U:4FC8640, V:4FA0500
02-08 17:40:22.174   302   302 I hwcomposer: [JOB] ovl_0 is not enable, do not produce a job
02-08 17:40:22.177   444 18706 I VDO_LOG : [tid: 18706] =benc 205, max 19726, min 123, avg 221==enc 8858, max 12700, min 7227, avg 8900==aenc 73, max 1437, min 0, avg 80==init 78, max 694, min 39, avg 68==frm 8993, max 28580, min 0, avg 9057==deinit 61, max 1425, min 0, avg 67==flush 63, max 19633, min 40, avg 94=
02-08 17:40:22.178   444 18706 D MtkOmxVenc: [0xeb2fb000] AVC EncTime=10, RGB_2_YUV=0, FrameCount= 2074, buf timestamp=9657506 (9657506511) IsKey(0), Size(3222)  Slotbitcount(257760) : in VA=0xEB2FF5A0, offset=0x00000000, len=8, flags=0x00000010 : out VA=0xE8400000, offset=0x00000000
02-08 17:40:22.178   444 18706 D MtkOmxVenc: [0xeb2fb000] eb2fb000 EBD (0xEB2A3850) (0xEB2FF5A0), mNumPendingInput(0)
02-08 17:40:22.178   444 18706 D MtkOmxVenc: [0xeb2fb000] eb2fb000 FBD (0xE9A46310) (0xE8400000) 9657506511 (3222), mNumPendingOutput(7)
02-08 17:40:22.178   444 18709 E GraphicBufferSource: mLatestBufferUseCount is already 0.
02-08 17:40:22.179 18676 18693 D ACodec  : give LatencyToken 2074, 3222
02-08 17:40:22.180 18676 18693 D ACodec  : [OMX.MTK.VIDEO.ENCODER.AVC] onOutputBufferDrained ID 10
02-08 17:40:22.180   444 18705 D MtkOmxVenc: [0xeb2fb000] eb2fb000 FTB (0xE9A46310) (0xE8400000) (1048576), mNumPendingOutput(8)
02-08 17:40:22.191   302   302 I hwcomposer: [JOB] ovl_0 is not enable, do not produce a job
02-08 17:40:22.198  1067  2010 I PerfService: PerfServiceNative_boostEnableTimeoutMsAsync:6, 100
02-08 17:40:22.199   444 18705 D MtkOmxVenc: [0xeb2fb000] eb2fb000 ETB (0xEB2A3850) (0xEB2FF5A0) (8), mNumPendingInput(1)
02-08 17:40:22.200   444 18706 D MtkOmxMVAMgr: [0xe9a27060] [ION][FreeBuffer] entry=0xeb2a1530, va=0xe77b9000, pa=0x4500000,size=0xf2790, srcFd=0x0000003A, fd=0x00000045, bufHdr=0x00000000
02-08 17:40:22.200   444 18706 D MtkOmxMVAMgr: [0xe9a27060] ION share_fd 69, size (993168), va (0xE77B9000)
02-08 17:40:22.200   444 18706 D MtkOmxMVAMgr: [0xe9a27060] IonBuffer: entry(0xeb2a1530), va(0xe77b9000), mva:(0x04500000), ion_buf_handle (0x00000002)
02-08 17:40:22.201   444 18706 D MtkOmxVenc: [0xeb2fb000] FrameBuf : handle = 0xe9a033c0, VA = 0xe77b9000, PA = 0x4500000, format=HAL_PIXEL_FORMAT_YV12(0x32315659), ion=58
02-08 17:40:22.201   444 18706 I VDO_LOG : Y:4500000, U:45C8640, V:45A0500
02-08 17:40:22.207   302   302 I hwcomposer: [JOB] ovl_0 is not enable, do not produce a job
02-08 17:40:22.210   444 18706 I VDO_LOG : [tid: 18706] =benc 228, max 19726, min 123, avg 221==enc 8877, max 12700, min 7227, avg 8900==aenc 93, max 1437, min 0, avg 80==init 68, max 694, min 39, avg 68==frm 9053, max 28580, min 0, avg 9057==deinit 72, max 1425, min 0, avg 67==flush 73, max 19633, min 40, avg 94=
02-08 17:40:22.211   444 18706 D MtkOmxVenc: [0xeb2fb000] AVC EncTime=11, RGB_2_YUV=0, FrameCount= 2075, buf timestamp=9657538 (9657538670) IsKey(0), Size(3222)  Slotbitcount(283536) : in VA=0xEB2FF5A0, offset=0x00000000, len=8, flags=0x00000010 : out VA=0xE8300000, offset=0x00000000
02-08 17:40:22.211   444 18706 D MtkOmxVenc: [0xeb2fb000] eb2fb000 EBD (0xEB2A3850) (0xEB2FF5A0), mNumPendingInput(0)
02-08 17:40:22.211   444 18706 D MtkOmxVenc: [0xeb2fb000] eb2fb000 FBD (0xEB2A3770) (0xE8300000) 9657538670 (3222), mNumPendingOutput(7)
02-08 17:40:22.216   444 18705 D MtkOmxVenc: [0xeb2fb000] eb2fb000 ETB (0xE9A460E0) (0xE9A07160) (8), mNumPendingInput(1)
02-08 17:40:22.216 18676 18693 D ACodec  : give LatencyToken 2075, 3222
02-08 17:40:22.216   444 18706 D MtkOmxMVAMgr: [0xe9a27060] [ION][FreeBuffer] entry=0xeb2a1560, va=0xe76c6000, pa=0x4f00000,size=0xf2790, srcFd=0x00000048, fd=0x00000033, bufHdr=0x00000000
02-08 17:40:22.217   444 18706 D MtkOmxMVAMgr: [0xe9a27060] ION share_fd 51, size (993168), va (0xE76C6000)
02-08 17:40:22.217   444 18706 D MtkOmxMVAMgr: [0xe9a27060] IonBuffer: entry(0xeb2a1560), va(0xe76c6000), mva:(0x04f00000), ion_buf_handle (0x00000003)
02-08 17:40:22.217   444 18706 D MtkOmxVenc: [0xeb2fb000] FrameBuf : handle = 0xeb2d3180, VA = 0xe76c6000, PA = 0x4f00000, format=HAL_PIXEL_FORMAT_YV12(0x32315659), ion=72
02-08 17:40:22.217 18676 18693 D ACodec  : [OMX.MTK.VIDEO.ENCODER.AVC] onOutputBufferDrained ID 11
02-08 17:40:22.217   444 18705 D MtkOmxVenc: [0xeb2fb000] eb2fb000 FTB (0xEB2A3770) (0xE8300000) (1048576), mNumPendingOutput(8)
02-08 17:40:22.217   444 18706 I VDO_LOG : Y:4F00000, U:4FC8640, V:4FA0500
02-08 17:40:22.223   302   302 I hwcomposer: [JOB] ovl_0 is not enable, do not produce a job
02-08 17:40:22.227   444 18706 I VDO_LOG : [tid: 18706] =benc 614, max 19726, min 123, avg 221==enc 8879, max 12700, min 7227, avg 8900==aenc 91, max 1437, min 0, avg 80==init 73, max 694, min 39, avg 68==frm 9434, max 28580, min 0, avg 9057==deinit 73, max 1425, min 0, avg 67==flush 78, max 19633, min 40, avg 94=
02-08 17:40:22.227   444 18706 D MtkOmxVenc: [0xeb2fb000] AVC EncTime=11, RGB_2_YUV=0, FrameCount= 2076, buf timestamp=9657554 (9657554961) IsKey(0), Size(3222)  Slotbitcount(309312) : in VA=0xE9A07160, offset=0x00000000, len=8, flags=0x00000010 : out VA=0xE8200000, offset=0x00000000
02-08 17:40:22.227   444 18706 D MtkOmxVenc: [0xeb2fb000] eb2fb000 EBD (0xE9A460E0) (0xE9A07160), mNumPendingInput(0)
02-08 17:40:22.227   444 18706 D MtkOmxVenc: [0xeb2fb000] eb2fb000 FBD (0xE9A46380) (0xE8200000) 9657554961 (3222), mNumPendingOutput(7)
02-08 17:40:22.232   444 18705 D MtkOmxVenc: [0xeb2fb000] eb2fb000 ETB (0xEB2A3850) (0xEB2FF5A0) (8), mNumPendingInput(1)
02-08 17:40:22.232   444 18706 D MtkOmxMVAMgr: [0xe9a27060] [ION][FreeBuffer] entry=0xeb2a1500, va=0xe799f000, pa=0x3d00000,size=0xf2790, srcFd=0x0000002B, fd=0x0000003E, bufHdr=0x00000000
02-08 17:40:22.232 18676 18693 D ACodec  : give LatencyToken 2076, 3222
02-08 17:40:22.232   444 18706 D MtkOmxMVAMgr: [0xe9a27060] ION share_fd 62, size (993168), va (0xE799F000)
02-08 17:40:22.232   444 18706 D MtkOmxMVAMgr: [0xe9a27060] IonBuffer: entry(0xeb2a1500), va(0xe799f000), mva:(0x03d00000), ion_buf_handle (0x00000001)
02-08 17:40:22.233   444 18706 D MtkOmxVenc: [0xeb2fb000] FrameBuf : handle = 0xeb2d33c0, VA = 0xe799f000, PA = 0x3d00000, format=HAL_PIXEL_FORMAT_YV12(0x32315659), ion=43
02-08 17:40:22.233   444 18706 I VDO_LOG : Y:3D00000, U:3DC8640, V:3DA0500
02-08 17:40:22.233 18676 18693 D ACodec  : [OMX.MTK.VIDEO.ENCODER.AVC] onOutputBufferDrained ID 12
02-08 17:40:22.233   444 18705 D MtkOmxVenc: [0xeb2fb000] eb2fb000 FTB (0xE9A46380) (0xE8200000) (1048576), mNumPendingOutput(8)
02-08 17:40:22.239   302   302 I hwcomposer: [JOB] ovl_0 is not enable, do not produce a job
02-08 17:40:22.242   444 18706 I VDO_LOG : [tid: 18706] =benc 216, max 19726, min 123, avg 221==enc 8872, max 12700, min 7227, avg 8900==aenc 74, max 1437, min 0, avg 80==init 73, max 694, min 39, avg 68==frm 9024, max 28580, min 0, avg 9057==deinit 62, max 1425, min 0, avg 67==flush 72, max 19633, min 40, avg 94=
02-08 17:40:22.242   444 18706 D MtkOmxVenc: [0xeb2fb000] AVC EncTime=10, RGB_2_YUV=0, FrameCount= 2077, buf timestamp=9657571 (9657571176) IsKey(0), Size(3222)  Slotbitcount(335088) : in VA=0xEB2FF5A0, offset=0x00000000, len=8, flags=0x00000010 : out VA=0xE800D000, offset=0x00000000
02-08 17:40:22.242   444 18706 D MtkOmxVenc: [0xeb2fb000] eb2fb000 EBD (0xEB2A3850) (0xEB2FF5A0), mNumPendingInput(0)
02-08 17:40:22.242   444 18706 D MtkOmxVenc: [0xeb2fb000] eb2fb000 FBD (0xEB2A3930) (0xE800D000) 9657571176 (3222), mNumPendingOutput(7)
02-08 17:40:22.242   444 18709 E GraphicBufferSource: mLatestBufferUseCount is already 0.
02-08 17:40:22.244 18676 18693 D ACodec  : give LatencyToken 2077, 3222
02-08 17:40:22.245 18676 18693 D ACodec  : [OMX.MTK.VIDEO.ENCODER.AVC] onOutputBufferDrained ID 13
02-08 17:40:22.249   444 18705 D MtkOmxVenc: [0xeb2fb000] eb2fb000 ETB (0xEB2A3850) (0xEB2FF5A0) (8), mNumPendingInput(1)
02-08 17:40:22.249   444 18705 D MtkOmxVenc: [0xeb2fb000] eb2fb000 FTB (0xEB2A3930) (0xE800D000) (1048576), mNumPendingOutput(8)
02-08 17:40:22.249   444 18706 D MtkOmxMVAMgr: [0xe9a27060] [ION][FreeBuffer] entry=0xeb2a1530, va=0xe77b9000, pa=0x4500000,size=0xf2790, srcFd=0x0000003A, fd=0x00000045, bufHdr=0x00000000
02-08 17:40:22.250   444 18706 D MtkOmxMVAMgr: [0xe9a27060] ION share_fd 69, size (993168), va (0xE77B9000)
02-08 17:40:22.250   444 18706 D MtkOmxMVAMgr: [0xe9a27060] IonBuffer: entry(0xeb2a1530), va(0xe77b9000), mva:(0x04500000), ion_buf_handle (0x00000002)
02-08 17:40:22.250   444 18706 D MtkOmxVenc: [0xeb2fb000] FrameBuf : handle = 0xe9a033c0, VA = 0xe77b9000, PA = 0x4500000, format=HAL_PIXEL_FORMAT_YV12(0x32315659), ion=58
02-08 17:40:22.250   444 18706 I VDO_LOG : Y:4500000, U:45C8640, V:45A0500
02-08 17:40:22.256   302   302 I hwcomposer: [JOB] ovl_0 is not enable, do not produce a job
02-08 17:40:22.259   444 18706 I VDO_LOG : [tid: 18706] =benc 209, max 19726, min 123, avg 221==enc 8864, max 12700, min 7227, avg 8900==aenc 74, max 1437, min 0, avg 80==init 70, max 694, min 39, avg 68==frm 9015, max 28580, min 0, avg 9057==deinit 59, max 1425, min 0, avg 67==flush 67, max 19633, min 40, avg 94=
