02-08 17:40:22.639  1323  1778 D WifiSignalController: mCurrentState.level is 3
02-08 17:40:22.639  1323  1778 D WifiSignalController: Found Inertance Range, level = 3
02-08 17:40:22.639  1323  1778 D WifiSignalController: mCurrentState.rssi is -64, use mLastLevel: 3
02-08 17:40:22.641 18676 18693 D ACodec  : [OMX.MTK.VIDEO.ENCODER.AVC] onOutputBufferDrained ID 12
02-08 17:40:22.641   444 18705 D MtkOmxVenc: [0xeb2fb000] eb2fb000 FTB (0xE9A46380) (0xE8200000) (1048576), mNumPendingOutput(8)
02-08 17:40:22.644  1067  1993 I ActivityManager: START u0 {act=android.intent.action.MAIN cat=[android.intent.category.HOME] flg=0x10200000 cmp=com.launcher.nicelauncher/com.nice.launcher.Launcher} from uid 10020 on display 0
02-08 17:40:22.646   302   302 I hwcomposer: [JOB] ovl_0 is not enable, do not produce a job
02-08 17:40:22.655   444 18705 D MtkOmxVenc: [0xeb2fb000] eb2fb000 ETB (0xEB2A3850) (0xEB2FF5A0) (8), mNumPendingInput(1)
02-08 17:40:22.655   444 18706 D MtkOmxMVAMgr: [0xe9a27060] [ION][FreeBuffer] entry=0xeb2a1500, va=0xe799f000, pa=0x3d00000,size=0xf2790, srcFd=0x0000002B, fd=0x0000003E, bufHdr=0x00000000
02-08 17:40:22.656   444 18706 D MtkOmxMVAMgr: [0xe9a27060] ION share_fd 62, size (993168), va (0xE799F000)
02-08 17:40:22.656   444 18706 D MtkOmxMVAMgr: [0xe9a27060] IonBuffer: entry(0xeb2a1500), va(0xe799f000), mva:(0x03d00000), ion_buf_handle (0x00000001)
02-08 17:40:22.656   444 18706 D MtkOmxVenc: [0xeb2fb000] FrameBuf : handle = 0xeb2d33c0, VA = 0xe799f000, PA = 0x3d00000, format=HAL_PIXEL_FORMAT_YV12(0x32315659), ion=43
02-08 17:40:22.656   444 18706 I VDO_LOG : Y:3D00000, U:3DC8640, V:3DA0500
02-08 17:40:22.661  1067  1993 V WindowManager: Looking for focus: 9 = Window{ad926a6 u0 StatusBar}, flags=-2122055608, canReceive=false
02-08 17:40:22.662  1067  1993 V WindowManager: Set focused app to: AppWindowToken{47a6b9b token=Token{1fc0695 ActivityRecord{69e064c u0 com.launcher.nicelauncher/com.nice.launcher.Launcher t225}}} old focus=AppWindowToken{b7e1961 token=Token{fc6916b ActivityRecord{d9f3eba u0 com.android.systemui/.recents.RecentsActivity t226}}} moveFocusNow=true
02-08 17:40:22.662  1067  1993 V WindowManager: Looking for focus: 9 = Window{ad926a6 u0 StatusBar}, flags=-2122055608, canReceive=false
02-08 17:40:22.662  1067  1993 V WindowManager: findFocusedWindow: Reached focused app=AppWindowToken{47a6b9b token=Token{1fc0695 ActivityRecord{69e064c u0 com.launcher.nicelauncher/com.nice.launcher.Launcher t225}}}
02-08 17:40:22.662  1067  1993 V WindowManager: Changing focus from Window{a43aa3f u0 com.android.systemui/com.android.systemui.recents.RecentsActivity} to null Callers=com.android.server.wm.WindowManagerService.setFocusedApp:4190 com.android.server.am.ActivityManagerService.setFocusedActivityLocked:3582 com.android.server.am.ActivityStack.moveTaskToFrontLocked:4659 com.android.server.am.ActivityStarter.setTargetStackAndMoveToFrontIfNeeded:1713 
02-08 17:40:22.662  1067  1993 D WindowManager: Input focus has changed to null
02-08 17:40:22.663  1067  1092 I WindowManager: Focus moving from Window{a43aa3f u0 com.android.systemui/com.android.systemui.recents.RecentsActivity} to null
02-08 17:40:22.663  1067  1092 I WindowManager: Losing focus: Window{a43aa3f u0 com.android.systemui/com.android.systemui.recents.RecentsActivity}
02-08 17:40:22.664  1067  1993 D PowerManagerService: acquireWakeLockInternal: lock=131973045, flags=0x1, tag="*launch*", ws=WorkSource{10281}, uid=1000, pid=1067
02-08 17:40:22.664  1067  1993 D PowerManagerNotifier: onWakeLockAcquired: flags=1, tag="*launch*", packageName=android, ownerUid=1000, ownerPid=1067, workSource=WorkSource{10281}
02-08 17:40:22.666   444 18706 I VDO_LOG : [tid: 18706] =benc 146, max 19726, min 123, avg 222==enc 9992, max 12700, min 7227, avg 8902==aenc 55, max 1437, min 0, avg 81==init 54, max 694, min 39, avg 69==frm 10092, max 28580, min 0, avg 9059==deinit 44, max 1425, min 0, avg 68==flush 50, max 19633, min 40, avg 94=
02-08 17:40:22.666   444 18706 D MtkOmxVenc: [0xeb2fb000] AVC EncTime=11, RGB_2_YUV=0, FrameCount= 2101, buf timestamp=9657993 (9657993989) IsKey(0), Size(3016)  Slotbitcount(96512) : in VA=0xEB2FF5A0, offset=0x00000000, len=8, flags=0x00000010 : out VA=0xE800D000, offset=0x00000000
02-08 17:40:22.666   444 18706 D MtkOmxVenc: [0xeb2fb000] eb2fb000 EBD (0xEB2A3850) (0xEB2FF5A0), mNumPendingInput(0)
02-08 17:40:22.666   444 18706 D MtkOmxVenc: [0xeb2fb000] eb2fb000 FBD (0xEB2A3930) (0xE800D000) 9657993989 (3016), mNumPendingOutput(7)
02-08 17:40:22.666   444 18709 E GraphicBufferSource: mLatestBufferUseCount is already 0.
02-08 17:40:22.667 18676 18693 D ACodec  : give LatencyToken 2101, 3016
02-08 17:40:22.667  1067  1993 W ContextImpl: Calling a method in the system process without a qualified user: android.app.ContextImpl.sendBroadcast:891 com.android.server.am.ActivityStarter.startActivityMayWait:987 com.android.server.am.ActivityManagerService.startActivityAsUser:5054 android.app.ActivityManagerNative.onTransact:191 com.android.server.am.ActivityManagerService.onTransact:3345 
02-08 17:40:22.667 18676 18693 D ACodec  : [OMX.MTK.VIDEO.ENCODER.AVC] onOutputBufferDrained ID 13
02-08 17:40:22.667  1067  1993 V ActivityManager: Broadcast: Intent { act=com.android.launcher.action.UNREAD_CLEAR flg=0x10 (has extras) } ordered=false userid=0 callerApp=ProcessRecord{6ebf7c1 1067:system/1000}
02-08 17:40:22.668   444 18705 D MtkOmxVenc: [0xeb2fb000] eb2fb000 FTB (0xEB2A3930) (0xE800D000) (1048576), mNumPendingOutput(8)
02-08 17:40:22.668  1067  1258 I libPerfService: 2: set freq: 1001000, 1807000, 
02-08 17:40:22.669  1067  1085 D AppOps  : noteOperation: allowing code 63 uid 10012 package com.cyanogenmod.trebuchet
02-08 17:40:22.670  1067  1085 D TpTimeOptimize: calculateAppMah: the cost of running time is 0
02-08 17:40:22.670  1067  1085 D BatteryStatsImpl: updateUidMah: uid is 10012 mLastTotalPowerMah is 0.0 mCurTotalPowerMah is 0.0 mCurBackgroundMah is 0.0
02-08 17:40:22.670  1067  1085 D TpTimeOptimize: updateUidMah: the cost of running time is 0
02-08 17:40:22.675 18980 18980 D ActivityThread: BDC-Calling onReceive: intent=Intent { act=com.android.launcher.action.UNREAD_CLEAR flg=0x10 cmp=com.cyanogenmod.trebuchet/com.android.launcher3.UnreadNumberChangedReceiver (has extras) }, receiver=com.android.launcher3.UnreadNumberChangedReceiver@6beba76
02-08 17:40:22.677  1067  2010 V ActivityManager: Broadcast: Intent { act=com.android.launcher.action.UNREAD_DATABASE_CHANGED flg=0x10 (has extras) } ordered=false userid=0 callerApp=ProcessRecord{c46a6de 18980:com.cyanogenmod.trebuchet/u0a12}
02-08 17:40:22.679   302   302 I hwcomposer: [JOB] ovl_0 is not enable, do not produce a job
02-08 17:40:22.682   302   329 I BufferQueueProducer: [StatusBar](this:0x7898fc1800,id:6,api:1,p:1323,c:302) queueBuffer: fps=1.90 dur=2103.27 max=1747.91 min=35.66
02-08 17:40:22.688  1067  1258 I libPerfService: 2: set: 4, 4, 
02-08 17:40:22.688  1067  1258 I libPerfService: [perfNotifyAppState] foreground:com.launcher.nicelauncher, pid:9159
02-08 17:40:22.688  1067  1258 I libPerfService: [switchSportsMode] enable:0
02-08 17:40:22.689  1067  4803 D TpTimeOptimize: calculateAppMah: the cost of running time is 1
02-08 17:40:22.689  1067  4803 D BatteryStatsImpl: updateUidMah: uid is 10281 mLastTotalPowerMah is 5.555555555555555E-7 mCurTotalPowerMah is 5.555555555555555E-7 mCurBackgroundMah is 0.0
02-08 17:40:22.689  1067  4803 D TpTimeOptimize: updateUidMah: the cost of running time is 1
02-08 17:40:22.689  1067  4803 D TpTimeOptimize: calculateAppMah: the cost of running time is 0
02-08 17:40:22.689  1067  4803 D BatteryStatsImpl: updateUidMah: uid is 10024 mLastTotalPowerMah is 0.0 mCurTotalPowerMah is 0.0 mCurBackgroundMah is 0.0
02-08 17:40:22.689  1067  4803 D TpTimeOptimize: updateUidMah: the cost of running time is 1
02-08 17:40:22.690  1067  4803 D TpTimeOptimize: calculateAppMah: the cost of running time is 0
02-08 17:40:22.690  1067  4803 D BatteryStatsImpl: updateUidMah: uid is 10015 mLastTotalPowerMah is 0.0 mCurTotalPowerMah is 0.0 mCurBackgroundMah is 0.0
02-08 17:40:22.690  1067  4803 D TpTimeOptimize: updateUidMah: the cost of running time is 0
02-08 17:40:22.691  1067  4803 D InputReader: InputReader:: getSwitchState lock 
02-08 17:40:22.691  1067  4803 D InputReader: InputReader::getStateLocked:: return 
02-08 17:40:22.691   444 18705 D MtkOmxVenc: [0xeb2fb000] eb2fb000 ETB (0xEB2A3850) (0xEB2FF5A0) (8), mNumPendingInput(1)
02-08 17:40:22.691   444 18706 D MtkOmxMVAMgr: [0xe9a27060] [ION][FreeBuffer] entry=0xeb2a1530, va=0xe77b9000, pa=0x4500000,size=0xf2790, srcFd=0x0000003A, fd=0x00000045, bufHdr=0x00000000
02-08 17:40:22.692   444 18706 D MtkOmxMVAMgr: [0xe9a27060] ION share_fd 69, size (993168), va (0xE77B9000)
02-08 17:40:22.692   444 18706 D MtkOmxMVAMgr: [0xe9a27060] IonBuffer: entry(0xeb2a1530), va(0xe77b9000), mva:(0x04500000), ion_buf_handle (0x00000002)
02-08 17:40:22.692   444 18706 D MtkOmxVenc: [0xeb2fb000] FrameBuf : handle = 0xe9a033c0, VA = 0xe77b9000, PA = 0x4500000, format=HAL_PIXEL_FORMAT_YV12(0x32315659), ion=58
02-08 17:40:22.692   444 18706 I VDO_LOG : Y:4500000, U:45C8640, V:45A0500
02-08 17:40:22.695   302   302 I hwcomposer: [JOB] ovl_0 is not enable, do not produce a job
02-08 17:40:22.695  1323  1323 D PhoneStatusBar: hiding the MENU button
02-08 17:40:22.696  1323  1323 D PhoneStatusBar: hiding the MENU button
02-08 17:40:22.697  1067  1086 V NetworkPolicy: updateRuleForRestrictBackgroundLocked(10281): isForeground=true, isBlacklisted=false, isWhitelisted=false, oldRule=0 (NONE), newRule=0 (NONE), newUidRules=0 (NONE), oldUidRules=0 (NONE)
02-08 17:40:22.698  1067  1086 V NetworkPolicy: updateRulesForNonMeteredNetworksLocked(10281), isIdle: false, mRestrictPower: false, mDeviceIdleMode: false, isForeground=true, isWhitelisted=false, oldRule=0 (NONE), newRule=0 (NONE), newUidRules=0 (NONE), oldUidRules=0 (NONE)
02-08 17:40:22.698  1067  1086 V NetworkStats: setKernelCounterSet uid=10281 set=1
02-08 17:40:22.698  1067  1086 V NetworkStats: setKernelCounterSet uid=10024 set=1
02-08 17:40:22.699  1067  1086 V NetworkPolicy: updateRuleForRestrictBackgroundLocked(10015): isForeground=true, isBlacklisted=false, isWhitelisted=false, oldRule=0 (NONE), newRule=0 (NONE), newUidRules=0 (NONE), oldUidRules=0 (NONE)
02-08 17:40:22.699  1067  1086 V NetworkPolicy: updateRulesForNonMeteredNetworksLocked(10015), isIdle: false, mRestrictPower: false, mDeviceIdleMode: false, isForeground=true, isWhitelisted=false, oldRule=0 (NONE), newRule=0 (NONE), newUidRules=0 (NONE), oldUidRules=0 (NONE)
02-08 17:40:22.699  1067  1086 V NetworkStats: setKernelCounterSet uid=10015 set=1
02-08 17:40:22.699  1067  1632 D TpTimeOptimize: calculateAppMah: the cost of running time is 1
02-08 17:40:22.700  1067  1632 D BatteryStatsImpl: updateUidMah: uid is 10012 mLastTotalPowerMah is 0.0 mCurTotalPowerMah is 0.0 mCurBackgroundMah is 0.0
02-08 17:40:22.700  1067  1632 D TpTimeOptimize: updateUidMah: the cost of running time is 1
02-08 17:40:22.701   444 18706 I VDO_LOG : [tid: 18706] =benc 194, max 19726, min 123, avg 222==enc 8866, max 12700, min 7227, avg 8902==aenc 61, max 1437, min 0, avg 81==init 54, max 694, min 39, avg 69==frm 9015, max 28580, min 0, avg 9059==deinit 49, max 1425, min 0, avg 68==flush 95, max 19633, min 40, avg 94=
02-08 17:40:22.701   444 18706 D MtkOmxVenc: [0xeb2fb000] AVC EncTime=10, RGB_2_YUV=0, FrameCount= 2102, buf timestamp=9658031 (9658031243) IsKey(0), Size(3016)  Slotbitcount(120640) : in VA=0xEB2FF5A0, offset=0x00000000, len=8, flags=0x00000010 : out VA=0xE7F0D000, offset=0x00000000
02-08 17:40:22.701   444 18706 D MtkOmxVenc: [0xeb2fb000] eb2fb000 EBD (0xEB2A3850) (0xEB2FF5A0), mNumPendingInput(0)
02-08 17:40:22.701   444 18706 D MtkOmxVenc: [0xeb2fb000] eb2fb000 FBD (0xE9A463F0) (0xE7F0D000) 9658031243 (3016), mNumPendingOutput(7)
02-08 17:40:22.704   444 18705 D MtkOmxVenc: [0xeb2fb000] eb2fb000 ETB (0xE9A460E0) (0xE9A07160) (8), mNumPendingInput(1)
02-08 17:40:22.704   444 18706 D MtkOmxMVAMgr: [0xe9a27060] [ION][FreeBuffer] entry=0xeb2a1560, va=0xe76c6000, pa=0x4f00000,size=0xf2790, srcFd=0x00000048, fd=0x00000033, bufHdr=0x00000000
02-08 17:40:22.705 18676 18693 D ACodec  : give LatencyToken 2102, 3016
02-08 17:40:22.705   444 18706 D MtkOmxMVAMgr: [0xe9a27060] ION share_fd 51, size (993168), va (0xE76C6000)
02-08 17:40:22.705   444 18706 D MtkOmxMVAMgr: [0xe9a27060] IonBuffer: entry(0xeb2a1560), va(0xe76c6000), mva:(0x04f00000), ion_buf_handle (0x00000003)
02-08 17:40:22.705   444 18706 D MtkOmxVenc: [0xeb2fb000] FrameBuf : handle = 0xeb2d3180, VA = 0xe76c6000, PA = 0x4f00000, format=HAL_PIXEL_FORMAT_YV12(0x32315659), ion=72
02-08 17:40:22.705   444 18706 I VDO_LOG : Y:4F00000, U:4FC8640, V:4FA0500
02-08 17:40:22.706 18676 18693 D ACodec  : [OMX.MTK.VIDEO.ENCODER.AVC] onOutputBufferDrained ID 14
02-08 17:40:22.706   444 18705 D MtkOmxVenc: [0xeb2fb000] eb2fb000 FTB (0xE9A463F0) (0xE7F0D000) (1048576), mNumPendingOutput(8)
02-08 17:40:22.706  1067  5851 V WindowManager: Looking for focus: 9 = Window{ad926a6 u0 StatusBar}, flags=-2122055608, canReceive=false
02-08 17:40:22.706  1067  5851 V WindowManager: findFocusedWindow: No focusable windows.
02-08 17:40:22.710  1067 18953 V ActivityManager: Broadcast: Intent { act=com.nice.launcher.toucher.ACTION_HIDE_OVERLAY flg=0x10 } ordered=false userid=0 callerApp=ProcessRecord{54a6562 9159:com.launcher.nicelauncher/u0a281}
02-08 17:40:22.711   302   302 I hwcomposer: [JOB] ovl_0 is not enable, do not produce a job
02-08 17:40:22.713  9159  9159 V Launcher: Launcher.onResume()
02-08 17:40:22.714   444 18706 I VDO_LOG : [tid: 18706] =benc 278, max 19726, min 123, avg 222==enc 8887, max 12700, min 7227, avg 8902==aenc 62, max 1437, min 0, avg 81==init 78, max 694, min 39, avg 69==frm 9093, max 28580, min 0, avg 9059==deinit 50, max 1425, min 0, avg 68==flush 107, max 19633, min 40, avg 94=
02-08 17:40:22.714   444 18706 D MtkOmxVenc: [0xeb2fb000] AVC EncTime=10, RGB_2_YUV=0, FrameCount= 2103, buf timestamp=9658043 (9658043301) IsKey(0), Size(3016)  Slotbitcount(144768) : in VA=0xE9A07160, offset=0x00000000, len=8, flags=0x00000010 : out VA=0xE8F89000, offset=0x00000000
02-08 17:40:22.715   444 18706 D MtkOmxVenc: [0xeb2fb000] eb2fb000 EBD (0xE9A460E0) (0xE9A07160), mNumPendingInput(0)
02-08 17:40:22.715   444 18706 D MtkOmxVenc: [0xeb2fb000] eb2fb000 FBD (0xEB2A3700) (0xE8F89000) 9658043301 (3016), mNumPendingOutput(7)
02-08 17:40:22.720   444 18705 D MtkOmxVenc: [0xeb2fb000] eb2fb000 ETB (0xEB2A3850) (0xEB2FF5A0) (8), mNumPendingInput(1)
02-08 17:40:22.721   444 18706 D MtkOmxMVAMgr: [0xe9a27060] [ION][FreeBuffer] entry=0xeb2a1500, va=0xe799f000, pa=0x3d00000,size=0xf2790, srcFd=0x0000002B, fd=0x0000003E, bufHdr=0x00000000
02-08 17:40:22.721 18676 18693 D ACodec  : give LatencyToken 2103, 3016
02-08 17:40:22.721   444 18706 D MtkOmxMVAMgr: [0xe9a27060] ION share_fd 62, size (993168), va (0xE799F000)
02-08 17:40:22.721   444 18706 D MtkOmxMVAMgr: [0xe9a27060] IonBuffer: entry(0xeb2a1500), va(0xe799f000), mva:(0x03d00000), ion_buf_handle (0x00000001)
02-08 17:40:22.721   444 18706 D MtkOmxVenc: [0xeb2fb000] FrameBuf : handle = 0xeb2d33c0, VA = 0xe799f000, PA = 0x3d00000, format=HAL_PIXEL_FORMAT_YV12(0x32315659), ion=43
02-08 17:40:22.721   444 18706 I VDO_LOG : Y:3D00000, U:3DC8640, V:3DA0500
02-08 17:40:22.722 18676 18693 D ACodec  : [OMX.MTK.VIDEO.ENCODER.AVC] onOutputBufferDrained ID d
02-08 17:40:22.722   444 18705 D MtkOmxVenc: [0xeb2fb000] eb2fb000 FTB (0xEB2A3700) (0xE8F89000) (1048576), mNumPendingOutput(8)
02-08 17:40:22.730   444 18706 I VDO_LOG : [tid: 18706] =benc 301, max 19726, min 123, avg 222==enc 8855, max 12700, min 7227, avg 8902==aenc 56, max 1437, min 0, avg 81==init 71, max 694, min 39, avg 69==frm 9092, max 28580, min 0, avg 9059==deinit 47, max 1425, min 0, avg 68==flush 132, max 19633, min 40, avg 94=
02-08 17:40:22.731   444 18706 D MtkOmxVenc: [0xeb2fb000] AVC EncTime=10, RGB_2_YUV=0, FrameCount= 2104, buf timestamp=9658058 (9658058446) IsKey(0), Size(4163)  Slotbitcount(178072) : in VA=0xEB2FF5A0, offset=0x00000000, len=8, flags=0x00000010 : out VA=0xE8600000, offset=0x00000000
02-08 17:40:22.731   444 18706 D MtkOmxVenc: [0xeb2fb000] eb2fb000 EBD (0xEB2A3850) (0xEB2FF5A0), mNumPendingInput(0)
02-08 17:40:22.731   444 18706 D MtkOmxVenc: [0xeb2fb000] eb2fb000 FBD (0xE9A46150) (0xE8600000) 9658058446 (4163), mNumPendingOutput(7)
02-08 17:40:22.731   444 18709 E GraphicBufferSource: mLatestBufferUseCount is already 0.
02-08 17:40:22.731 18676 18693 D ACodec  : give LatencyToken 2104, 4163
02-08 17:40:22.732 18676 18693 D ACodec  : [OMX.MTK.VIDEO.ENCODER.AVC] onOutputBufferDrained ID e
02-08 17:40:22.732   444 18705 D MtkOmxVenc: [0xeb2fb000] eb2fb000 FTB (0xE9A46150) (0xE8600000) (1048576), mNumPendingOutput(8)
02-08 17:40:22.737  1067  1284 D DisplayManagerService: Display listener for pid 16212 died.
02-08 17:40:22.737  1067  2014 D ConnectivityService: ConnectivityService NetworkRequestInfo binderDied(NetworkRequest [ id=80, legacyType=-1, [ Capabilities: INTERNET&NOT_RESTRICTED&TRUSTED] ], android.os.BinderProxy@8130df1)
02-08 17:40:22.737  1067  1415 D ConnectivityService: ConnectivityService NetworkRequestInfo binderDied(NetworkRequest [ id=81, legacyType=-1, [ Capabilities: INTERNET&NOT_RESTRICTED&TRUSTED] ], android.os.BinderProxy@7c28dd6)
02-08 17:40:22.737  1067 18955 D ActivityManager: handleAppDiedLocked: app = ProcessRecord{a35e362 16212:com.android.chrome/u0a36}, app.pid = 16212
02-08 17:40:22.737  1067  1241 D ConnectivityService: releasing NetworkRequest NetworkRequest [ id=80, legacyType=-1, [ Capabilities: INTERNET&NOT_RESTRICTED&TRUSTED] ]
02-08 17:40:22.737  1067 18955 D ActivityManager: cleanUpApplicationRecord -- 16212
02-08 17:40:22.738  1067 18955 D TpTimeOptimize: calculateAppMah: the cost of running time is 0
02-08 17:40:22.738  1067 18955 D BatteryStatsImpl: updateUidMah: uid is 10036 mLastTotalPowerMah is 0.0 mCurTotalPowerMah is 0.0 mCurBackgroundMah is 0.0
02-08 17:40:22.738  1067 18955 D TpTimeOptimize: updateUidMah: the cost of running time is 0
02-08 17:40:22.741  1067  1241 E ConnectivityService: RemoteException caught trying to send a callback msg for NetworkRequest [ id=80, legacyType=-1, [ Capabilities: INTERNET&NOT_RESTRICTED&TRUSTED] ]
02-08 17:40:22.741  1067  1241 D ConnectivityService: releasing NetworkRequest NetworkRequest [ id=81, legacyType=-1, [ Capabilities: INTERNET&NOT_RESTRICTED&TRUSTED] ]
02-08 17:40:22.742  1067  1241 E ConnectivityService: RemoteException caught trying to send a callback msg for NetworkRequest [ id=81, legacyType=-1, [ Capabilities: INTERNET&NOT_RESTRICTED&TRUSTED] ]
02-08 17:40:22.742  1067  1086 D AppOps  : checkOperation(code = 43 uid = 1000 pkgName = android) - op == null, return default mode = 3
02-08 17:40:22.743   302   302 I hwcomposer: [JOB] ovl_0 is not enable, do not produce a job
02-08 17:40:22.743  1067  1086 D AppOps  : checkOperation(code = 43 uid = 1000 pkgName = android) - op == null, return default mode = 3
02-08 17:40:22.744  1067  1086 D AppOps  : checkOperation(code = 43 uid = 1000 pkgName = android) - op == null, return default mode = 3
02-08 17:40:22.746  1067  1086 D AppOps  : checkOperation(code = 43 uid = 1000 pkgName = android) - op == null, return default mode = 3
02-08 17:40:22.747  1067  1086 D AppOps  : checkOperation(code = 43 uid = 1000 pkgName = android) - op == null, return default mode = 3
02-08 17:40:22.748  1067  1086 D AppOps  : checkOperation(code = 43 uid = 1000 pkgName = android) - op == null, return default mode = 3
02-08 17:40:22.749  1067  1086 D AppOps  : checkOperation(code = 43 uid = 1000 pkgName = android) - op == null, return default mode = 3
02-08 17:40:22.751  1067  1086 D AppOps  : checkOperation(code = 43 uid = 1000 pkgName = android) - op == null, return default mode = 3
02-08 17:40:22.752  1067  1086 D AppOps  : checkOperation(code = 43 uid = 1000 pkgName = android) - op == null, return default mode = 3
02-08 17:40:22.753   444 18705 D MtkOmxVenc: [0xeb2fb000] eb2fb000 ETB (0xEB2A3850) (0xEB2FF5A0) (8), mNumPendingInput(1)
02-08 17:40:22.753   444 18706 D MtkOmxMVAMgr: [0xe9a27060] [ION][FreeBuffer] entry=0xeb2a1530, va=0xe77b9000, pa=0x4500000,size=0xf2790, srcFd=0x0000003A, fd=0x00000045, bufHdr=0x00000000
02-08 17:40:22.753  1067  1086 D AppOps  : checkOperation(code = 43 uid = 1000 pkgName = android) - op == null, return default mode = 3
02-08 17:40:22.753   444 18706 D MtkOmxMVAMgr: [0xe9a27060] ION share_fd 69, size (993168), va (0xE77B9000)
02-08 17:40:22.753   444 18706 D MtkOmxMVAMgr: [0xe9a27060] IonBuffer: entry(0xeb2a1530), va(0xe77b9000), mva:(0x04500000), ion_buf_handle (0x00000002)
02-08 17:40:22.753   444 18706 D MtkOmxVenc: [0xeb2fb000] FrameBuf : handle = 0xe9a033c0, VA = 0xe77b9000, PA = 0x4500000, format=HAL_PIXEL_FORMAT_YV12(0x32315659), ion=58
02-08 17:40:22.754   444 18706 I VDO_LOG : Y:4500000, U:45C8640, V:45A0500
02-08 17:40:22.754  1067  1086 D AppOps  : checkOperation(code = 43 uid = 1000 pkgName = android) - op == null, return default mode = 3
02-08 17:40:22.755  1067  1086 D AppOps  : checkOperation(code = 43 uid = 1000 pkgName = android) - op == null, return default mode = 3
02-08 17:40:22.756  1067  1086 D AppOps  : checkOperation(code = 43 uid = 1000 pkgName = android) - op == null, return default mode = 3
02-08 17:40:22.757  1067  1086 D AppOps  : checkOperation(code = 43 uid = 1000 pkgName = android) - op == null, return default mode = 3
02-08 17:40:22.758  1067  1086 D AppOps  : checkOperation(code = 43 uid = 1000 pkgName = android) - op == null, return default mode = 3
02-08 17:40:22.759  1067  1086 D AppOps  : checkOperation(code = 43 uid = 1000 pkgName = android) - op == null, return default mode = 3
02-08 17:40:22.759   302   302 I hwcomposer: [JOB] ovl_0 is not enable, do not produce a job
02-08 17:40:22.760  1067  1086 D AppOps  : checkOperation(code = 43 uid = 1000 pkgName = android) - op == null, return default mode = 3
02-08 17:40:22.761  1067  1086 D AppOps  : checkOperation(code = 43 uid = 1000 pkgName = android) - op == null, return default mode = 3
02-08 17:40:22.762  1067  1086 D AppOps  : checkOperation(code = 43 uid = 1000 pkgName = android) - op == null, return default mode = 3
02-08 17:40:22.763   444 18706 I VDO_LOG : [tid: 18706] =benc 221, max 19726, min 123, avg 222==enc 8884, max 12700, min 7227, avg 8902==aenc 100, max 1437, min 0, avg 81==init 66, max 694, min 39, avg 69==frm 9050, max 28580, min 0, avg 9059==deinit 84, max 1425, min 0, avg 68==flush 78, max 19633, min 40, avg 94=
02-08 17:40:22.763   444 18706 D MtkOmxVenc: [0xeb2fb000] AVC EncTime=10, RGB_2_YUV=0, FrameCount= 2105, buf timestamp=9658091 (9658091461) IsKey(0), Size(4322)  Slotbitcount(212648) : in VA=0xEB2FF5A0, offset=0x00000000, len=8, flags=0x00000010 : out VA=0xE8500000, offset=0x00000000
02-08 17:40:22.763   444 18706 D MtkOmxVenc: [0xeb2fb000] eb2fb000 EBD (0xEB2A3850) (0xEB2FF5A0), mNumPendingInput(0)
02-08 17:40:22.763   444 18706 D MtkOmxVenc: [0xeb2fb000] eb2fb000 FBD (0xEB2A38C0) (0xE8500000) 9658091461 (4322), mNumPendingOutput(7)
02-08 17:40:22.764  1067  1086 D AppOps  : checkOperation(code = 43 uid = 1000 pkgName = android) - op == null, return default mode = 3
02-08 17:40:22.765  9159  9159 V PhoneWindow: DecorView setVisiblity: visibility = 0, Parent = ViewRoot{83b32d0 com.launcher.nicelauncher/com.nice.launcher.Launcher,ident = 0}, this = DecorView@1356599[Launcher]
02-08 17:40:22.765  1067  1086 D AppOps  : checkOperation(code = 43 uid = 1000 pkgName = android) - op == null, return default mode = 3
02-08 17:40:22.767  1067  1086 D AppOps  : checkOperation(code = 43 uid = 1000 pkgName = android) - op == null, return default mode = 3
02-08 17:40:22.768  1067  1086 D AppOps  : checkOperation(code = 43 uid = 1000 pkgName = android) - op == null, return default mode = 3
02-08 17:40:22.768   444 18705 D MtkOmxVenc: [0xeb2fb000] eb2fb000 ETB (0xE9A460E0) (0xE9A07160) (8), mNumPendingInput(1)
02-08 17:40:22.768   444 18706 D MtkOmxMVAMgr: [0xe9a27060] [ION][FreeBuffer] entry=0xeb2a1560, va=0xe76c6000, pa=0x4f00000,size=0xf2790, srcFd=0x00000048, fd=0x00000033, bufHdr=0x00000000
02-08 17:40:22.768   444 18706 D MtkOmxMVAMgr: [0xe9a27060] ION share_fd 51, size (993168), va (0xE76C6000)
02-08 17:40:22.768   444 18706 D MtkOmxMVAMgr: [0xe9a27060] IonBuffer: entry(0xeb2a1560), va(0xe76c6000), mva:(0x04f00000), ion_buf_handle (0x00000003)
02-08 17:40:22.768   444 18706 D MtkOmxVenc: [0xeb2fb000] FrameBuf : handle = 0xeb2d3180, VA = 0xe76c6000, PA = 0x4f00000, format=HAL_PIXEL_FORMAT_YV12(0x32315659), ion=72
02-08 17:40:22.768   444 18706 I VDO_LOG : Y:4F00000, U:4FC8640, V:4FA0500
02-08 17:40:22.769 18676 18693 D ACodec  : give LatencyToken 2105, 4322
02-08 17:40:22.769   302   302 I BufferQueue: [unnamed-302-83](this:0x7896c4f000,id:83,api:0,p:-1,c:-1) BufferQueue core=(302:/system/bin/surfaceflinger)
02-08 17:40:22.769  1067  1086 D AppOps  : checkOperation(code = 43 uid = 1000 pkgName = android) - op == null, return default mode = 3
02-08 17:40:22.769   302   302 I BufferQueueConsumer: [unnamed-302-83](this:0x7896c4f000,id:83,api:0,p:-1,c:302) connect(C): consumer=(302:/system/bin/surfaceflinger) controlledByApp=false
02-08 17:40:22.769   302   302 I BufferQueueConsumer: [unnamed-302-83](this:0x7896c4f000,id:83,api:0,p:-1,c:302) setConsumerName: unnamed-302-83
02-08 17:40:22.769   302   302 I BufferQueueConsumer: [SurfaceView - com.launcher.nicelauncher/com.nice.launcher.Launcher](this:0x7896c4f000,id:83,api:0,p:-1,c:302) setConsumerName: SurfaceView - com.launcher.nicelauncher/com.nice.launcher.Launcher
02-08 17:40:22.769   302   302 I BufferQueueProducer: [](this:0x7896c4f000,id:83,api:0,p:-1,c:302) setMaxDequeuedBufferCount: maxDequeuedBuffers = 2
02-08 17:40:22.770   302   302 I BufferQueueConsumer: [SurfaceView - com.launcher.nicelauncher/com.nice.launcher.Launcher](this:0x7896c4f000,id:83,api:0,p:-1,c:302) setDefaultBufferSize: width=1 height=1
02-08 17:40:22.770 18676 18693 D ACodec  : [OMX.MTK.VIDEO.ENCODER.AVC] onOutputBufferDrained ID f
02-08 17:40:22.770   444 18705 D MtkOmxVenc: [0xeb2fb000] eb2fb000 FTB (0xEB2A38C0) (0xE8500000) (1048576), mNumPendingOutput(8)
02-08 17:40:22.770  1067  1086 D AppOps  : checkOperation(code = 43 uid = 1000 pkgName = android) - op == null, return default mode = 3
02-08 17:40:22.771  1067  2010 V WindowManager: Looking for focus: 9 = Window{ad926a6 u0 StatusBar}, flags=-2122055608, canReceive=false
02-08 17:40:22.771  1067  2010 V WindowManager: findFocusedWindow: No focusable windows.
02-08 17:40:22.771  9159  9265 D SQLiteDatabase: beginTransaction()
02-08 17:40:22.771  1067  1086 D AppOps  : checkOperation(code = 43 uid = 1000 pkgName = android) - op == null, return default mode = 3
02-08 17:40:22.772  9159  9265 D SQLiteDatabase: endTransaction()
02-08 17:40:22.772  1067  1086 D AppOps  : checkOperation(code = 43 uid = 1000 pkgName = android) - op == null, return default mode = 3
02-08 17:40:22.776   302   302 I hwcomposer: [JOB] ovl_0 is not enable, do not produce a job
02-08 17:40:22.778   444 18706 I VDO_LOG : [tid: 18706] =benc 299, max 19726, min 123, avg 222==enc 8875, max 12700, min 7227, avg 8902==aenc 54, max 1437, min 0, avg 81==init 85, max 694, min 39, avg 69==frm 9097, max 28580, min 0, avg 9059==deinit 45, max 1425, min 0, avg 68==flush 141, max 19633, min 40, avg 94=
02-08 17:40:22.778   444 18706 D MtkOmxVenc: [0xeb2fb000] AVC EncTime=10, RGB_2_YUV=0, FrameCount= 2106, buf timestamp=9658106 (9658106858) IsKey(0), Size(4129)  Slotbitcount(245680) : in VA=0xE9A07160, offset=0x00000000, len=8, flags=0x00000010 : out VA=0xE8400000, offset=0x00000000
02-08 17:40:22.778   444 18706 D MtkOmxVenc: [0xeb2fb000] eb2fb000 EBD (0xE9A460E0) (0xE9A07160), mNumPendingInput(0)
02-08 17:40:22.778   444 18706 D MtkOmxVenc: [0xeb2fb000] eb2fb000 FBD (0xE9A46310) (0xE8400000) 9658106858 (4129), mNumPendingOutput(7)
02-08 17:40:22.778   444 18709 E GraphicBufferSource: mLatestBufferUseCount is already 0.
02-08 17:40:22.778 18676 18693 D ACodec  : give LatencyToken 2106, 4129
02-08 17:40:22.779 18676 18693 D ACodec  : [OMX.MTK.VIDEO.ENCODER.AVC] onOutputBufferDrained ID 10
02-08 17:40:22.784   444 18705 D MtkOmxVenc: [0xeb2fb000] eb2fb000 ETB (0xEB2A3850) (0xEB2FF5A0) (8), mNumPendingInput(1)
02-08 17:40:22.784   444 18705 D MtkOmxVenc: [0xeb2fb000] eb2fb000 FTB (0xE9A46310) (0xE8400000) (1048576), mNumPendingOutput(8)
02-08 17:40:22.784   444 18706 D MtkOmxMVAMgr: [0xe9a27060] [ION][FreeBuffer] entry=0xeb2a1500, va=0xe799f000, pa=0x3d00000,size=0xf2790, srcFd=0x0000002B, fd=0x0000003E, bufHdr=0x00000000
02-08 17:40:22.784   444 18706 D MtkOmxMVAMgr: [0xe9a27060] ION share_fd 62, size (993168), va (0xE799F000)
02-08 17:40:22.784   302   302 I BufferQueue: [unnamed-302-84](this:0x7896c50800,id:84,api:0,p:-1,c:-1) BufferQueue core=(302:/system/bin/surfaceflinger)
02-08 17:40:22.784   444 18706 D MtkOmxMVAMgr: [0xe9a27060] IonBuffer: entry(0xeb2a1500), va(0xe799f000), mva:(0x03d00000), ion_buf_handle (0x00000001)
02-08 17:40:22.784   444 18706 D MtkOmxVenc: [0xeb2fb000] FrameBuf : handle = 0xeb2d33c0, VA = 0xe799f000, PA = 0x3d00000, format=HAL_PIXEL_FORMAT_YV12(0x32315659), ion=43
02-08 17:40:22.785   302   302 I BufferQueueConsumer: [unnamed-302-84](this:0x7896c50800,id:84,api:0,p:-1,c:302) connect(C): consumer=(302:/system/bin/surfaceflinger) controlledByApp=false
02-08 17:40:22.785   302   302 I BufferQueueConsumer: [unnamed-302-84](this:0x7896c50800,id:84,api:0,p:-1,c:302) setConsumerName: unnamed-302-84
02-08 17:40:22.785   444 18706 I VDO_LOG : Y:3D00000, U:3DC8640, V:3DA0500
02-08 17:40:22.785   302   302 I BufferQueueConsumer: [com.launcher.nicelauncher/com.nice.launcher.Launcher](this:0x7896c50800,id:84,api:0,p:-1,c:302) setConsumerName: com.launcher.nicelauncher/com.nice.launcher.Launcher
02-08 17:40:22.785   302   302 I BufferQueueProducer: [](this:0x7896c50800,id:84,api:0,p:-1,c:302) setMaxDequeuedBufferCount: maxDequeuedBuffers = 2
02-08 17:40:22.785   302   302 I BufferQueueConsumer: [com.launcher.nicelauncher/com.nice.launcher.Launcher](this:0x7896c50800,id:84,api:0,p:-1,c:302) setDefaultBufferSize: width=720 height=1280
02-08 17:40:22.786  1067  1631 V WindowManager: Looking for focus: 9 = Window{ad926a6 u0 StatusBar}, flags=-2122055608, canReceive=false
02-08 17:40:22.787  1067  1631 V WindowManager: Changing focus from null to Window{c5b0b5 u0 com.launcher.nicelauncher/com.nice.launcher.Launcher} Callers=com.android.server.wm.WindowManagerService.relayoutWindow:3169 com.android.server.wm.Session.relayout:227 android.view.IWindowSession$Stub.onTransact:286 com.android.server.wm.Session.onTransact:148 
02-08 17:40:22.787  1067  1631 D WindowManager: Input focus has changed to Window{c5b0b5 u0 com.launcher.nicelauncher/com.nice.launcher.Launcher}
02-08 17:40:22.787  1323  1323 D PhoneStatusBar: hiding the MENU button
02-08 17:40:22.788  1323  1323 D PhoneStatusBar: hiding the MENU button
02-08 17:40:22.790  9159  9266 D OpenGLRenderer: CanvasContext() 0x7ca6197000 initialize window=0x7c9dcca000, title=com.launcher.nicelauncher/com.nice.launcher.Launcher
02-08 17:40:22.790  1067  1092 I WindowManager: Focus moving from null to Window{c5b0b5 u0 com.launcher.nicelauncher/com.nice.launcher.Launcher}
02-08 17:40:22.790  1067  1092 I WindowManager: Gaining focus: Window{c5b0b5 u0 com.launcher.nicelauncher/com.nice.launcher.Launcher}
02-08 17:40:22.790  9159  9266 D Surface : Surface::connect(this=0x7c9dcca000,api=1)
02-08 17:40:22.790   302   327 I BufferQueueProducer: [com.launcher.nicelauncher/com.nice.launcher.Launcher](this:0x7896c50800,id:84,api:1,p:9159,c:302) connect(P): api=1 producer=(9159:com.launcher.nicelauncher) producerControlledByApp=true
02-08 17:40:22.790  9159  9266 W libEGL  : [ANDROID_RECORDABLE] format: 1
02-08 17:40:22.792  9159  9266 D mali_winsys: EGLint new_window_surface(egl_winsys_display*, void*, EGLSurface, EGLConfig, egl_winsys_surface**, egl_color_buffer_format*, EGLBoolean) returns 0x3000
02-08 17:40:22.792   302   302 I hwcomposer: [JOB] ovl_0 is not enable, do not produce a job
02-08 17:40:22.794   444 18706 I VDO_LOG : [tid: 18706] =benc 213, max 19726, min 123, avg 222==enc 8876, max 12700, min 7227, avg 8902==aenc 57, max 1437, min 0, avg 81==init 66, max 694, min 39, avg 69==frm 9033, max 28580, min 0, avg 9059==deinit 47, max 1425, min 0, avg 68==flush 81, max 19633, min 40, avg 94=
02-08 17:40:22.794   444 18706 D MtkOmxVenc: [0xeb2fb000] AVC EncTime=10, RGB_2_YUV=0, FrameCount= 2107, buf timestamp=9658123 (9658123230) IsKey(0), Size(4294)  Slotbitcount(280032) : in VA=0xEB2FF5A0, offset=0x00000000, len=8, flags=0x00000010 : out VA=0xE8300000, offset=0x00000000
02-08 17:40:22.794   444 18706 D MtkOmxVenc: [0xeb2fb000] eb2fb000 EBD (0xEB2A3850) (0xEB2FF5A0), mNumPendingInput(0)
02-08 17:40:22.794   444 18706 D MtkOmxVenc: [0xeb2fb000] eb2fb000 FBD (0xEB2A3770) (0xE8300000) 9658123230 (4294), mNumPendingOutput(7)
02-08 17:40:22.794   444 18709 E GraphicBufferSource: mLatestBufferUseCount is already 0.
02-08 17:40:22.794 18676 18693 D ACodec  : give LatencyToken 2107, 4294
02-08 17:40:22.795 18676 18693 D ACodec  : [OMX.MTK.VIDEO.ENCODER.AVC] onOutputBufferDrained ID 11
02-08 17:40:22.796   444 18705 D MtkOmxVenc: [0xeb2fb000] eb2fb000 FTB (0xEB2A3770) (0xE8300000) (1048576), mNumPendingOutput(8)
02-08 17:40:22.797  1323  1323 D SystemServicesProxy: getTopMostTask: tasks: 225
02-08 17:40:22.800  1067 18955 D AppOps  : noteOperation: reject #0 for code 51 (51) uid 10281 package com.launcher.nicelauncher
02-08 17:40:22.800   444 18705 D MtkOmxVenc: [0xeb2fb000] eb2fb000 ETB (0xEB2A3850) (0xEB2FF5A0) (8), mNumPendingInput(1)
02-08 17:40:22.801   444 18706 D MtkOmxMVAMgr: [0xe9a27060] [ION][FreeBuffer] entry=0xeb2a1530, va=0xe77b9000, pa=0x4500000,size=0xf2790, srcFd=0x0000003A, fd=0x00000045, bufHdr=0x00000000
02-08 17:40:22.801   444 18706 D MtkOmxMVAMgr: [0xe9a27060] ION share_fd 69, size (993168), va (0xE77B9000)
02-08 17:40:22.801   444 18706 D MtkOmxMVAMgr: [0xe9a27060] IonBuffer: entry(0xeb2a1530), va(0xe77b9000), mva:(0x04500000), ion_buf_handle (0x00000002)
02-08 17:40:22.801   444 18706 D MtkOmxVenc: [0xeb2fb000] FrameBuf : handle = 0xe9a033c0, VA = 0xe77b9000, PA = 0x4500000, format=HAL_PIXEL_FORMAT_YV12(0x32315659), ion=58
02-08 17:40:22.801   444 18706 I VDO_LOG : Y:4500000, U:45C8640, V:45A0500
02-08 17:40:22.804  9159  9265 D SQLiteDatabase: beginTransaction()
02-08 17:40:22.806  9159  9265 D SQLiteDatabase: endTransaction()
02-08 17:40:22.806   302   329 I BufferQueueProducer: [com.launcher.nicelauncher/com.nice.launcher.Launcher](this:0x7896c50800,id:84,api:1,p:9159,c:302) new GraphicBuffer needed
02-08 17:40:22.807   302   329 D GraphicBuffer: alloc, handle(0x7896c358c0) (w:720 h:1280 s:720 f:0x1 u:0x000b00) err(0)
02-08 17:40:22.808  9159  9266 D GraphicBuffer: register, handle(0x7c9da47d40) (w:720 h:1280 s:720 f:0x1 u:0x000b00)
02-08 17:40:22.810   444 18706 I VDO_LOG : [tid: 18706] =benc 216, max 19726, min 123, avg 222==enc 8853, max 12700, min 7227, avg 8902==aenc 59, max 1437, min 0, avg 81==init 66, max 694, min 39, avg 69==frm 9011, max 28580, min 0, avg 9059==deinit 48, max 1425, min 0, avg 68==flush 77, max 19633, min 40, avg 94=
02-08 17:40:22.810   444 18706 D MtkOmxVenc: [0xeb2fb000] AVC EncTime=9, RGB_2_YUV=0, FrameCount= 2108, buf timestamp=9658139 (9658139896) IsKey(0), Size(4320)  Slotbitcount(314592) : in VA=0xEB2FF5A0, offset=0x00000000, len=8, flags=0x00000010 : out VA=0xE8200000, offset=0x00000000
02-08 17:40:22.811   444 18706 D MtkOmxVenc: [0xeb2fb000] eb2fb000 EBD (0xEB2A3850) (0xEB2FF5A0), mNumPendingInput(0)
02-08 17:40:22.811   444 18706 D MtkOmxVenc: [0xeb2fb000] eb2fb000 FBD (0xE9A46380) (0xE8200000) 9658139896 (4320), mNumPendingOutput(7)
02-08 17:40:22.811   444 18709 E GraphicBufferSource: mLatestBufferUseCount is already 0.
02-08 17:40:22.811 18676 18693 D ACodec  : give LatencyToken 2108, 4320
02-08 17:40:22.812 18676 18693 D ACodec  : [OMX.MTK.VIDEO.ENCODER.AVC] onOutputBufferDrained ID 12
02-08 17:40:22.812   302  1103 I BufferQueueProducer: [com.launcher.nicelauncher/com.nice.launcher.Launcher](this:0x7896c50800,id:84,api:1,p:9159,c:302) new GraphicBuffer needed
02-08 17:40:22.812   444 18705 D MtkOmxVenc: [0xeb2fb000] eb2fb000 FTB (0xE9A46380) (0xE8200000) (1048576), mNumPendingOutput(8)
02-08 17:40:22.816   302  1103 D GraphicBuffer: alloc, handle(0x789be240c0) (w:720 h:1280 s:720 f:0x1 u:0x000b00) err(0)
02-08 17:40:22.817  9159  9266 D GraphicBuffer: register, handle(0x7c9db8a300) (w:720 h:1280 s:720 f:0x1 u:0x000b00)
02-08 17:40:22.817  9159  9265 D SQLiteDatabase: beginTransaction()
02-08 17:40:22.819  1323  1323 D PhoneStatusBar: hiding the MENU button
02-08 17:40:22.819  9159  9265 D SQLiteDatabase: endTransaction()
02-08 17:40:22.820  9159  9159 V InputMethodManager: onWindowFocus: null softInputMode=288 first=true flags=#81910100
02-08 17:40:22.824   302   302 D MALI    : eglCreateImageKHR:513: [Crop] 0 0 0 0  img[720 1280] 
02-08 17:40:22.825   302   302 I hwcomposer: [JOB] ovl_0 is not enable, do not produce a job
02-08 17:40:22.828  1067  1632 D DisplayManagerService: Display listener for pid 19378 died.
02-08 17:40:22.828  1067  2014 D GraphicsStats: Buffer count: 4
02-08 17:40:22.828   302  1661 D GuiExt  : [GuiExtS] binder of dump tunnel(RB-0x7cc4d4c900) died
02-08 17:40:22.828   302   329 I SurfaceFlinger: EventThread Client Pid (19378) disconnected by (302)
02-08 17:40:22.828   302   329 I SurfaceFlinger: EventThread Client Pid (19378) disconnected by (302)
02-08 17:40:22.828   302   329 I SurfaceFlinger: EventThread Client Pid (19378) disconnected by (302)
02-08 17:40:22.828  1067  1631 D ActivityManager: handleAppDiedLocked: app = ProcessRecord{8c48a29 19378:com.app09/u0a458}, app.pid = 19378
02-08 17:40:22.828  1067  1631 D ActivityManager: cleanUpApplicationRecord -- 19378
02-08 17:40:22.829  1067  1631 D TpTimeOptimize: calculateAppMah: the cost of running time is 0
02-08 17:40:22.829  1067  1631 D BatteryStatsImpl: updateUidMah: uid is 10458 mLastTotalPowerMah is 0.0 mCurTotalPowerMah is 0.0 mCurBackgroundMah is 0.0
02-08 17:40:22.829  1067  1631 D TpTimeOptimize: updateUidMah: the cost of running time is 0
02-08 17:40:22.830  1067  1092 V WindowManager: Looking for focus: 9 = Window{ad926a6 u0 StatusBar}, flags=-2122055608, canReceive=false
02-08 17:40:22.831  1067  1092 D WindowManager: notifyActivityDrawnForKeyguard: waiting=false Callers=com.android.server.wm.WindowSurfacePlacer.handleAppTransitionReadyLocked:1227 com.android.server.wm.WindowSurfacePlacer.performSurfacePlacementInner:337 com.android.server.wm.WindowSurfacePlacer.performSurfacePlacementLoop:235 com.android.server.wm.WindowSurfacePlacer.performSurfacePlacement:183 com.android.server.wm.WindowManagerService$H.handleMessage:8468 
02-08 17:40:22.833   444 18705 D MtkOmxVenc: [0xeb2fb000] eb2fb000 ETB (0xEB2A3850) (0xEB2FF5A0) (8), mNumPendingInput(1)
02-08 17:40:22.834   444 18706 D MtkOmxMVAMgr: [0xe9a27060] [ION][FreeBuffer] entry=0xeb2a1560, va=0xe76c6000, pa=0x4f00000,size=0xf2790, srcFd=0x00000048, fd=0x00000033, bufHdr=0x00000000
02-08 17:40:22.834  1067  1095 D DisplayPowerController: updatePowerState: policy=BRIGHT, useProximitySensor=false, screenBrightness=200, screenAutoBrightnessAdjustment=0.0, brightnessSetByUser=false, useAutoBrightness=false, blockScreenOn=false, lowPowerMode=false, boostScreenBrightness=false, dozeScreenBrightness=-1, dozeScreenState=UNKNOWN, useTwilight=false, wakeupByFingerprint=false, mWaitingForNegativeProximity=false, autoBrightnessAdjustmentChanged=false, mustNotify=true, mWakeUpByFingerprint=false
02-08 17:40:22.834  1067  1095 D DisplayPowerController: ABC configure: enabledInDoze=false, autoBrightnessEnabled =false, lowDimmingProtectionEnabled=false, adjustment=0.0, state=2, brightness=-1, autoBrightnessAdjustmentChanged=false, brightnessSetByUser=false
02-08 17:40:22.834   444 18706 D MtkOmxMVAMgr: [0xe9a27060] ION share_fd 51, size (993168), va (0xE76C6000)
02-08 17:40:22.834  1067  1095 D DisplayPowerController: Animating brightness: target=200, rate=200
02-08 17:40:22.834   444 18706 D MtkOmxMVAMgr: [0xe9a27060] IonBuffer: entry(0xeb2a1560), va(0xe76c6000), mva:(0x04f00000), ion_buf_handle (0x00000003)
02-08 17:40:22.834   444 18706 D MtkOmxVenc: [0xeb2fb000] FrameBuf : handle = 0xeb2d3180, VA = 0xe76c6000, PA = 0x4f00000, format=HAL_PIXEL_FORMAT_YV12(0x32315659), ion=72
02-08 17:40:22.834   444 18706 I VDO_LOG : Y:4F00000, U:4FC8640, V:4FA0500
02-08 17:40:22.836  1067  1284 I WindowManager: WIN DEATH: Window{9955230 u0 com.app09/com.app09.MainActivity}
02-08 17:40:22.836  1269  1269 I GoogleInputMethodServic: GoogleInputMethodService.onFinishInput():3416 
02-08 17:40:22.837  1269  1269 I GoogleInputMethodServic: GoogleInputMethodService.onStartInput():1975 
02-08 17:40:22.839  1067  1284 I WindowManager: Destroying surface Surface(name=com.app09/com.app09.MainActivity) called by com.android.server.wm.WindowStateAnimator.destroySurface:2157 com.android.server.wm.WindowStateAnimator.destroySurfaceLocked:948 com.android.server.wm.WindowState.removeLocked:1469 com.android.server.wm.WindowManagerService.removeWindowInnerLocked:2705 com.android.server.wm.WindowManagerService.removeWindowLocked:2653 com.android.server.wm.WindowState$DeathRecipient.binderDied:1800 android.os.BinderProxy.sendDeathNotice:695 <bottom of call stack> 
02-08 17:40:22.839   302   302 I BufferQueueConsumer: [com.app09/com.app09.MainActivity](this:0x7896c14800,id:79,api:1,p:-1,c:-1) disconnect(C)
02-08 17:40:22.840   302   302 I hwcomposer: [JOB] ovl_0 is not enable, do not produce a job
02-08 17:40:22.841   302   329 I BufferQueue: [com.app09/com.app09.MainActivity](this:0x7896c14800,id:79,api:1,p:-1,c:-1) ~BufferQueueCore
02-08 17:40:22.841  1067  1415 D ConnectivityService: allowed status for uid 10281 when rule is 0 (NONE): true
02-08 17:40:22.841  1067  1415 I NetworkIdentity: buildNetworkIdentity:
02-08 17:40:22.842  1067  1415 I NetworkIdentity: networkId = pashaHS
02-08 17:40:22.842  1067  1415 D ConnectivityService: getActiveNetworkInfo networkInfo = [type: WIFI[], state: CONNECTED/CONNECTED, reason: (unspecified), extra: "pashaHS", failover: false, available: true, roaming: false, metered: false, captiveportal: false]
02-08 17:40:22.842  1067  1284 V WindowManager: Looking for focus: 8 = Window{ad926a6 u0 StatusBar}, flags=-2122055608, canReceive=false
02-08 17:40:22.843  1871  2298 E PBSessionCacheImpl: sessionId[8230389342084275] not persisted.
02-08 17:40:22.843   444 18706 I VDO_LOG : [tid: 18706] =benc 284, max 19726, min 123, avg 222==enc 8918, max 12700, min 7227, avg 8902==aenc 76, max 1437, min 0, avg 81==init 81, max 694, min 39, avg 69==frm 9130, max 28580, min 0, avg 9059==deinit 63, max 1425, min 0, avg 68==flush 138, max 19633, min 40, avg 94=
02-08 17:40:22.844   444 18706 D MtkOmxVenc: [0xeb2fb000] AVC EncTime=9, RGB_2_YUV=0, FrameCount= 2109, buf timestamp=9658172 (9658172661) IsKey(0), Size(4270)  Slotbitcount(348752) : in VA=0xEB2FF5A0, offset=0x00000000, len=8, flags=0x00000010 : out VA=0xE800D000, offset=0x00000000
02-08 17:40:22.844   444 18706 D MtkOmxVenc: [0xeb2fb000] eb2fb000 EBD (0xEB2A3850) (0xEB2FF5A0), mNumPendingInput(0)
02-08 17:40:22.844   444 18706 D MtkOmxVenc: [0xeb2fb000] eb2fb000 FBD (0xEB2A3930) (0xE800D000) 9658172661 (4270), mNumPendingOutput(7)
02-08 17:40:22.844   444 18709 E GraphicBufferSource: mLatestBufferUseCount is already 0.
02-08 17:40:22.844 18676 18693 D ACodec  : give LatencyToken 2109, 4270
02-08 17:40:22.845 18676 18693 D ACodec  : [OMX.MTK.VIDEO.ENCODER.AVC] onOutputBufferDrained ID 13
02-08 17:40:22.846   302  1661 I SurfaceFlinger: [SF client] DEL(0x78966bda40) for (1067:system_server)
02-08 17:40:22.849  1871 19176 I PBSessionCacheImpl: Deleted sessionId[8230389342084275] from persistence.
02-08 17:40:22.849  9159  9207 D SQLiteDatabase: beginTransaction()
02-08 17:40:22.850  1067 18953 D PowerManagerService: releaseWakeLockInternal: lock=131973045 [*launch*], flags=0x0, total_time=186ms
02-08 17:40:22.850  1067 18953 D PowerManagerNotifier: onWakeLockReleased: flags=1, tag="*launch*", packageName=android, ownerUid=1000, ownerPid=1067, workSource=WorkSource{10281}
02-08 17:40:22.850   444 18705 D MtkOmxVenc: [0xeb2fb000] eb2fb000 ETB (0xEB2A3850) (0xEB2FF5A0) (8), mNumPendingInput(1)
02-08 17:40:22.850   444 18705 D MtkOmxVenc: [0xeb2fb000] eb2fb000 FTB (0xEB2A3930) (0xE800D000) (1048576), mNumPendingOutput(8)
02-08 17:40:22.851   444 18706 D MtkOmxMVAMgr: [0xe9a27060] [ION][FreeBuffer] entry=0xeb2a1500, va=0xe799f000, pa=0x3d00000,size=0xf2790, srcFd=0x0000002B, fd=0x0000003E, bufHdr=0x00000000
02-08 17:40:22.851   444 18706 D MtkOmxMVAMgr: [0xe9a27060] ION share_fd 62, size (993168), va (0xE799F000)
02-08 17:40:22.851   444 18706 D MtkOmxMVAMgr: [0xe9a27060] IonBuffer: entry(0xeb2a1500), va(0xe799f000), mva:(0x03d00000), ion_buf_handle (0x00000001)
02-08 17:40:22.851   444 18706 D MtkOmxVenc: [0xeb2fb000] FrameBuf : handle = 0xeb2d33c0, VA = 0xe799f000, PA = 0x3d00000, format=HAL_PIXEL_FORMAT_YV12(0x32315659), ion=43
02-08 17:40:22.851   444 18706 I VDO_LOG : Y:3D00000, U:3DC8640, V:3DA0500
02-08 17:40:22.851   302   302 D GraphicBuffer: free, handle(0x7896d4dcc0) (w:720 h:1280 s:720 f:0x1 u:0x000b00)
02-08 17:40:22.852  1323  1556 D Surface : Surface::disconnect(this=0x7c99697400,api=1)
02-08 17:40:22.853   302  1103 I BufferQueueProducer: [com.android.systemui/com.android.systemui.recents.RecentsActivity](this:0x7896c13000,id:81,api:1,p:-1,c:302) disconnect(P): api 1
02-08 17:40:22.853   302  1103 I BufferQueueConsumer: [com.android.systemui/com.android.systemui.recents.RecentsActivity](this:0x7896c13000,id:81,api:1,p:-1,c:302) getReleasedBuffers: returning mask 0xffffffffffffffff
02-08 17:40:22.853   302  1103 D GraphicBuffer: free, handle(0x7896d4e500) (w:720 h:1280 s:720 f:0x1 u:0x000b00)
02-08 17:40:22.853   302  1103 D GraphicBuffer: free, handle(0x7898f7d6c0) (w:720 h:1280 s:720 f:0x1 u:0x000b00)
02-08 17:40:22.854  1323  1556 D GraphicBuffer: unregister, handle(0x7ca4657000) (w:720 h:1280 s:720 f:0x1 u:0x000b00)
02-08 17:40:22.854  1323  1556 D GraphicBuffer: unregister, handle(0x7ca46597c0) (w:720 h:1280 s:720 f:0x1 u:0x000b00)
02-08 17:40:22.855  1323  1556 D GraphicBuffer: unregister, handle(0x7c997c2200) (w:720 h:1280 s:720 f:0x1 u:0x000b00)
02-08 17:40:22.855  1067  1086 D AppOps  : checkOperation(code = 43 uid = 1000 pkgName = android) - op == null, return default mode = 3
02-08 17:40:22.855  1323  1556 D Surface : Surface::disconnect(this=0x7c99697400,api=1)
02-08 17:40:22.855   302   329 I BufferQueueProducer: [com.launcher.nicelauncher/com.nice.launcher.Launcher](this:0x7896c50800,id:84,api:1,p:9159,c:302) new GraphicBuffer needed
02-08 17:40:22.855   302  7599 I BufferQueueProducer: [com.android.systemui/com.android.systemui.recents.RecentsActivity](this:0x7896c13000,id:81,api:1,p:-1,c:302) disconnect(P): api 1
02-08 17:40:22.857   302   329 D GraphicBuffer: alloc, handle(0x7896c35680) (w:720 h:1280 s:720 f:0x1 u:0x000b00) err(0)
02-08 17:40:22.857  1067  1086 D AppOps  : checkOperation(code = 43 uid = 1000 pkgName = android) - op == null, return default mode = 3
02-08 17:40:22.857   302   302 D MALI    : eglCreateImageKHR:513: [Crop] 0 0 0 0  img[720 1280] 
02-08 17:40:22.858  9159  9266 D GraphicBuffer: register, handle(0x7c9dc450c0) (w:720 h:1280 s:720 f:0x1 u:0x000b00)
02-08 17:40:22.859   302   302 I hwcomposer: [JOB] ovl_0 is not enable, do not produce a job
02-08 17:40:22.859  1067  1086 D AppOps  : checkOperation(code = 43 uid = 1000 pkgName = android) - op == null, return default mode = 3
02-08 17:40:22.859  1067  1609 D ConnectivityService: allowed status for uid 10024 when rule is 0 (NONE): true
02-08 17:40:22.859  1067  1609 I NetworkIdentity: buildNetworkIdentity:
02-08 17:40:22.859  1067  1609 I NetworkIdentity: networkId = pashaHS
02-08 17:40:22.859  1067  1609 D ConnectivityService: getActiveNetworkInfo networkInfo = [type: WIFI[], state: CONNECTED/CONNECTED, reason: (unspecified), extra: "pashaHS", failover: false, available: true, roaming: false, metered: false, captiveportal: false]
02-08 17:40:22.860  9159  9207 D SQLiteDatabase: endTransaction()
02-08 17:40:22.860  1067  1086 D AppOps  : checkOperation(code = 43 uid = 1000 pkgName = android) - op == null, return default mode = 3
02-08 17:40:22.860  1067 18955 D ConnectivityService: allowed status for uid 10024 when rule is 0 (NONE): true
02-08 17:40:22.861   444 18706 I VDO_LOG : [tid: 18706] =benc 303, max 19726, min 123, avg 222==enc 8954, max 12700, min 7227, avg 8902==aenc 122, max 1437, min 0, avg 81==init 86, max 694, min 39, avg 69==frm 9184, max 28580, min 0, avg 9059==deinit 104, max 1425, min 0, avg 68==flush 144, max 19633, min 40, avg 94=
02-08 17:40:22.861  1067 18955 D ConnectivityService: getActiveNetworkForUidInternal nai = NetworkAgentInfo [WIFI () - 102]
02-08 17:40:22.861   444 18706 D MtkOmxVenc: [0xeb2fb000] AVC EncTime=11, RGB_2_YUV=0, FrameCount= 2110, buf timestamp=9658189 (9658189364) IsKey(0), Size(3025)  Slotbitcount(372952) : in VA=0xEB2FF5A0, offset=0x00000000, len=8, flags=0x00000010 : out VA=0xE7F0D000, offset=0x00000000
02-08 17:40:22.861   444 18706 D MtkOmxVenc: [0xeb2fb000] eb2fb000 EBD (0xEB2A3850) (0xEB2FF5A0), mNumPendingInput(0)
02-08 17:40:22.861   444 18706 D MtkOmxVenc: [0xeb2fb000] eb2fb000 FBD (0xE9A463F0) (0xE7F0D000) 9658189364 (3025), mNumPendingOutput(7)
02-08 17:40:22.861   444 18709 E GraphicBufferSource: mLatestBufferUseCount is already 0.
02-08 17:40:22.861 18676 18693 D ACodec  : give LatencyToken 2110, 3025
02-08 17:40:22.862  1067  1086 D AppOps  : checkOperation(code = 43 uid = 1000 pkgName = android) - op == null, return default mode = 3
02-08 17:40:22.862 18676 18693 D ACodec  : [OMX.MTK.VIDEO.ENCODER.AVC] onOutputBufferDrained ID 14
