02-08 17:40:20.842  1067  1263 D DisplayManagerService: Update global display state (ON, 84) for DisplayDeviceInfo{"Built-in Screen": uniqueId="local:0", 720 x 1280, modeId 1, defaultModeId 1, supportedModes [{id=1, width=720, height=1280, fps=61.590004}], colorTransformId 1, defaultColorTransformId 1, supportedColorTransforms [{id=1, colorTransform=0}], HdrCapabilities android.view.Display$HdrCapabilities@e278911, density 320, 294.967 x 295.563 dpi, appVsyncOff 8300000, presDeadline 8936401, touch INTERNAL, rotation 0, type BUILT_IN, state ON, FLAG_DEFAULT_DISPLAY, FLAG_ROTATES_WITH_CONTENT, FLAG_SECURE, FLAG_SUPPORTS_PROTECTED_BUFFERS}
02-08 17:40:20.842  1067  1263 D LocalDisplayAdapter: setDisplayBrightness(id=0, brightness=84)
02-08 17:40:20.842  1067  1263 D lights  : write_int open fd=264
02-08 17:40:20.844   444 18706 I VDO_LOG : [tid: 18706] =benc 220, max 11976, min 123, avg 211==enc 8820, max 12700, min 7227, avg 8900==aenc 48, max 1437, min 0, avg 80==init 60, max 694, min 39, avg 68==frm 8985, max 20870, min 0, avg 9047==deinit 41, max 1425, min 0, avg 68==flush 87, max 11883, min 41, avg 85=
02-08 17:40:20.844   444 18706 D MtkOmxVenc: [0xeb2fb000] AVC EncTime=10, RGB_2_YUV=0, FrameCount= 2029, buf timestamp=9656174 (9656174303) IsKey(0), Size(25384)  Slotbitcount(2023552) : in VA=0xEB2FF5A0, offset=0x00000000, len=8, flags=0x00000010 : out VA=0xE800D000, offset=0x00000000
02-08 17:40:20.844   444 18706 D MtkOmxVenc: [0xeb2fb000] eb2fb000 EBD (0xEB2A3850) (0xEB2FF5A0), mNumPendingInput(0)
02-08 17:40:20.844   444 18706 D MtkOmxVenc: [0xeb2fb000] eb2fb000 FBD (0xEB2A3930) (0xE800D000) 9656174303 (25384), mNumPendingOutput(7)
02-08 17:40:20.844   444 18709 E GraphicBufferSource: mLatestBufferUseCount is already 0.
02-08 17:40:20.845 18676 18693 D ACodec  : give LatencyToken 2029, 25384
02-08 17:40:20.845 18676 18693 D ACodec  : [OMX.MTK.VIDEO.ENCODER.AVC] onOutputBufferDrained ID 13
02-08 17:40:20.845   444 18705 D MtkOmxVenc: [0xeb2fb000] eb2fb000 FTB (0xEB2A3930) (0xE800D000) (1048576), mNumPendingOutput(8)
02-08 17:40:20.859  1067  1263 D DisplayManagerService: Update global display state (ON, 87) for DisplayDeviceInfo{"Built-in Screen": uniqueId="local:0", 720 x 1280, modeId 1, defaultModeId 1, supportedModes [{id=1, width=720, height=1280, fps=61.590004}], colorTransformId 1, defaultColorTransformId 1, supportedColorTransforms [{id=1, colorTransform=0}], HdrCapabilities android.view.Display$HdrCapabilities@e278911, density 320, 294.967 x 295.563 dpi, appVsyncOff 8300000, presDeadline 8936401, touch INTERNAL, rotation 0, type BUILT_IN, state ON, FLAG_DEFAULT_DISPLAY, FLAG_ROTATES_WITH_CONTENT, FLAG_SECURE, FLAG_SUPPORTS_PROTECTED_BUFFERS}
02-08 17:40:20.859  1067  1263 D LocalDisplayAdapter: setDisplayBrightness(id=0, brightness=87)
02-08 17:40:20.859   302   302 I hwcomposer: [JOB] ovl_0 is not enable, do not produce a job
02-08 17:40:20.859  1067  1263 D lights  : write_int open fd=264
02-08 17:40:20.867   444 18705 D MtkOmxVenc: [0xeb2fb000] eb2fb000 ETB (0xEB2A3850) (0xEB2FF5A0) (8), mNumPendingInput(1)
02-08 17:40:20.867   444 18706 D MtkOmxMVAMgr: [0xe9a27060] [ION][FreeBuffer] entry=0xeb2a1560, va=0xe76c6000, pa=0x4f00000,size=0xf2790, srcFd=0x00000048, fd=0x00000033, bufHdr=0x00000000
02-08 17:40:20.867   444 18706 D MtkOmxMVAMgr: [0xe9a27060] ION share_fd 51, size (993168), va (0xE76C6000)
02-08 17:40:20.867   444 18706 D MtkOmxMVAMgr: [0xe9a27060] IonBuffer: entry(0xeb2a1560), va(0xe76c6000), mva:(0x04f00000), ion_buf_handle (0x00000003)
02-08 17:40:20.867   444 18706 D MtkOmxVenc: [0xeb2fb000] FrameBuf : handle = 0xeb2d3180, VA = 0xe76c6000, PA = 0x4f00000, format=HAL_PIXEL_FORMAT_YV12(0x32315659), ion=72
02-08 17:40:20.867   444 18706 I VDO_LOG : Y:4F00000, U:4FC8640, V:4FA0500
02-08 17:40:20.875   302   302 I hwcomposer: [JOB] ovl_0 is not enable, do not produce a job
02-08 17:40:20.875  1067  1263 D DisplayManagerService: Update global display state (ON, 90) for DisplayDeviceInfo{"Built-in Screen": uniqueId="local:0", 720 x 1280, modeId 1, defaultModeId 1, supportedModes [{id=1, width=720, height=1280, fps=61.590004}], colorTransformId 1, defaultColorTransformId 1, supportedColorTransforms [{id=1, colorTransform=0}], HdrCapabilities android.view.Display$HdrCapabilities@e278911, density 320, 294.967 x 295.563 dpi, appVsyncOff 8300000, presDeadline 8936401, touch INTERNAL, rotation 0, type BUILT_IN, state ON, FLAG_DEFAULT_DISPLAY, FLAG_ROTATES_WITH_CONTENT, FLAG_SECURE, FLAG_SUPPORTS_PROTECTED_BUFFERS}
02-08 17:40:20.875  1067  1263 D LocalDisplayAdapter: setDisplayBrightness(id=0, brightness=90)
02-08 17:40:20.876  1067  1263 D lights  : write_int open fd=264
02-08 17:40:20.876   444 18706 I VDO_LOG : [tid: 18706] =benc 222, max 11976, min 123, avg 211==enc 8827, max 12700, min 7227, avg 8900==aenc 52, max 1437, min 0, avg 80==init 61, max 694, min 39, avg 68==frm 8995, max 20870, min 0, avg 9047==deinit 44, max 1425, min 0, avg 68==flush 88, max 11883, min 41, avg 85=
02-08 17:40:20.876   444 18706 D MtkOmxVenc: [0xeb2fb000] AVC EncTime=9, RGB_2_YUV=0, FrameCount= 2030, buf timestamp=9656206 (9656206359) IsKey(0), Size(22947)  Slotbitcount(2207128) : in VA=0xEB2FF5A0, offset=0x00000000, len=8, flags=0x00000010 : out VA=0xE7F0D000, offset=0x00000000
02-08 17:40:20.876   444 18706 D MtkOmxVenc: [0xeb2fb000] eb2fb000 EBD (0xEB2A3850) (0xEB2FF5A0), mNumPendingInput(0)
02-08 17:40:20.877   444 18706 D MtkOmxVenc: [0xeb2fb000] eb2fb000 FBD (0xE9A463F0) (0xE7F0D000) 9656206359 (22947), mNumPendingOutput(7)
02-08 17:40:20.877   444 18709 E GraphicBufferSource: mLatestBufferUseCount is already 0.
02-08 17:40:20.877 18676 18693 D ACodec  : give LatencyToken 2030, 22947
02-08 17:40:20.878 18676 18693 D ACodec  : [OMX.MTK.VIDEO.ENCODER.AVC] onOutputBufferDrained ID 14
02-08 17:40:20.878   444 18705 D MtkOmxVenc: [0xeb2fb000] eb2fb000 FTB (0xE9A463F0) (0xE7F0D000) (1048576), mNumPendingOutput(8)
02-08 17:40:20.884   444 18705 D MtkOmxVenc: [0xeb2fb000] eb2fb000 ETB (0xEB2A3850) (0xEB2FF5A0) (8), mNumPendingInput(1)
02-08 17:40:20.884   444 18706 D MtkOmxMVAMgr: [0xe9a27060] [ION][FreeBuffer] entry=0xeb2a1500, va=0xe799f000, pa=0x3d00000,size=0xf2790, srcFd=0x0000002B, fd=0x0000003E, bufHdr=0x00000000
02-08 17:40:20.884   444 18706 D MtkOmxMVAMgr: [0xe9a27060] ION share_fd 62, size (993168), va (0xE799F000)
02-08 17:40:20.884   444 18706 D MtkOmxMVAMgr: [0xe9a27060] IonBuffer: entry(0xeb2a1500), va(0xe799f000), mva:(0x03d00000), ion_buf_handle (0x00000001)
02-08 17:40:20.884   444 18706 D MtkOmxVenc: [0xeb2fb000] FrameBuf : handle = 0xeb2d33c0, VA = 0xe799f000, PA = 0x3d00000, format=HAL_PIXEL_FORMAT_YV12(0x32315659), ion=43
02-08 17:40:20.884   444 18706 I VDO_LOG : Y:3D00000, U:3DC8640, V:3DA0500
02-08 17:40:20.891   302   302 I hwcomposer: [JOB] ovl_0 is not enable, do not produce a job
02-08 17:40:20.892  1067  1263 D DisplayManagerService: Update global display state (ON, 94) for DisplayDeviceInfo{"Built-in Screen": uniqueId="local:0", 720 x 1280, modeId 1, defaultModeId 1, supportedModes [{id=1, width=720, height=1280, fps=61.590004}], colorTransformId 1, defaultColorTransformId 1, supportedColorTransforms [{id=1, colorTransform=0}], HdrCapabilities android.view.Display$HdrCapabilities@e278911, density 320, 294.967 x 295.563 dpi, appVsyncOff 8300000, presDeadline 8936401, touch INTERNAL, rotation 0, type BUILT_IN, state ON, FLAG_DEFAULT_DISPLAY, FLAG_ROTATES_WITH_CONTENT, FLAG_SECURE, FLAG_SUPPORTS_PROTECTED_BUFFERS}
02-08 17:40:20.893  1067  1263 D LocalDisplayAdapter: setDisplayBrightness(id=0, brightness=94)
02-08 17:40:20.893  1067  1263 D lights  : write_int open fd=264
02-08 17:40:20.893   444 18706 I VDO_LOG : [tid: 18706] =benc 180, max 11976, min 123, avg 211==enc 8831, max 12700, min 7227, avg 8900==aenc 55, max 1437, min 0, avg 80==init 56, max 694, min 39, avg 68==frm 8963, max 20870, min 0, avg 9047==deinit 45, max 1425, min 0, avg 68==flush 69, max 11883, min 41, avg 85=
02-08 17:40:20.893   444 18706 D MtkOmxVenc: [0xeb2fb000] AVC EncTime=9, RGB_2_YUV=0, FrameCount= 2031, buf timestamp=9656223 (9656223436) IsKey(0), Size(25285)  Slotbitcount(2409408) : in VA=0xEB2FF5A0, offset=0x00000000, len=8, flags=0x00000010 : out VA=0xE8F89000, offset=0x00000000
02-08 17:40:20.893   444 18706 D MtkOmxVenc: [0xeb2fb000] eb2fb000 EBD (0xEB2A3850) (0xEB2FF5A0), mNumPendingInput(0)
02-08 17:40:20.893   444 18706 D MtkOmxVenc: [0xeb2fb000] eb2fb000 FBD (0xEB2A3700) (0xE8F89000) 9656223436 (25285), mNumPendingOutput(7)
02-08 17:40:20.894   444 18709 E GraphicBufferSource: mLatestBufferUseCount is already 0.
02-08 17:40:20.894 18676 18693 D ACodec  : give LatencyToken 2031, 25285
02-08 17:40:20.894 18676 18693 D ACodec  : [OMX.MTK.VIDEO.ENCODER.AVC] onOutputBufferDrained ID d
02-08 17:40:20.895   444 18705 D MtkOmxVenc: [0xeb2fb000] eb2fb000 FTB (0xEB2A3700) (0xE8F89000) (1048576), mNumPendingOutput(8)
02-08 17:40:20.900   444 18705 D MtkOmxVenc: [0xeb2fb000] eb2fb000 ETB (0xEB2A3850) (0xEB2FF5A0) (8), mNumPendingInput(1)
02-08 17:40:20.900   444 18706 D MtkOmxMVAMgr: [0xe9a27060] [ION][FreeBuffer] entry=0xeb2a1530, va=0xe77b9000, pa=0x4500000,size=0xf2790, srcFd=0x0000003A, fd=0x00000045, bufHdr=0x00000000
02-08 17:40:20.900   444 18706 D MtkOmxMVAMgr: [0xe9a27060] ION share_fd 69, size (993168), va (0xE77B9000)
02-08 17:40:20.900   444 18706 D MtkOmxMVAMgr: [0xe9a27060] IonBuffer: entry(0xeb2a1530), va(0xe77b9000), mva:(0x04500000), ion_buf_handle (0x00000002)
02-08 17:40:20.900   444 18706 D MtkOmxVenc: [0xeb2fb000] FrameBuf : handle = 0xe9a033c0, VA = 0xe77b9000, PA = 0x4500000, format=HAL_PIXEL_FORMAT_YV12(0x32315659), ion=58
02-08 17:40:20.901   444 18706 I VDO_LOG : Y:4500000, U:45C8640, V:45A0500
02-08 17:40:20.908   302   302 I hwcomposer: [JOB] ovl_0 is not enable, do not produce a job
02-08 17:40:20.908   303   639 I MAL-Daemon:  (      mfi_task_bootstrap,  400) mfi_task_bootstrap(): an event EVENT_ATMNGR_URC(18) incoming from FD 27!!
02-08 17:40:20.908   303   641 I MAL-Daemon:  (       atmngr_urc_cc_act,   76) atmngr_urc_cc_act(): sending a carbon copy of URC = "

02-08 17:40:20.908   303   641 I MAL-Daemon: +ECSQ: 18,41,1,1,1,-44,-398,7,6,3

02-08 17:40:20.908   303   641 I MAL-Daemon: " to Task 906!!
02-08 17:40:20.908   303   641 I MAL-Daemon:  (       atmngr_urc_cc_act,   76) atmngr_urc_cc_act(): sending a carbon copy of URC = "

02-08 17:40:20.908   303   641 I MAL-Daemon: +ECSQ: 18,41,1,1,1,-44,-398,7,6,3

02-08 17:40:20.908   303   641 I MAL-Daemon: " to Task 907!!
02-08 17:40:20.908   303   736 I MAL-RDS :  (         rds_ru_urc_hdlr, 2371) [RDS-I][RDS][rds_ru_urc_hdlr] get URC data: +ECSQ: 18,41,1,1,1,-44,-398,7,6,3
02-08 17:40:20.908   303   736 I MAL-RDS :  (  rds_ru_3gpp_status_ind, 1885) [RDS-I][RU][EVENT_RU_DM_3GPP_STATUS_IND] i4ltersrp:-100, i4ltersrq:18, i4lterssnr:6, i43grscp:0, i43gecno:5, i42grssi:0, u43gpp_status:0x8, sim_id:1
02-08 17:40:20.909   303   736 E MAL-RDS :  (  rds_ru_3gpp_status_ind, 1930) [RDS-E][RU][EVENT_RU_DM_3GPP_STATUS_IND] Invalid u43gpp_status:0x8 sim:1
02-08 17:40:20.909   303   736 I MAL-RDS :  (  ru_ims_ctrl_send_atcmd, 1473) [RDS-I][RU][ru_ims_ctrl_send_atcmd] (old:new) => wfc(0:0), volte(1:1), video(0:0), opid(0) | system property(0,1,0)
02-08 17:40:20.909   303   736 I MAL-RDS :  (  rds_ru_ims_vops_update, 7080) [RDS-I][RU][rds_ru_ims_vops_update][RDS IMS]IMS VOPS IE is Disabled(opid<0>) Update to RPL<0>:(254,255), <1>:(254,255), <2>:(254,255)
02-08 17:40:20.909   303   736 I MAL-RDS :  (          rds_ru_rpl_gen, 7446) [RDS-I][RU][rds_ru_rpl_gen][RDS] Current policy: fgimsolte_en<1>, fgwfc_en<0>, erdspolicy<3>,||Threshold i4wifirssih<-75>, i4wifirssil<-85>, i4wifirssih_ho<-78>, i4wifirssil_ho<-88>, i4wifisnrh<10>, i4wifisnrl<6>||Threshold i4ltersrph<-106>, i4ltersrpm<-111>, i4ltersrpl<-116>, i4ltersrqh<5>, i4ltersrqm<3>, i4ltersrql<1>||Threshold i43grscph<-85>, i43grscpl<-105>, i42grssih<-83>, i42grssil<-103>, i4lterssnrl<-3>, i43gecnol<-15>||current rds ru status: i4wifirssi<-64>, i4wifisnr<9999>, i4ltersrp<-100>, i4ltersrq<18>, u4active_ran<65539>, i4lterssnr<6>, i43grscp<-77>, i43gecno<-6>, i42grssi<-141>, u4sig_reg_status<7>||current wifi backhaul : rtp_plr<0>, rtp_jitter<0>, ping_ind<0>, ltecsr_ind<0>, ||pcscf acc stat : volte<1>, wfc<1> || wifi acc_ctrl:<0>, || current MD stat : MD1 roam <0>, ||Call stat : IR92<0>, IR94<0>, SMS over IP<0>, IPME<0>, sim<1>
02-08 17:40:20.909   303   736 I MAL-RDS :  (          rds_ru_rpl_gen, 7463) [RDS-I][RU][RDS IMS/MMS][rds_ru_rpl_gen][OP-0] Ori:(254,255)/(1,255) New:(254,255)/(1,255)||[RU][RDS IMS/MMS WIFI]Ori:(254,255)/(1,255) New:(254,255)/(1,255)||[RU][RDS IMS/MMS CELL]Ori:(254,255)/(1,255) New:(254,255)/(1,255) , sim<1>
02-08 17:40:20.910  1067  1263 D DisplayManagerService: Update global display state (ON, 97) for DisplayDeviceInfo{"Built-in Screen": uniqueId="local:0", 720 x 1280, modeId 1, defaultModeId 1, supportedModes [{id=1, width=720, height=1280, fps=61.590004}], colorTransformId 1, defaultColorTransformId 1, supportedColorTransforms [{id=1, colorTransform=0}], HdrCapabilities android.view.Display$HdrCapabilities@e278911, density 320, 294.967 x 295.563 dpi, appVsyncOff 8300000, presDeadline 8936401, touch INTERNAL, rotation 0, type BUILT_IN, state ON, FLAG_DEFAULT_DISPLAY, FLAG_ROTATES_WITH_CONTENT, FLAG_SECURE, FLAG_SUPPORTS_PROTECTED_BUFFERS}
02-08 17:40:20.910  1067  1263 D LocalDisplayAdapter: setDisplayBrightness(id=0, brightness=97)
02-08 17:40:20.910  1323  1778 D NetworkController.MobileSignalController(2): onSignalStrengthsChanged signalStrength=SignalStrength: 0 41 -120 -160 -120 -1 -1 99 -99 -11 15 2147483647 2147483647 gsm|lte 2147483647 2147483647 2147483647 level=2
02-08 17:40:20.910  1323  1778 D NetworkController.MobileSignalController(2): updateTelephonySignalStrength: hasService=true ss=SignalStrength: 0 41 -120 -160 -120 -1 -1 99 -99 -11 15 2147483647 2147483647 gsm|lte 2147483647 2147483647 2147483647
02-08 17:40:20.910   444 18706 I VDO_LOG : [tid: 18706] =benc 222, max 11976, min 123, avg 211==enc 8992, max 12700, min 7227, avg 8900==aenc 76, max 1437, min 0, avg 80==init 60, max 694, min 39, avg 68==frm 9163, max 20870, min 0, avg 9047==deinit 64, max 1425, min 0, avg 68==flush 88, max 11883, min 41, avg 85=
02-08 17:40:20.910  1067  1263 D lights  : write_int open fd=264
02-08 17:40:20.910   444 18706 D MtkOmxVenc: [0xeb2fb000] AVC EncTime=10, RGB_2_YUV=0, FrameCount= 2032, buf timestamp=9656239 (9656239799) IsKey(0), Size(25872)  Slotbitcount(2616384) : in VA=0xEB2FF5A0, offset=0x00000000, len=8, flags=0x00000010 : out VA=0xE8600000, offset=0x00000000
02-08 17:40:20.910   444 18706 D MtkOmxVenc: [0xeb2fb000] eb2fb000 EBD (0xEB2A3850) (0xEB2FF5A0), mNumPendingInput(0)
02-08 17:40:20.910   444 18706 D MtkOmxVenc: [0xeb2fb000] eb2fb000 FBD (0xE9A46150) (0xE8600000) 9656239799 (25872), mNumPendingOutput(7)
02-08 17:40:20.910   444 18709 E GraphicBufferSource: mLatestBufferUseCount is already 0.
02-08 17:40:20.911 18676 18693 D ACodec  : give LatencyToken 2032, 25872
02-08 17:40:20.911  1578  5859 D PhoneInterfaceManager: [PhoneIntfMgr] getDataEnabled: subId=2 phoneId=1
02-08 17:40:20.911 18676 18693 D ACodec  : [OMX.MTK.VIDEO.ENCODER.AVC] onOutputBufferDrained ID e
02-08 17:40:20.911  1578  5859 D PhoneInterfaceManager: [PhoneIntfMgr] getDataEnabled: subId=2 retVal=false
02-08 17:40:20.912   444 18705 D MtkOmxVenc: [0xeb2fb000] eb2fb000 FTB (0xE9A46150) (0xE8600000) (1048576), mNumPendingOutput(8)
02-08 17:40:20.912  1323  1778 D NetworkTypeUtils: getNetworkType: type=13
02-08 17:40:20.912  1323  1778 D NetworkTypeUtils: getNetworkTypeIcon iconId = 2130838424
02-08 17:40:20.912  1067  2010 V ActivityManager: Broadcast sticky: Intent { act=android.intent.action.SIG_STR flg=0x20000010 (has extras) } ordered=false userid=-1 callerApp=ProcessRecord{6ebf7c1 1067:system/1000}
02-08 17:40:20.913  1578  1594 D PhoneInterfaceManager: [PhoneIntfMgr] getDataEnabled: subId=2 phoneId=1
02-08 17:40:20.914  1578  1594 D PhoneInterfaceManager: [PhoneIntfMgr] getDataEnabled: subId=2 retVal=false
02-08 17:40:20.914  1323  1778 D DefaultStatusBarPlmnPlugin: into updateCarrierLabel, slotId=0, isSimInserted=false, isHasSimService=false
02-08 17:40:20.914  1323  1778 D DefaultStatusBarPlmnPlugin: into updateCarrierLabel, slotId=1, isSimInserted=true, isHasSimService=true
02-08 17:40:20.917   444 18705 D MtkOmxVenc: [0xeb2fb000] eb2fb000 ETB (0xEB2A3850) (0xEB2FF5A0) (8), mNumPendingInput(1)
02-08 17:40:20.917   444 18706 D MtkOmxMVAMgr: [0xe9a27060] [ION][FreeBuffer] entry=0xeb2a1560, va=0xe76c6000, pa=0x4f00000,size=0xf2790, srcFd=0x00000048, fd=0x00000033, bufHdr=0x00000000
02-08 17:40:20.918   444 18706 D MtkOmxMVAMgr: [0xe9a27060] ION share_fd 51, size (993168), va (0xE76C6000)
02-08 17:40:20.918   444 18706 D MtkOmxMVAMgr: [0xe9a27060] IonBuffer: entry(0xeb2a1560), va(0xe76c6000), mva:(0x04f00000), ion_buf_handle (0x00000003)
02-08 17:40:20.918   444 18706 D MtkOmxVenc: [0xeb2fb000] FrameBuf : handle = 0xeb2d3180, VA = 0xe76c6000, PA = 0x4f00000, format=HAL_PIXEL_FORMAT_YV12(0x32315659), ion=72
02-08 17:40:20.918   444 18706 I VDO_LOG : Y:4F00000, U:4FC8640, V:4FA0500
02-08 17:40:20.924   302   302 I hwcomposer: [JOB] ovl_0 is not enable, do not produce a job
02-08 17:40:20.927   444 18706 I VDO_LOG : [tid: 18706] =benc 221, max 11976, min 123, avg 211==enc 8836, max 12700, min 7227, avg 8900==aenc 65, max 1437, min 0, avg 80==init 63, max 694, min 39, avg 68==frm 9003, max 20870, min 0, avg 9047==deinit 54, max 1425, min 0, avg 68==flush 85, max 11883, min 41, avg 85=
02-08 17:40:20.927   444 18706 D MtkOmxVenc: [0xeb2fb000] AVC EncTime=10, RGB_2_YUV=0, FrameCount= 2033, buf timestamp=9656256 (9656256956) IsKey(0), Size(24917)  Slotbitcount(2815720) : in VA=0xEB2FF5A0, offset=0x00000000, len=8, flags=0x00000010 : out VA=0xE8500000, offset=0x00000000
02-08 17:40:20.927   444 18706 D MtkOmxVenc: [0xeb2fb000] eb2fb000 EBD (0xEB2A3850) (0xEB2FF5A0), mNumPendingInput(0)
02-08 17:40:20.927   444 18706 D MtkOmxVenc: [0xeb2fb000] eb2fb000 FBD (0xEB2A38C0) (0xE8500000) 9656256956 (24917), mNumPendingOutput(7)
02-08 17:40:20.928 18676 18693 D ACodec  : give LatencyToken 2033, 24917
02-08 17:40:20.928 18676 18693 D ACodec  : [OMX.MTK.VIDEO.ENCODER.AVC] onOutputBufferDrained ID f
02-08 17:40:20.929   444 18705 D MtkOmxVenc: [0xeb2fb000] eb2fb000 FTB (0xEB2A38C0) (0xE8500000) (1048576), mNumPendingOutput(8)
02-08 17:40:20.932  1067  1263 D DisplayManagerService: Update global display state (ON, 102) for DisplayDeviceInfo{"Built-in Screen": uniqueId="local:0", 720 x 1280, modeId 1, defaultModeId 1, supportedModes [{id=1, width=720, height=1280, fps=61.590004}], colorTransformId 1, defaultColorTransformId 1, supportedColorTransforms [{id=1, colorTransform=0}], HdrCapabilities android.view.Display$HdrCapabilities@e278911, density 320, 294.967 x 295.563 dpi, appVsyncOff 8300000, presDeadline 8936401, touch INTERNAL, rotation 0, type BUILT_IN, state ON, FLAG_DEFAULT_DISPLAY, FLAG_ROTATES_WITH_CONTENT, FLAG_SECURE, FLAG_SUPPORTS_PROTECTED_BUFFERS}
02-08 17:40:20.932  1067  1263 D LocalDisplayAdapter: setDisplayBrightness(id=0, brightness=102)
02-08 17:40:20.932  1067  1263 D lights  : write_int open fd=264
02-08 17:40:20.940   302   302 I hwcomposer: [JOB] ovl_0 is not enable, do not produce a job
02-08 17:40:20.948   444 18705 D MtkOmxVenc: [0xeb2fb000] eb2fb000 ETB (0xEB2A3850) (0xEB2FF5A0) (8), mNumPendingInput(1)
02-08 17:40:20.948   444 18706 D MtkOmxMVAMgr: [0xe9a27060] [ION][FreeBuffer] entry=0xeb2a1530, va=0xe77b9000, pa=0x4500000,size=0xf2790, srcFd=0x0000003A, fd=0x00000045, bufHdr=0x00000000
02-08 17:40:20.949   444 18706 D MtkOmxMVAMgr: [0xe9a27060] ION share_fd 69, size (993168), va (0xE77B9000)
02-08 17:40:20.949   444 18706 D MtkOmxMVAMgr: [0xe9a27060] IonBuffer: entry(0xeb2a1530), va(0xe77b9000), mva:(0x04500000), ion_buf_handle (0x00000002)
02-08 17:40:20.949  1067  1263 D DisplayManagerService: Update global display state (ON, 105) for DisplayDeviceInfo{"Built-in Screen": uniqueId="local:0", 720 x 1280, modeId 1, defaultModeId 1, supportedModes [{id=1, width=720, height=1280, fps=61.590004}], colorTransformId 1, defaultColorTransformId 1, supportedColorTransforms [{id=1, colorTransform=0}], HdrCapabilities android.view.Display$HdrCapabilities@e278911, density 320, 294.967 x 295.563 dpi, appVsyncOff 8300000, presDeadline 8936401, touch INTERNAL, rotation 0, type BUILT_IN, state ON, FLAG_DEFAULT_DISPLAY, FLAG_ROTATES_WITH_CONTENT, FLAG_SECURE, FLAG_SUPPORTS_PROTECTED_BUFFERS}
02-08 17:40:20.949   444 18706 D MtkOmxVenc: [0xeb2fb000] FrameBuf : handle = 0xe9a033c0, VA = 0xe77b9000, PA = 0x4500000, format=HAL_PIXEL_FORMAT_YV12(0x32315659), ion=58
02-08 17:40:20.949  1067  1263 D LocalDisplayAdapter: setDisplayBrightness(id=0, brightness=105)
02-08 17:40:20.949   444 18706 I VDO_LOG : Y:4500000, U:45C8640, V:45A0500
02-08 17:40:20.949  1067  1263 D lights  : write_int open fd=264
02-08 17:40:20.956   302   302 I hwcomposer: [JOB] ovl_0 is not enable, do not produce a job
02-08 17:40:20.958   444 18706 I VDO_LOG : [tid: 18706] =benc 192, max 11976, min 123, avg 211==enc 8829, max 12700, min 7227, avg 8900==aenc 52, max 1437, min 0, avg 80==init 58, max 694, min 39, avg 68==frm 8971, max 20870, min 0, avg 9047==deinit 43, max 1425, min 0, avg 68==flush 82, max 11883, min 41, avg 85=
02-08 17:40:20.958   444 18706 D MtkOmxVenc: [0xeb2fb000] AVC EncTime=10, RGB_2_YUV=0, FrameCount= 2034, buf timestamp=9656287 (9656287701) IsKey(0), Size(24783)  Slotbitcount(3013984) : in VA=0xEB2FF5A0, offset=0x00000000, len=8, flags=0x00000010 : out VA=0xE8400000, offset=0x00000000
02-08 17:40:20.958   444 18706 D MtkOmxVenc: [0xeb2fb000] eb2fb000 EBD (0xEB2A3850) (0xEB2FF5A0), mNumPendingInput(0)
02-08 17:40:20.958   444 18706 D MtkOmxVenc: [0xeb2fb000] eb2fb000 FBD (0xE9A46310) (0xE8400000) 9656287701 (24783), mNumPendingOutput(7)
02-08 17:40:20.958   444 18709 E GraphicBufferSource: mLatestBufferUseCount is already 0.
02-08 17:40:20.958 18676 18693 D ACodec  : give LatencyToken 2034, 24783
02-08 17:40:20.959 18676 18693 D ACodec  : [OMX.MTK.VIDEO.ENCODER.AVC] onOutputBufferDrained ID 10
02-08 17:40:20.959   444 18705 D MtkOmxVenc: [0xeb2fb000] eb2fb000 FTB (0xE9A46310) (0xE8400000) (1048576), mNumPendingOutput(8)
02-08 17:40:20.964   444 18705 D MtkOmxVenc: [0xeb2fb000] eb2fb000 ETB (0xEB2A3850) (0xEB2FF5A0) (8), mNumPendingInput(1)
02-08 17:40:20.964   444 18706 D MtkOmxMVAMgr: [0xe9a27060] [ION][FreeBuffer] entry=0xeb2a1560, va=0xe76c6000, pa=0x4f00000,size=0xf2790, srcFd=0x00000048, fd=0x00000033, bufHdr=0x00000000
02-08 17:40:20.965   444 18706 D MtkOmxMVAMgr: [0xe9a27060] ION share_fd 51, size (993168), va (0xE76C6000)
02-08 17:40:20.965   444 18706 D MtkOmxMVAMgr: [0xe9a27060] IonBuffer: entry(0xeb2a1560), va(0xe76c6000), mva:(0x04f00000), ion_buf_handle (0x00000003)
02-08 17:40:20.965   444 18706 D MtkOmxVenc: [0xeb2fb000] FrameBuf : handle = 0xeb2d3180, VA = 0xe76c6000, PA = 0x4f00000, format=HAL_PIXEL_FORMAT_YV12(0x32315659), ion=72
02-08 17:40:20.965   444 18706 I VDO_LOG : Y:4F00000, U:4FC8640, V:4FA0500
02-08 17:40:20.965  1067  1263 D DisplayManagerService: Update global display state (ON, 108) for DisplayDeviceInfo{"Built-in Screen": uniqueId="local:0", 720 x 1280, modeId 1, defaultModeId 1, supportedModes [{id=1, width=720, height=1280, fps=61.590004}], colorTransformId 1, defaultColorTransformId 1, supportedColorTransforms [{id=1, colorTransform=0}], HdrCapabilities android.view.Display$HdrCapabilities@e278911, density 320, 294.967 x 295.563 dpi, appVsyncOff 8300000, presDeadline 8936401, touch INTERNAL, rotation 0, type BUILT_IN, state ON, FLAG_DEFAULT_DISPLAY, FLAG_ROTATES_WITH_CONTENT, FLAG_SECURE, FLAG_SUPPORTS_PROTECTED_BUFFERS}
02-08 17:40:20.965  1067  1263 D LocalDisplayAdapter: setDisplayBrightness(id=0, brightness=108)
02-08 17:40:20.966  1067  1263 D lights  : write_int open fd=264
02-08 17:40:20.973   302   302 I hwcomposer: [JOB] ovl_0 is not enable, do not produce a job
02-08 17:40:20.974   444 18706 I VDO_LOG : [tid: 18706] =benc 237, max 11976, min 123, avg 211==enc 8830, max 12700, min 7227, avg 8900==aenc 52, max 1437, min 0, avg 80==init 67, max 694, min 39, avg 68==frm 9003, max 20870, min 0, avg 9047==deinit 44, max 1425, min 0, avg 68==flush 89, max 11883, min 41, avg 85=
02-08 17:40:20.974   444 18706 D MtkOmxVenc: [0xeb2fb000] AVC EncTime=10, RGB_2_YUV=0, FrameCount= 2035, buf timestamp=9656304 (9656304066) IsKey(0), Size(25855)  Slotbitcount(3220824) : in VA=0xEB2FF5A0, offset=0x00000000, len=8, flags=0x00000010 : out VA=0xE8300000, offset=0x00000000
02-08 17:40:20.974   444 18706 D MtkOmxVenc: [0xeb2fb000] eb2fb000 EBD (0xEB2A3850) (0xEB2FF5A0), mNumPendingInput(0)
02-08 17:40:20.974   444 18706 D MtkOmxVenc: [0xeb2fb000] eb2fb000 FBD (0xEB2A3770) (0xE8300000) 9656304066 (25855), mNumPendingOutput(7)
02-08 17:40:20.974   444 18709 E GraphicBufferSource: mLatestBufferUseCount is already 0.
02-08 17:40:20.975 18676 18693 D ACodec  : give LatencyToken 2035, 25855
02-08 17:40:20.975 18676 18693 D ACodec  : [OMX.MTK.VIDEO.ENCODER.AVC] onOutputBufferDrained ID 11
02-08 17:40:20.976   444 18705 D MtkOmxVenc: [0xeb2fb000] eb2fb000 FTB (0xEB2A3770) (0xE8300000) (1048576), mNumPendingOutput(8)
02-08 17:40:20.981   444 18705 D MtkOmxVenc: [0xeb2fb000] eb2fb000 ETB (0xEB2A3850) (0xEB2FF5A0) (8), mNumPendingInput(1)
02-08 17:40:20.981   444 18706 D MtkOmxMVAMgr: [0xe9a27060] [ION][FreeBuffer] entry=0xeb2a1500, va=0xe799f000, pa=0x3d00000,size=0xf2790, srcFd=0x0000002B, fd=0x0000003E, bufHdr=0x00000000
02-08 17:40:20.981   444 18706 D MtkOmxMVAMgr: [0xe9a27060] ION share_fd 62, size (993168), va (0xE799F000)
02-08 17:40:20.981   444 18706 D MtkOmxMVAMgr: [0xe9a27060] IonBuffer: entry(0xeb2a1500), va(0xe799f000), mva:(0x03d00000), ion_buf_handle (0x00000001)
02-08 17:40:20.981   444 18706 D MtkOmxVenc: [0xeb2fb000] FrameBuf : handle = 0xeb2d33c0, VA = 0xe799f000, PA = 0x3d00000, format=HAL_PIXEL_FORMAT_YV12(0x32315659), ion=43
02-08 17:40:20.981   444 18706 I VDO_LOG : Y:3D00000, U:3DC8640, V:3DA0500
02-08 17:40:20.982  1067  1263 D DisplayManagerService: Update global display state (ON, 112) for DisplayDeviceInfo{"Built-in Screen": uniqueId="local:0", 720 x 1280, modeId 1, defaultModeId 1, supportedModes [{id=1, width=720, height=1280, fps=61.590004}], colorTransformId 1, defaultColorTransformId 1, supportedColorTransforms [{id=1, colorTransform=0}], HdrCapabilities android.view.Display$HdrCapabilities@e278911, density 320, 294.967 x 295.563 dpi, appVsyncOff 8300000, presDeadline 8936401, touch INTERNAL, rotation 0, type BUILT_IN, state ON, FLAG_DEFAULT_DISPLAY, FLAG_ROTATES_WITH_CONTENT, FLAG_SECURE, FLAG_SUPPORTS_PROTECTED_BUFFERS}
02-08 17:40:20.982  1067  1263 D LocalDisplayAdapter: setDisplayBrightness(id=0, brightness=112)
02-08 17:40:20.983  1067  1263 D lights  : write_int open fd=264
02-08 17:40:20.989   302   302 I hwcomposer: [JOB] ovl_0 is not enable, do not produce a job
02-08 17:40:20.990   444 18706 I VDO_LOG : [tid: 18706] =benc 222, max 11976, min 123, avg 211==enc 8824, max 12700, min 7227, avg 8900==aenc 51, max 1437, min 0, avg 80==init 61, max 694, min 39, avg 68==frm 8991, max 20870, min 0, avg 9047==deinit 43, max 1425, min 0, avg 68==flush 88, max 11883, min 41, avg 85=
02-08 17:40:20.990   444 18706 D MtkOmxVenc: [0xeb2fb000] AVC EncTime=9, RGB_2_YUV=0, FrameCount= 2036, buf timestamp=9656320 (9656320384) IsKey(0), Size(23589)  Slotbitcount(3409536) : in VA=0xEB2FF5A0, offset=0x00000000, len=8, flags=0x00000010 : out VA=0xE8200000, offset=0x00000000
02-08 17:40:20.991   444 18706 D MtkOmxVenc: [0xeb2fb000] eb2fb000 EBD (0xEB2A3850) (0xEB2FF5A0), mNumPendingInput(0)
02-08 17:40:20.991   444 18706 D MtkOmxVenc: [0xeb2fb000] eb2fb000 FBD (0xE9A46380) (0xE8200000) 9656320384 (23589), mNumPendingOutput(7)
02-08 17:40:20.991   444 18709 E GraphicBufferSource: mLatestBufferUseCount is already 0.
02-08 17:40:20.991 18676 18693 D ACodec  : give LatencyToken 2036, 23589
02-08 17:40:20.992 18676 18693 D ACodec  : [OMX.MTK.VIDEO.ENCODER.AVC] onOutputBufferDrained ID 12
02-08 17:40:20.992   444 18705 D MtkOmxVenc: [0xeb2fb000] eb2fb000 FTB (0xE9A46380) (0xE8200000) (1048576), mNumPendingOutput(8)
02-08 17:40:20.997   444 18705 D MtkOmxVenc: [0xeb2fb000] eb2fb000 ETB (0xEB2A3850) (0xEB2FF5A0) (8), mNumPendingInput(1)
02-08 17:40:20.997   444 18706 D MtkOmxMVAMgr: [0xe9a27060] [ION][FreeBuffer] entry=0xeb2a1530, va=0xe77b9000, pa=0x4500000,size=0xf2790, srcFd=0x0000003A, fd=0x00000045, bufHdr=0x00000000
02-08 17:40:20.997   444 18706 D MtkOmxMVAMgr: [0xe9a27060] ION share_fd 69, size (993168), va (0xE77B9000)
02-08 17:40:20.997   444 18706 D MtkOmxMVAMgr: [0xe9a27060] IonBuffer: entry(0xeb2a1530), va(0xe77b9000), mva:(0x04500000), ion_buf_handle (0x00000002)
02-08 17:40:20.997   444 18706 D MtkOmxVenc: [0xeb2fb000] FrameBuf : handle = 0xe9a033c0, VA = 0xe77b9000, PA = 0x4500000, format=HAL_PIXEL_FORMAT_YV12(0x32315659), ion=58
02-08 17:40:20.998   444 18706 I VDO_LOG : Y:4500000, U:45C8640, V:45A0500
02-08 17:40:20.999  1067  1263 D DisplayManagerService: Update global display state (ON, 115) for DisplayDeviceInfo{"Built-in Screen": uniqueId="local:0", 720 x 1280, modeId 1, defaultModeId 1, supportedModes [{id=1, width=720, height=1280, fps=61.590004}], colorTransformId 1, defaultColorTransformId 1, supportedColorTransforms [{id=1, colorTransform=0}], HdrCapabilities android.view.Display$HdrCapabilities@e278911, density 320, 294.967 x 295.563 dpi, appVsyncOff 8300000, presDeadline 8936401, touch INTERNAL, rotation 0, type BUILT_IN, state ON, FLAG_DEFAULT_DISPLAY, FLAG_ROTATES_WITH_CONTENT, FLAG_SECURE, FLAG_SUPPORTS_PROTECTED_BUFFERS}
02-08 17:40:20.999  1067  1263 D LocalDisplayAdapter: setDisplayBrightness(id=0, brightness=115)
02-08 17:40:20.999  1067  1263 D lights  : write_int open fd=264
02-08 17:40:21.005   302   302 I hwcomposer: [JOB] ovl_0 is not enable, do not produce a job
02-08 17:40:21.007   444 18706 I VDO_LOG : [tid: 18706] =benc 222, max 11976, min 123, avg 211==enc 8825, max 12700, min 7227, avg 8900==aenc 51, max 1437, min 0, avg 80==init 62, max 694, min 39, avg 68==frm 8990, max 20870, min 0, avg 9047==deinit 43, max 1425, min 0, avg 68==flush 86, max 11883, min 41, avg 85=
02-08 17:40:21.007   444 18706 D MtkOmxVenc: [0xeb2fb000] AVC EncTime=10, RGB_2_YUV=0, FrameCount= 2037, buf timestamp=9656336 (9656336618) IsKey(0), Size(24774)  Slotbitcount(3607728) : in VA=0xEB2FF5A0, offset=0x00000000, len=8, flags=0x00000010 : out VA=0xE800D000, offset=0x00000000
02-08 17:40:21.007   444 18706 D MtkOmxVenc: [0xeb2fb000] eb2fb000 EBD (0xEB2A3850) (0xEB2FF5A0), mNumPendingInput(0)
02-08 17:40:21.007   444 18706 D MtkOmxVenc: [0xeb2fb000] eb2fb000 FBD (0xEB2A3930) (0xE800D000) 9656336618 (24774), mNumPendingOutput(7)
02-08 17:40:21.007   444 18709 E GraphicBufferSource: mLatestBufferUseCount is already 0.
02-08 17:40:21.007 18676 18693 D ACodec  : give LatencyToken 2037, 24774
02-08 17:40:21.008 18676 18693 D ACodec  : [OMX.MTK.VIDEO.ENCODER.AVC] onOutputBufferDrained ID 13
02-08 17:40:21.008   444 18705 D MtkOmxVenc: [0xeb2fb000] eb2fb000 FTB (0xEB2A3930) (0xE800D000) (1048576), mNumPendingOutput(8)
02-08 17:40:21.013   444 18705 D MtkOmxVenc: [0xeb2fb000] eb2fb000 ETB (0xEB2A3850) (0xEB2FF5A0) (8), mNumPendingInput(1)
02-08 17:40:21.013   444 18706 D MtkOmxMVAMgr: [0xe9a27060] [ION][FreeBuffer] entry=0xeb2a1560, va=0xe76c6000, pa=0x4f00000,size=0xf2790, srcFd=0x00000048, fd=0x00000033, bufHdr=0x00000000
02-08 17:40:21.013   444 18706 D MtkOmxMVAMgr: [0xe9a27060] ION share_fd 51, size (993168), va (0xE76C6000)
02-08 17:40:21.013   444 18706 D MtkOmxMVAMgr: [0xe9a27060] IonBuffer: entry(0xeb2a1560), va(0xe76c6000), mva:(0x04f00000), ion_buf_handle (0x00000003)
02-08 17:40:21.013   444 18706 D MtkOmxVenc: [0xeb2fb000] FrameBuf : handle = 0xeb2d3180, VA = 0xe76c6000, PA = 0x4f00000, format=HAL_PIXEL_FORMAT_YV12(0x32315659), ion=72
02-08 17:40:21.014   444 18706 I VDO_LOG : Y:4F00000, U:4FC8640, V:4FA0500
02-08 17:40:21.016  1067  1263 D DisplayManagerService: Update global display state (ON, 118) for DisplayDeviceInfo{"Built-in Screen": uniqueId="local:0", 720 x 1280, modeId 1, defaultModeId 1, supportedModes [{id=1, width=720, height=1280, fps=61.590004}], colorTransformId 1, defaultColorTransformId 1, supportedColorTransforms [{id=1, colorTransform=0}], HdrCapabilities android.view.Display$HdrCapabilities@e278911, density 320, 294.967 x 295.563 dpi, appVsyncOff 8300000, presDeadline 8936401, touch INTERNAL, rotation 0, type BUILT_IN, state ON, FLAG_DEFAULT_DISPLAY, FLAG_ROTATES_WITH_CONTENT, FLAG_SECURE, FLAG_SUPPORTS_PROTECTED_BUFFERS}
02-08 17:40:21.016  1067  1263 D LocalDisplayAdapter: setDisplayBrightness(id=0, brightness=118)
02-08 17:40:21.016  1067  1263 D lights  : write_int open fd=264
02-08 17:40:21.021   302   302 I hwcomposer: [JOB] ovl_0 is not enable, do not produce a job
02-08 17:40:21.023   444 18706 I VDO_LOG : [tid: 18706] =benc 172, max 11976, min 123, avg 211==enc 8824, max 12700, min 7227, avg 8900==aenc 54, max 1437, min 0, avg 80==init 50, max 694, min 39, avg 68==frm 8953, max 20870, min 0, avg 9047==deinit 45, max 1425, min 0, avg 68==flush 70, max 11883, min 41, avg 85=
02-08 17:40:21.023   444 18706 D MtkOmxVenc: [0xeb2fb000] AVC EncTime=10, RGB_2_YUV=0, FrameCount= 2038, buf timestamp=9656352 (9656352854) IsKey(0), Size(22692)  Slotbitcount(3789264) : in VA=0xEB2FF5A0, offset=0x00000000, len=8, flags=0x00000010 : out VA=0xE7F0D000, offset=0x00000000
02-08 17:40:21.023   444 18706 D MtkOmxVenc: [0xeb2fb000] eb2fb000 EBD (0xEB2A3850) (0xEB2FF5A0), mNumPendingInput(0)
02-08 17:40:21.023   444 18706 D MtkOmxVenc: [0xeb2fb000] eb2fb000 FBD (0xE9A463F0) (0xE7F0D000) 9656352854 (22692), mNumPendingOutput(7)
02-08 17:40:21.023   444 18709 E GraphicBufferSource: mLatestBufferUseCount is already 0.
02-08 17:40:21.023 18676 18693 D ACodec  : give LatencyToken 2038, 22692
02-08 17:40:21.024  1702  1717 D GasService: FG app changed: from com.app09 to com.android.systemui
02-08 17:40:21.024 18676 18693 D ACodec  : [OMX.MTK.VIDEO.ENCODER.AVC] onOutputBufferDrained ID 14
02-08 17:40:21.024   444 18705 D MtkOmxVenc: [0xeb2fb000] eb2fb000 FTB (0xE9A463F0) (0xE7F0D000) (1048576), mNumPendingOutput(8)
02-08 17:40:21.029   444 18705 D MtkOmxVenc: [0xeb2fb000] eb2fb000 ETB (0xEB2A3850) (0xEB2FF5A0) (8), mNumPendingInput(1)
02-08 17:40:21.029   444 18706 D MtkOmxMVAMgr: [0xe9a27060] [ION][FreeBuffer] entry=0xeb2a1500, va=0xe799f000, pa=0x3d00000,size=0xf2790, srcFd=0x0000002B, fd=0x0000003E, bufHdr=0x00000000
02-08 17:40:21.030   444 18706 D MtkOmxMVAMgr: [0xe9a27060] ION share_fd 62, size (993168), va (0xE799F000)
02-08 17:40:21.030   444 18706 D MtkOmxMVAMgr: [0xe9a27060] IonBuffer: entry(0xeb2a1500), va(0xe799f000), mva:(0x03d00000), ion_buf_handle (0x00000001)
02-08 17:40:21.030   444 18706 D MtkOmxVenc: [0xeb2fb000] FrameBuf : handle = 0xeb2d33c0, VA = 0xe799f000, PA = 0x3d00000, format=HAL_PIXEL_FORMAT_YV12(0x32315659), ion=43
02-08 17:40:21.030   444 18706 I VDO_LOG : Y:3D00000, U:3DC8640, V:3DA0500
02-08 17:40:21.033  1067  1263 D DisplayManagerService: Update global display state (ON, 122) for DisplayDeviceInfo{"Built-in Screen": uniqueId="local:0", 720 x 1280, modeId 1, defaultModeId 1, supportedModes [{id=1, width=720, height=1280, fps=61.590004}], colorTransformId 1, defaultColorTransformId 1, supportedColorTransforms [{id=1, colorTransform=0}], HdrCapabilities android.view.Display$HdrCapabilities@e278911, density 320, 294.967 x 295.563 dpi, appVsyncOff 8300000, presDeadline 8936401, touch INTERNAL, rotation 0, type BUILT_IN, state ON, FLAG_DEFAULT_DISPLAY, FLAG_ROTATES_WITH_CONTENT, FLAG_SECURE, FLAG_SUPPORTS_PROTECTED_BUFFERS}
02-08 17:40:21.033  1067  1263 D LocalDisplayAdapter: setDisplayBrightness(id=0, brightness=122)
02-08 17:40:21.033  1067  1263 D lights  : write_int open fd=264
02-08 17:40:21.038   302   302 I hwcomposer: [JOB] ovl_0 is not enable, do not produce a job
02-08 17:40:21.039   444 18706 I VDO_LOG : [tid: 18706] =benc 221, max 11976, min 123, avg 211==enc 8832, max 12700, min 7227, avg 8900==aenc 52, max 1437, min 0, avg 80==init 61, max 694, min 39, avg 68==frm 8999, max 20870, min 0, avg 9046==deinit 43, max 1425, min 0, avg 68==flush 86, max 11883, min 41, avg 85=
02-08 17:40:21.040   444 18706 D MtkOmxVenc: [0xeb2fb000] AVC EncTime=10, RGB_2_YUV=0, FrameCount= 2039, buf timestamp=9656369 (9656369047) IsKey(0), Size(26037)  Slotbitcount(3997560) : in VA=0xEB2FF5A0, offset=0x00000000, len=8, flags=0x00000010 : out VA=0xE8F89000, offset=0x00000000
02-08 17:40:21.040   444 18706 D MtkOmxVenc: [0xeb2fb000] eb2fb000 EBD (0xEB2A3850) (0xEB2FF5A0), mNumPendingInput(0)
02-08 17:40:21.040   444 18706 D MtkOmxVenc: [0xeb2fb000] eb2fb000 FBD (0xEB2A3700) (0xE8F89000) 9656369047 (26037), mNumPendingOutput(7)
02-08 17:40:21.040   444 18709 E GraphicBufferSource: mLatestBufferUseCount is already 0.
02-08 17:40:21.040 18676 18693 D ACodec  : give LatencyToken 2039, 26037
02-08 17:40:21.041 18676 18693 D ACodec  : [OMX.MTK.VIDEO.ENCODER.AVC] onOutputBufferDrained ID d
02-08 17:40:21.041   444 18705 D MtkOmxVenc: [0xeb2fb000] eb2fb000 FTB (0xEB2A3700) (0xE8F89000) (1048576), mNumPendingOutput(8)
02-08 17:40:21.047   444 18705 D MtkOmxVenc: [0xeb2fb000] eb2fb000 ETB (0xEB2A3850) (0xEB2FF5A0) (8), mNumPendingInput(1)
02-08 17:40:21.047   444 18706 D MtkOmxMVAMgr: [0xe9a27060] [ION][FreeBuffer] entry=0xeb2a1530, va=0xe77b9000, pa=0x4500000,size=0xf2790, srcFd=0x0000003A, fd=0x00000045, bufHdr=0x00000000
02-08 17:40:21.047   444 18706 D MtkOmxMVAMgr: [0xe9a27060] ION share_fd 69, size (993168), va (0xE77B9000)
02-08 17:40:21.047   444 18706 D MtkOmxMVAMgr: [0xe9a27060] IonBuffer: entry(0xeb2a1530), va(0xe77b9000), mva:(0x04500000), ion_buf_handle (0x00000002)
02-08 17:40:21.047   444 18706 D MtkOmxVenc: [0xeb2fb000] FrameBuf : handle = 0xe9a033c0, VA = 0xe77b9000, PA = 0x4500000, format=HAL_PIXEL_FORMAT_YV12(0x32315659), ion=58
02-08 17:40:21.047   444 18706 I VDO_LOG : Y:4500000, U:45C8640, V:45A0500
02-08 17:40:21.050  1067  1263 D DisplayManagerService: Update global display state (ON, 125) for DisplayDeviceInfo{"Built-in Screen": uniqueId="local:0", 720 x 1280, modeId 1, defaultModeId 1, supportedModes [{id=1, width=720, height=1280, fps=61.590004}], colorTransformId 1, defaultColorTransformId 1, supportedColorTransforms [{id=1, colorTransform=0}], HdrCapabilities android.view.Display$HdrCapabilities@e278911, density 320, 294.967 x 295.563 dpi, appVsyncOff 8300000, presDeadline 8936401, touch INTERNAL, rotation 0, type BUILT_IN, state ON, FLAG_DEFAULT_DISPLAY, FLAG_ROTATES_WITH_CONTENT, FLAG_SECURE, FLAG_SUPPORTS_PROTECTED_BUFFERS}
02-08 17:40:21.050  1067  1263 D LocalDisplayAdapter: setDisplayBrightness(id=0, brightness=125)
02-08 17:40:21.050  1067  1263 D lights  : write_int open fd=265
02-08 17:40:21.055  1323  1323 D PhoneStatusBar: hiding the MENU button
02-08 17:40:21.066   302   327 I BufferQueueProducer: [com.app09/com.app09.MainActivity](this:0x7896c14800,id:79,api:1,p:-1,c:302) disconnect(P): api -1
02-08 17:40:21.068  1067  1258 I libPerfService: 2: set: -1, 2, 
02-08 17:40:21.069  1067  1263 D DisplayManagerService: Update global display state (ON, 129) for DisplayDeviceInfo{"Built-in Screen": uniqueId="local:0", 720 x 1280, modeId 1, defaultModeId 1, supportedModes [{id=1, width=720, height=1280, fps=61.590004}], colorTransformId 1, defaultColorTransformId 1, supportedColorTransforms [{id=1, colorTransform=0}], HdrCapabilities android.view.Display$HdrCapabilities@e278911, density 320, 294.967 x 295.563 dpi, appVsyncOff 8300000, presDeadline 8936401, touch INTERNAL, rotation 0, type BUILT_IN, state ON, FLAG_DEFAULT_DISPLAY, FLAG_ROTATES_WITH_CONTENT, FLAG_SECURE, FLAG_SUPPORTS_PROTECTED_BUFFERS}
02-08 17:40:21.069  1067  1263 D LocalDisplayAdapter: setDisplayBrightness(id=0, brightness=129)
02-08 17:40:21.069  1067  1263 D lights  : write_int open fd=265
02-08 17:40:21.071  1067  1092 D Surface : Surface::disconnect(this=0x7ca3507200,api=2)
02-08 17:40:21.071   302   329 I BufferQueueProducer: [thumbnail anim](this:0x78967f8000,id:82,api:2,p:-1,c:302) disconnect(P): api 2
02-08 17:40:21.071   302   329 I BufferQueueConsumer: [thumbnail anim](this:0x78967f8000,id:82,api:2,p:-1,c:302) getReleasedBuffers: returning mask 0xffffffffffffffff
02-08 17:40:21.071  1067  1092 D GraphicBuffer: unregister, handle(0x7c827feb00) (w:656 h:112 s:656 f:0x1 u:0x000933)
02-08 17:40:21.073   302   327 I BufferQueueProducer: [com.android.systemui/com.android.systemui.recents.RecentsActivity](this:0x7896c13000,id:81,api:1,p:1323,c:302) new GraphicBuffer needed
02-08 17:40:21.073   302   327 D GraphicBuffer: free, handle(0x7896d4e140) (w:720 h:1280 s:720 f:0x1 u:0x000900)
02-08 17:40:21.073  1067  1258 I libPerfService: 2: set freq: -1, -1, 
02-08 17:40:21.075  1067  1092 V WindowManager: Looking for focus: 9 = Window{ad926a6 u0 StatusBar}, flags=-2122055608, canReceive=false
02-08 17:40:21.076   302   327 D GraphicBuffer: alloc, handle(0x7896d4e140) (w:720 h:1280 s:720 f:0x1 u:0x000b00) err(0)
02-08 17:40:21.076   444 18706 I VDO_LOG : [tid: 18706] =benc 19726, max 19726, min 123, avg 221==enc 8891, max 12700, min 7227, avg 8900==aenc 71, max 1437, min 0, avg 80==init 48, max 694, min 39, avg 68==frm 28580, max 28580, min 0, avg 9056==deinit 58, max 1425, min 0, avg 68==flush 19633, max 19633, min 41, avg 94=
02-08 17:40:21.076   444 18706 D MtkOmxVenc: [0xeb2fb000] AVC EncTime=29, RGB_2_YUV=0, FrameCount= 2040, buf timestamp=9656386 (9656386265) IsKey(0), Size(2543)  Slotbitcount(4017904) : in VA=0xEB2FF5A0, offset=0x00000000, len=8, flags=0x00000010 : out VA=0xE8600000, offset=0x00000000
02-08 17:40:21.076   444 18706 D MtkOmxVenc: [0xeb2fb000] eb2fb000 EBD (0xEB2A3850) (0xEB2FF5A0), mNumPendingInput(0)
02-08 17:40:21.076   444 18706 D MtkOmxVenc: [0xeb2fb000] eb2fb000 FBD (0xE9A46150) (0xE8600000) 9656386265 (2543), mNumPendingOutput(7)
02-08 17:40:21.076   444 18709 E GraphicBufferSource: mLatestBufferUseCount is already 0.
02-08 17:40:21.077 18676 18693 D ACodec  : give LatencyToken 2040, 2543
02-08 17:40:21.077  1323  1556 D GraphicBuffer: register, handle(0x7ca46597c0) (w:720 h:1280 s:720 f:0x1 u:0x000b00)
02-08 17:40:21.080  1323  1323 D PhoneStatusBar: hiding the MENU button
02-08 17:40:21.081 18676 18693 D ACodec  : [OMX.MTK.VIDEO.ENCODER.AVC] onOutputBufferDrained ID e
02-08 17:40:21.081   444 18705 D MtkOmxVenc: [0xeb2fb000] eb2fb000 FTB (0xE9A46150) (0xE8600000) (1048576), mNumPendingOutput(8)
02-08 17:40:21.086   302   302 I BufferQueueConsumer: [thumbnail anim](this:0x78967f8000,id:82,api:2,p:-1,c:-1) disconnect(C)
02-08 17:40:21.086   302   302 D MALI    : eglCreateImageKHR:513: [Crop] 0 0 0 0  img[720 1280] 
02-08 17:40:21.087   302   302 I BufferQueue: [thumbnail anim](this:0x78967f8000,id:82,api:2,p:-1,c:-1) ~BufferQueueCore
02-08 17:40:21.088   302   302 I hwcomposer: [JOB] ovl_0 is not enable, do not produce a job
02-08 17:40:21.094  1067  1263 D DisplayManagerService: Update global display state (ON, 134) for DisplayDeviceInfo{"Built-in Screen": uniqueId="local:0", 720 x 1280, modeId 1, defaultModeId 1, supportedModes [{id=1, width=720, height=1280, fps=61.590004}], colorTransformId 1, defaultColorTransformId 1, supportedColorTransforms [{id=1, colorTransform=0}], HdrCapabilities android.view.Display$HdrCapabilities@e278911, density 320, 294.967 x 295.563 dpi, appVsyncOff 8300000, presDeadline 8936401, touch INTERNAL, rotation 0, type BUILT_IN, state ON, FLAG_DEFAULT_DISPLAY, FLAG_ROTATES_WITH_CONTENT, FLAG_SECURE, FLAG_SUPPORTS_PROTECTED_BUFFERS}
02-08 17:40:21.094  1067  1263 D LocalDisplayAdapter: setDisplayBrightness(id=0, brightness=134)
02-08 17:40:21.094  1067  1263 D lights  : write_int open fd=264
02-08 17:40:21.096   444 18705 D MtkOmxVenc: [0xeb2fb000] eb2fb000 ETB (0xEB2A3850) (0xEB2FF5A0) (8), mNumPendingInput(1)
02-08 17:40:21.096   444 18706 D MtkOmxMVAMgr: [0xe9a27060] [ION][FreeBuffer] entry=0xeb2a1560, va=0xe76c6000, pa=0x4f00000,size=0xf2790, srcFd=0x00000048, fd=0x00000033, bufHdr=0x00000000
02-08 17:40:21.096   444 18706 D MtkOmxMVAMgr: [0xe9a27060] ION share_fd 51, size (993168), va (0xE76C6000)
02-08 17:40:21.096   444 18706 D MtkOmxMVAMgr: [0xe9a27060] IonBuffer: entry(0xeb2a1560), va(0xe76c6000), mva:(0x04f00000), ion_buf_handle (0x00000003)
02-08 17:40:21.096   444 18706 D MtkOmxVenc: [0xeb2fb000] FrameBuf : handle = 0xeb2d3180, VA = 0xe76c6000, PA = 0x4f00000, format=HAL_PIXEL_FORMAT_YV12(0x32315659), ion=72
02-08 17:40:21.096   444 18706 I VDO_LOG : Y:4F00000, U:4FC8640, V:4FA0500
02-08 17:40:21.096   302   302 D GraphicBuffer: free, handle(0x789be24000) (w:656 h:112 s:656 f:0x1 u:0x000933)
02-08 17:40:21.102   302   302 D MALI    : eglCreateImageKHR:513: [Crop] 0 0 0 0  img[720 1280] 
02-08 17:40:21.103   302   302 I hwcomposer: [JOB] ovl_0 is not enable, do not produce a job
02-08 17:40:21.106   444 18706 I VDO_LOG : [tid: 18706] =benc 174, max 19726, min 123, avg 221==enc 8848, max 12700, min 7227, avg 8899==aenc 303, max 1437, min 0, avg 80==init 63, max 694, min 39, avg 68==frm 9202, max 28580, min 0, avg 9056==deinit 57, max 1425, min 0, avg 68==flush 58, max 19633, min 41, avg 94=
02-08 17:40:21.106   444 18706 D MtkOmxVenc: [0xeb2fb000] AVC EncTime=10, RGB_2_YUV=0, FrameCount= 2041, buf timestamp=9656434 (9656434997) IsKey(0), Size(39782)  Slotbitcount(4336160) : in VA=0xEB2FF5A0, offset=0x00000000, len=8, flags=0x00000010 : out VA=0xE8500000, offset=0x00000000
02-08 17:40:21.106   444 18706 D MtkOmxVenc: [0xeb2fb000] eb2fb000 EBD (0xEB2A3850) (0xEB2FF5A0), mNumPendingInput(0)
02-08 17:40:21.106   444 18706 D MtkOmxVenc: [0xeb2fb000] eb2fb000 FBD (0xEB2A38C0) (0xE8500000) 9656434997 (39782), mNumPendingOutput(7)
02-08 17:40:21.106   444 18709 E GraphicBufferSource: mLatestBufferUseCount is already 0.
02-08 17:40:21.107 18676 18693 D ACodec  : give LatencyToken 2041, 39782
02-08 17:40:21.108 18676 18693 D ACodec  : [OMX.MTK.VIDEO.ENCODER.AVC] onOutputBufferDrained ID f
02-08 17:40:21.111  1067  1263 D DisplayManagerService: Update global display state (ON, 137) for DisplayDeviceInfo{"Built-in Screen": uniqueId="local:0", 720 x 1280, modeId 1, defaultModeId 1, supportedModes [{id=1, width=720, height=1280, fps=61.590004}], colorTransformId 1, defaultColorTransformId 1, supportedColorTransforms [{id=1, colorTransform=0}], HdrCapabilities android.view.Display$HdrCapabilities@e278911, density 320, 294.967 x 295.563 dpi, appVsyncOff 8300000, presDeadline 8936401, touch INTERNAL, rotation 0, type BUILT_IN, state ON, FLAG_DEFAULT_DISPLAY, FLAG_ROTATES_WITH_CONTENT, FLAG_SECURE, FLAG_SUPPORTS_PROTECTED_BUFFERS}
02-08 17:40:21.111  1067  1263 D LocalDisplayAdapter: setDisplayBrightness(id=0, brightness=137)
02-08 17:40:21.112  1067  1263 D lights  : write_int open fd=264
02-08 17:40:21.112   444 18705 D MtkOmxVenc: [0xeb2fb000] eb2fb000 ETB (0xEB2A3850) (0xEB2FF5A0) (8), mNumPendingInput(1)
02-08 17:40:21.112   444 18705 D MtkOmxVenc: [0xeb2fb000] eb2fb000 FTB (0xEB2A38C0) (0xE8500000) (1048576), mNumPendingOutput(8)
02-08 17:40:21.112   444 18706 D MtkOmxMVAMgr: [0xe9a27060] [ION][FreeBuffer] entry=0xeb2a1500, va=0xe799f000, pa=0x3d00000,size=0xf2790, srcFd=0x0000002B, fd=0x0000003E, bufHdr=0x00000000
02-08 17:40:21.113   444 18706 D MtkOmxMVAMgr: [0xe9a27060] ION share_fd 62, size (993168), va (0xE799F000)
02-08 17:40:21.113   444 18706 D MtkOmxMVAMgr: [0xe9a27060] IonBuffer: entry(0xeb2a1500), va(0xe799f000), mva:(0x03d00000), ion_buf_handle (0x00000001)
02-08 17:40:21.113   444 18706 D MtkOmxVenc: [0xeb2fb000] FrameBuf : handle = 0xeb2d33c0, VA = 0xe799f000, PA = 0x3d00000, format=HAL_PIXEL_FORMAT_YV12(0x32315659), ion=43
02-08 17:40:21.113   444 18706 I VDO_LOG : Y:3D00000, U:3DC8640, V:3DA0500
02-08 17:40:21.119   302   302 I hwcomposer: [JOB] ovl_0 is not enable, do not produce a job
02-08 17:40:21.122   444 18706 I VDO_LOG : [tid: 18706] =benc 173, max 19726, min 123, avg 221==enc 8869, max 12700, min 7227, avg 8899==aenc 81, max 1437, min 0, avg 80==init 65, max 694, min 39, avg 68==frm 8990, max 28580, min 0, avg 9056==deinit 61, max 1425, min 0, avg 68==flush 58, max 19633, min 41, avg 94=
02-08 17:40:21.122   444 18706 D MtkOmxVenc: [0xeb2fb000] AVC EncTime=10, RGB_2_YUV=0, FrameCount= 2042, buf timestamp=9656451 (9656451261) IsKey(0), Size(6545)  Slotbitcount(4388520) : in VA=0xEB2FF5A0, offset=0x00000000, len=8, flags=0x00000010 : out VA=0xE8400000, offset=0x00000000
02-08 17:40:21.122   444 18706 D MtkOmxVenc: [0xeb2fb000] eb2fb000 EBD (0xEB2A3850) (0xEB2FF5A0), mNumPendingInput(0)
02-08 17:40:21.122   444 18706 D MtkOmxVenc: [0xeb2fb000] eb2fb000 FBD (0xE9A46310) (0xE8400000) 9656451261 (6545), mNumPendingOutput(7)
02-08 17:40:21.122   444 18709 E GraphicBufferSource: mLatestBufferUseCount is already 0.
02-08 17:40:21.123 18676 18693 D ACodec  : give LatencyToken 2042, 6545
02-08 17:40:21.124 18676 18693 D ACodec  : [OMX.MTK.VIDEO.ENCODER.AVC] onOutputBufferDrained ID 10
02-08 17:40:21.128   444 18705 D MtkOmxVenc: [0xeb2fb000] eb2fb000 ETB (0xEB2A3850) (0xEB2FF5A0) (8), mNumPendingInput(1)
02-08 17:40:21.128   444 18705 D MtkOmxVenc: [0xeb2fb000] eb2fb000 FTB (0xE9A46310) (0xE8400000) (1048576), mNumPendingOutput(8)
02-08 17:40:21.128  1067  1263 D DisplayManagerService: Update global display state (ON, 141) for DisplayDeviceInfo{"Built-in Screen": uniqueId="local:0", 720 x 1280, modeId 1, defaultModeId 1, supportedModes [{id=1, width=720, height=1280, fps=61.590004}], colorTransformId 1, defaultColorTransformId 1, supportedColorTransforms [{id=1, colorTransform=0}], HdrCapabilities android.view.Display$HdrCapabilities@e278911, density 320, 294.967 x 295.563 dpi, appVsyncOff 8300000, presDeadline 8936401, touch INTERNAL, rotation 0, type BUILT_IN, state ON, FLAG_DEFAULT_DISPLAY, FLAG_ROTATES_WITH_CONTENT, FLAG_SECURE, FLAG_SUPPORTS_PROTECTED_BUFFERS}
02-08 17:40:21.128  1067  1263 D LocalDisplayAdapter: setDisplayBrightness(id=0, brightness=141)
