02-08 17:40:23.925   444 18705 D MtkOmxVenc: [0xeb2fb000] eb2fb000 ETB (0xEB2A3850) (0xEB2FF5A0) (8), mNumPendingInput(1)
02-08 17:40:23.926   444 18706 D MtkOmxMVAMgr: [0xe9a27060] [ION][FreeBuffer] entry=0xeb2a1560, va=0xe76c6000, pa=0x4f00000,size=0xf2790, srcFd=0x00000048, fd=0x00000033, bufHdr=0x00000000
02-08 17:40:23.926   444 18706 D MtkOmxMVAMgr: [0xe9a27060] ION share_fd 51, size (993168), va (0xE76C6000)
02-08 17:40:23.926   444 18706 D MtkOmxMVAMgr: [0xe9a27060] IonBuffer: entry(0xeb2a1560), va(0xe76c6000), mva:(0x04f00000), ion_buf_handle (0x00000003)
02-08 17:40:23.926   444 18706 D MtkOmxVenc: [0xeb2fb000] FrameBuf : handle = 0xeb2d3180, VA = 0xe76c6000, PA = 0x4f00000, format=HAL_PIXEL_FORMAT_YV12(0x32315659), ion=72
02-08 17:40:23.926   444 18706 I VDO_LOG : Y:4F00000, U:4FC8640, V:4FA0500
02-08 17:40:23.936   444 18706 I VDO_LOG : [tid: 18706] =benc 222, max 19726, min 123, avg 222==enc 8862, max 12700, min 7227, avg 8902==aenc 71, max 1437, min 0, avg 81==init 75, max 694, min 39, avg 69==frm 9014, max 28580, min 0, avg 9059==deinit 62, max 1425, min 0, avg 68==flush 71, max 19633, min 40, avg 94=
02-08 17:40:23.936   444 18706 D MtkOmxVenc: [0xeb2fb000] AVC EncTime=10, RGB_2_YUV=0, FrameCount= 2128, buf timestamp=9659263 (9659263010) IsKey(0), Size(3297)  Slotbitcount(132840) : in VA=0xEB2FF5A0, offset=0x00000000, len=8, flags=0x00000010 : out VA=0xE8600000, offset=0x00000000
02-08 17:40:23.936   444 18706 D MtkOmxVenc: [0xeb2fb000] eb2fb000 EBD (0xEB2A3850) (0xEB2FF5A0), mNumPendingInput(0)
02-08 17:40:23.936   444 18706 D MtkOmxVenc: [0xeb2fb000] eb2fb000 FBD (0xE9A46150) (0xE8600000) 9659263010 (3297), mNumPendingOutput(7)
02-08 17:40:23.936   444 18709 E GraphicBufferSource: mLatestBufferUseCount is already 0.
02-08 17:40:23.936 18676 18693 D ACodec  : give LatencyToken 2128, 3297
02-08 17:40:23.937 18676 18693 D ACodec  : [OMX.MTK.VIDEO.ENCODER.AVC] onOutputBufferDrained ID e
02-08 17:40:23.938   444 18705 D MtkOmxVenc: [0xeb2fb000] eb2fb000 FTB (0xE9A46150) (0xE8600000) (1048576), mNumPendingOutput(8)
02-08 17:40:24.026   444 18705 D MtkOmxVenc: [0xeb2fb000] eb2fb000 ETB (0xEB2A3850) (0xEB2FF5A0) (8), mNumPendingInput(1)
02-08 17:40:24.026   444 18706 D MtkOmxMVAMgr: [0xe9a27060] [ION][FreeBuffer] entry=0xeb2a1560, va=0xe76c6000, pa=0x4f00000,size=0xf2790, srcFd=0x00000048, fd=0x00000033, bufHdr=0x00000000
02-08 17:40:24.026   444 18706 D MtkOmxMVAMgr: [0xe9a27060] ION share_fd 51, size (993168), va (0xE76C6000)
02-08 17:40:24.026   444 18706 D MtkOmxMVAMgr: [0xe9a27060] IonBuffer: entry(0xeb2a1560), va(0xe76c6000), mva:(0x04f00000), ion_buf_handle (0x00000003)
02-08 17:40:24.026   444 18706 D MtkOmxVenc: [0xeb2fb000] FrameBuf : handle = 0xeb2d3180, VA = 0xe76c6000, PA = 0x4f00000, format=HAL_PIXEL_FORMAT_YV12(0x32315659), ion=72
02-08 17:40:24.027   444 18706 I VDO_LOG : Y:4F00000, U:4FC8640, V:4FA0500
02-08 17:40:24.036   444 18706 I VDO_LOG : [tid: 18706] =benc 266, max 19726, min 123, avg 222==enc 8861, max 12700, min 7227, avg 8902==aenc 71, max 1437, min 0, avg 81==init 77, max 694, min 39, avg 69==frm 9057, max 28580, min 0, avg 9059==deinit 62, max 1425, min 0, avg 68==flush 74, max 19633, min 40, avg 94=
02-08 17:40:24.036   444 18706 D MtkOmxVenc: [0xeb2fb000] AVC EncTime=10, RGB_2_YUV=0, FrameCount= 2129, buf timestamp=9659363 (9659363010) IsKey(0), Size(3297)  Slotbitcount(159216) : in VA=0xEB2FF5A0, offset=0x00000000, len=8, flags=0x00000010 : out VA=0xE8500000, offset=0x00000000
02-08 17:40:24.036   444 18706 D MtkOmxVenc: [0xeb2fb000] eb2fb000 EBD (0xEB2A3850) (0xEB2FF5A0), mNumPendingInput(0)
02-08 17:40:24.036   444 18706 D MtkOmxVenc: [0xeb2fb000] eb2fb000 FBD (0xEB2A38C0) (0xE8500000) 9659363010 (3297), mNumPendingOutput(7)
02-08 17:40:24.036   444 18709 E GraphicBufferSource: mLatestBufferUseCount is already 0.
02-08 17:40:24.037 18676 18693 D ACodec  : give LatencyToken 2129, 3297
02-08 17:40:24.037 18676 18693 D ACodec  : [OMX.MTK.VIDEO.ENCODER.AVC] onOutputBufferDrained ID f
02-08 17:40:24.038   444 18705 D MtkOmxVenc: [0xeb2fb000] eb2fb000 FTB (0xEB2A38C0) (0xE8500000) (1048576), mNumPendingOutput(8)
02-08 17:40:24.126   444 18705 D MtkOmxVenc: [0xeb2fb000] eb2fb000 ETB (0xEB2A3850) (0xEB2FF5A0) (8), mNumPendingInput(1)
02-08 17:40:24.126   444 18706 D MtkOmxMVAMgr: [0xe9a27060] [ION][FreeBuffer] entry=0xeb2a1560, va=0xe76c6000, pa=0x4f00000,size=0xf2790, srcFd=0x00000048, fd=0x00000033, bufHdr=0x00000000
02-08 17:40:24.126   444 18706 D MtkOmxMVAMgr: [0xe9a27060] ION share_fd 51, size (993168), va (0xE76C6000)
02-08 17:40:24.126   444 18706 D MtkOmxMVAMgr: [0xe9a27060] IonBuffer: entry(0xeb2a1560), va(0xe76c6000), mva:(0x04f00000), ion_buf_handle (0x00000003)
02-08 17:40:24.126   444 18706 D MtkOmxVenc: [0xeb2fb000] FrameBuf : handle = 0xeb2d3180, VA = 0xe76c6000, PA = 0x4f00000, format=HAL_PIXEL_FORMAT_YV12(0x32315659), ion=72
02-08 17:40:24.127   444 18706 I VDO_LOG : Y:4F00000, U:4FC8640, V:4FA0500
02-08 17:40:24.136   444 18706 I VDO_LOG : [tid: 18706] =benc 221, max 19726, min 123, avg 222==enc 8859, max 12700, min 7227, avg 8902==aenc 71, max 1437, min 0, avg 81==init 74, max 694, min 39, avg 69==frm 9013, max 28580, min 0, avg 9059==deinit 62, max 1425, min 0, avg 68==flush 72, max 19633, min 40, avg 94=
02-08 17:40:24.136   444 18706 D MtkOmxVenc: [0xeb2fb000] AVC EncTime=10, RGB_2_YUV=0, FrameCount= 2130, buf timestamp=9659463 (9659463010) IsKey(0), Size(3297)  Slotbitcount(185592) : in VA=0xEB2FF5A0, offset=0x00000000, len=8, flags=0x00000010 : out VA=0xE8400000, offset=0x00000000
02-08 17:40:24.136   444 18706 D MtkOmxVenc: [0xeb2fb000] eb2fb000 EBD (0xEB2A3850) (0xEB2FF5A0), mNumPendingInput(0)
02-08 17:40:24.136   444 18706 D MtkOmxVenc: [0xeb2fb000] eb2fb000 FBD (0xE9A46310) (0xE8400000) 9659463010 (3297), mNumPendingOutput(7)
02-08 17:40:24.136   444 18709 E GraphicBufferSource: mLatestBufferUseCount is already 0.
02-08 17:40:24.137 18676 18693 D ACodec  : give LatencyToken 2130, 3297
02-08 17:40:24.137 18676 18693 D ACodec  : [OMX.MTK.VIDEO.ENCODER.AVC] onOutputBufferDrained ID 10
02-08 17:40:24.138   444 18705 D MtkOmxVenc: [0xeb2fb000] eb2fb000 FTB (0xE9A46310) (0xE8400000) (1048576), mNumPendingOutput(8)
02-08 17:40:24.176   445  1012 D SocketClient: SocketClient sendData done: 601 limit alert globalAlert wlan0
02-08 17:40:24.176  1067  1227 D NetdConnector: RCV <- {601 limit alert globalAlert wlan0}
02-08 17:40:24.177  1067  1090 D NetworkManagement: onEvent:601 limit alert globalAlert wlan0:5
02-08 17:40:24.178  1067  1228 V NetworkStats: handleMessage(): msg=1
02-08 17:40:24.178  1067  1228 D PowerManagerService: acquireWakeLockInternal: lock=145196867, flags=0x1, tag="NetworkStats", ws=null, uid=1000, pid=1067
02-08 17:40:24.178  1067  1228 D PowerManagerNotifier: onWakeLockAcquired: flags=1, tag="NetworkStats", packageName=android, ownerUid=1000, ownerPid=1067, workSource=null
02-08 17:40:24.179  1067  1228 D AppOps  : startOperation: allowing code 40 uid 1000 package android
02-08 17:40:24.179  1067  1228 V NetworkStats: performPollLocked(flags=0x1)
02-08 17:40:24.184  1067  1228 D NetdConnector: SND -> {261 bandwidth gettetherstats}
02-08 17:40:24.185   445  1019 D FrameworkListener: dispatchCommand data = (261 bandwidth gettetherstats)
02-08 17:40:24.185   445  1019 D SocketClient: SocketClient sendData done: 200 261 Tethering stats list completed
02-08 17:40:24.185  1067  1227 D NetdConnector: RCV <- {200 261 Tethering stats list completed}
02-08 17:40:24.186  1067  1228 D NetdConnector: RMV <- {200 261 Tethering stats list completed}
02-08 17:40:24.188  1067  1228 I NetworkStatsRecorder: recordSnapshotLocked: ident[[{type=WIFI, subType=COMBINED, networkId=pashaHS, metered=false}]]
02-08 17:40:24.189  1067  1228 W NetworkStatsRecorder: unknown interfaces [ccmni0, lo, p2p0], ignoring those stats
02-08 17:40:24.189  1067  1228 I NetworkStatsRecorder: recordSnapshotLocked: ident[[{type=WIFI, subType=COMBINED, networkId=pashaHS, metered=false}]]
02-08 17:40:24.189  1067  1228 W NetworkStatsRecorder: unknown interfaces [ccmni0, lo, p2p0], ignoring those stats
02-08 17:40:24.190  1067  1228 D NetworkStatsRecorder: vpnArray:[Lcom.android.internal.net.VpnInfo;@7876b4f
02-08 17:40:24.190  1067  1228 I NetworkStatsRecorder: recordSnapshotLocked: ident[[{type=WIFI, subType=COMBINED, networkId=pashaHS, metered=false}]]
02-08 17:40:24.190  1067  1228 I NetworkStatsRecorder: recordSnapshotLocked: ident[[{type=WIFI, subType=COMBINED, networkId=pashaHS, metered=false}]]
02-08 17:40:24.190  1067  1228 I NetworkStatsRecorder: recordSnapshotLocked: ident[[{type=WIFI, subType=COMBINED, networkId=pashaHS, metered=false}]]
02-08 17:40:24.190  1067  1228 I NetworkStatsRecorder: recordSnapshotLocked: ident[[{type=WIFI, subType=COMBINED, networkId=pashaHS, metered=false}]]
02-08 17:40:24.191  1067  1228 W NetworkStatsRecorder: unknown interfaces [ccmni0, lo, p2p0], ignoring those stats
02-08 17:40:24.191  1067  1228 D NetworkStatsRecorder: vpnArray:[Lcom.android.internal.net.VpnInfo;@7876b4f
02-08 17:40:24.192  1067  1228 W NetworkStatsRecorder: unknown interfaces [ccmni0, lo, p2p0], ignoring those stats
02-08 17:40:24.192  1067  1228 V NetworkStats: performPollLocked() took 13ms
02-08 17:40:24.194  1067  1228 V ActivityManager: Broadcast: Intent { act=com.android.server.action.NETWORK_STATS_UPDATED flg=0x40000010 } ordered=false userid=-1 callerApp=ProcessRecord{6ebf7c1 1067:system/1000}
02-08 17:40:24.195  1067  1228 D PowerManagerService: releaseWakeLockInternal: lock=145196867 [NetworkStats], flags=0x0, total_time=17ms
02-08 17:40:24.195  1067  1228 D PowerManagerNotifier: onWakeLockReleased: flags=1, tag="NetworkStats", packageName=android, ownerUid=1000, ownerPid=1067, workSource=null
02-08 17:40:24.195  1067  1229 V NetworkPolicy: updateNetworkEnabledLocked()
02-08 17:40:24.195  1067  1228 V NetworkStats: handleMessage(): msg=3
02-08 17:40:24.195  1067  1228 D NetdConnector: SND -> {262 bandwidth setglobalalert 2097152}
02-08 17:40:24.196   445  1019 D FrameworkListener: dispatchCommand data = (262 bandwidth setglobalalert 2097152)
02-08 17:40:24.196   445  1019 D SocketClient: SocketClient sendData done: 200 262 Bandwidth command succeeeded
02-08 17:40:24.196  1067  1227 D NetdConnector: RCV <- {200 262 Bandwidth command succeeeded}
02-08 17:40:24.197  1067  1228 D NetdConnector: RMV <- {200 262 Bandwidth command succeeeded}
02-08 17:40:24.197  1067  1229 V NetworkPolicy:  checking policy:NetworkPolicy[NetworkTemplate: matchRule=MOBILE_ALL, subscriberId=432350..., matchSubscriberIds=[432350...]]: cycleDay=1, cycleTimezone=Asia/Tehran, warningBytes=2147483648, limitBytes=-1, lastWarningSnooze=1623083454533, lastLimitSnooze=-1, metered=true, inferred=true
02-08 17:40:24.199  1067  1229 V NetworkPolicy:  checking policy:NetworkPolicy[NetworkTemplate: matchRule=MOBILE_ALL, subscriberId=432200..., matchSubscriberIds=[432200...]]: cycleDay=4, cycleTimezone=Asia/Tehran, warningBytes=2147483648, limitBytes=-1, lastWarningSnooze=1639750832986, lastLimitSnooze=-1, metered=true, inferred=true
02-08 17:40:24.201  1067  1229 V NetworkPolicy: setPolicyDataEnableForSubscriber:subId(2),true
02-08 17:40:24.202   303 19027 I MAL-RDS :  (rum_ws_listener_timeout_,  426) [RDS-I][RDS][RUM][rum_ws_listener_timeout_hndler] rum_check_ctx_ptr<0xea21b818, 0xea21b818>, Send Event: 9909
02-08 17:40:24.202   303 19027 I MAL-RDS :  (   rum_send_event_entity,   81) [RDS-I][RDS][RUM][rum_send_event_entity] send event 9909 to 914
02-08 17:40:24.202   303   716 I MAL-RDS :  (rds_rum_rum_wsl_timer_ti, 1072) [RDS-I][RUM][rds_rum_rum_wsl_timer_timeout_req][RDS] rds_rum_rum_wsl_timer_timeout_req: prcontext->i4wifi_rssi = -64, prcontext->i4wifi_snr = 9999
02-08 17:40:24.203  1067  1229 V NetworkPolicy:  checking policy:NetworkPolicy[NetworkTemplate: matchRule=MOBILE_ALL, matchSubscriberIds=[null]]: cycleDay=19, cycleTimezone=Asia/Tehran, warningBytes=2147483648, limitBytes=-1, lastWarningSnooze=-1, lastLimitSnooze=-1, metered=true, inferred=true
02-08 17:40:24.204   303   716 I MAL-RDS :  (  rum_update_wifi_status, 1055) [RDS-I][RUM][rum_update_wifi_status][RDS] get rssi<-61> snr<9999> plr<0>
02-08 17:40:24.204   303   716 I MAL-RDS :  (   rum_send_event_entity,   81) [RDS-I][RDS][RUM][rum_send_event_entity] send event 9005 to 906
02-08 17:40:24.204   303   716 I MAL-RDS :  (   rum_send_event_entity,   81) [RDS-I][RDS][RUM][rum_send_event_entity] send event 9005 to 907
02-08 17:40:24.204   303   729 I MAL-RDS :  (  rds_ru_wifi_status_ind, 1828) [RDS-I][RU][EVENT_RUM_RU_WIFI_STATUS_REQ] fgwifi_en:1(no use) i4wifirssi:0xffffffc3 i4wifisnr:0x270f sim_id:0
02-08 17:40:24.205   303   729 I MAL-RDS :  (  rds_ru_ims_vops_update, 7080) [RDS-I][RU][rds_ru_ims_vops_update][RDS IMS]IMS VOPS IE is Disabled(opid<0>) Update to RPL<0>:(254,254), <1>:(254,254), <2>:(254,254)
02-08 17:40:24.205   303   729 I MAL-RDS :  (          rds_ru_rpl_gen, 7446) [RDS-I][RU][rds_ru_rpl_gen][RDS] Current policy: fgimsolte_en<1>, fgwfc_en<0>, erdspolicy<3>,||Threshold i4wifirssih<-75>, i4wifirssil<-85>, i4wifirssih_ho<-78>, i4wifirssil_ho<-88>, i4wifisnrh<10>, i4wifisnrl<6>||Threshold i4ltersrph<-106>, i4ltersrpm<-111>, i4ltersrpl<-116>, i4ltersrqh<5>, i4ltersrqm<3>, i4ltersrql<1>||Threshold i43grscph<-85>, i43grscpl<-105>, i42grssih<-83>, i42grssil<-103>, i4lterssnrl<-3>, i43gecnol<-15>||current rds ru status: i4wifirssi<-61>, i4wifisnr<9999>, i4ltersrp<-141>, i4ltersrq<0>, u4active_ran<1>, i4lterssnr<-50>, i43grscp<-141>, i43gecno<-24>, i42grssi<-141>, u4sig_reg_status<0>||current wifi backhaul : rtp_plr<0>, rtp_jitter<0>, ping_ind<0>, ltecsr_ind<0>, ||pcscf acc stat : volte<1>, wfc<1> || wifi acc_ctrl:<0>, || current MD stat : MD1 roam <0>, ||Call stat : IR92<0>, IR94<0>, SMS over IP<0>, IPME<0>, sim<0>
02-08 17:40:24.205   303   729 I MAL-RDS :  (          rds_ru_rpl_gen, 7463) [RDS-I][RU][RDS IMS/MMS][rds_ru_rpl_gen][OP-0] Ori:(254,254)/(255,255) New:(254,254)/(255,255)||[RU][RDS IMS/MMS WIFI]Ori:(254,254)/(255,255) New:(254,254)/(255,255)||[RU][RDS IMS/MMS CELL]Ori:(254,254)/(255,255) New:(254,254)/(255,255) , sim<0>
02-08 17:40:24.205   303   716 I MAL-RDS :  (         rum_get_netstat,  975) [RDS-I][RUM][rum_get_netstat] netstat <thrghpt, pkterrt>, wifi <720, 0%>, mobile <441, 0%>
02-08 17:40:24.205   303   716 I MAL-RDS :  (   rum_send_event_entity,   81) [RDS-I][RDS][RUM][rum_send_event_entity] send event 9706 to 906
02-08 17:40:24.205   303   716 I MAL-RDS :  (   rum_send_event_entity,   81) [RDS-I][RDS][RUM][rum_send_event_entity] send event 9706 to 907
02-08 17:40:24.205   303   736 I MAL-RDS :  (  rds_ru_wifi_status_ind, 1828) [RDS-I][RU][EVENT_RUM_RU_WIFI_STATUS_REQ] fgwifi_en:1(no use) i4wifirssi:0xffffffc3 i4wifisnr:0x270f sim_id:1
02-08 17:40:24.205   303   736 I MAL-RDS :  (  rds_ru_ims_vops_update, 7080) [RDS-I][RU][rds_ru_ims_vops_update][RDS IMS]IMS VOPS IE is Disabled(opid<0>) Update to RPL<0>:(254,255), <1>:(254,255), <2>:(254,255)
02-08 17:40:24.205   303   736 I MAL-RDS :  (          rds_ru_rpl_gen, 7446) [RDS-I][RU][rds_ru_rpl_gen][RDS] Current policy: fgimsolte_en<1>, fgwfc_en<0>, erdspolicy<3>,||Threshold i4wifirssih<-75>, i4wifirssil<-85>, i4wifirssih_ho<-78>, i4wifirssil_ho<-88>, i4wifisnrh<10>, i4wifisnrl<6>||Threshold i4ltersrph<-106>, i4ltersrpm<-111>, i4ltersrpl<-116>, i4ltersrqh<5>, i4ltersrqm<3>, i4ltersrql<1>||Threshold i43grscph<-85>, i43grscpl<-105>, i42grssih<-83>, i42grssil<-103>, i4lterssnrl<-3>, i43gecnol<-15>||current rds ru status: i4wifirssi<-61>, i4wifisnr<9999>, i4ltersrp<-100>, i4ltersrq<18>, u4active_ran<65539>, i4lterssnr<6>, i43grscp<-77>, i43gecno<-6>, i42grssi<-141>, u4sig_reg_status<7>||current wifi backhaul : rtp_plr<0>, rtp_jitter<0>, ping_ind<0>, ltecsr_ind<0>, ||pcscf acc stat : volte<1>, wfc<1> || wifi acc_ctrl:<0>, || current MD stat : MD1 roam <0>, ||Call stat : IR92<0>, IR94<0>, SMS over IP<0>, IPME<0>, sim<1>
02-08 17:40:24.205   303   736 I MAL-RDS :  (          rds_ru_rpl_gen, 7463) [RDS-I][RU][RDS IMS/MMS][rds_ru_rpl_gen][OP-0] Ori:(254,255)/(1,255) New:(254,255)/(1,255)||[RU][RDS IMS/MMS WIFI]Ori:(254,255)/(1,255) New:(254,255)/(1,255)||[RU][RDS IMS/MMS CELL]Ori:(254,255)/(1,255) New:(254,255)/(1,255) , sim<1>
02-08 17:40:24.206  1067  1229 V NetworkPolicy: updateNotificationsLocked()
02-08 17:40:24.226   444 18705 D MtkOmxVenc: [0xeb2fb000] eb2fb000 ETB (0xEB2A3850) (0xEB2FF5A0) (8), mNumPendingInput(1)
02-08 17:40:24.226   444 18706 D MtkOmxMVAMgr: [0xe9a27060] [ION][FreeBuffer] entry=0xeb2a1560, va=0xe76c6000, pa=0x4f00000,size=0xf2790, srcFd=0x00000048, fd=0x00000033, bufHdr=0x00000000
02-08 17:40:24.226   444 18706 D MtkOmxMVAMgr: [0xe9a27060] ION share_fd 51, size (993168), va (0xE76C6000)
02-08 17:40:24.226   444 18706 D MtkOmxMVAMgr: [0xe9a27060] IonBuffer: entry(0xeb2a1560), va(0xe76c6000), mva:(0x04f00000), ion_buf_handle (0x00000003)
02-08 17:40:24.226   444 18706 D MtkOmxVenc: [0xeb2fb000] FrameBuf : handle = 0xeb2d3180, VA = 0xe76c6000, PA = 0x4f00000, format=HAL_PIXEL_FORMAT_YV12(0x32315659), ion=72
02-08 17:40:24.227   444 18706 I VDO_LOG : Y:4F00000, U:4FC8640, V:4FA0500
02-08 17:40:24.236   444 18706 I VDO_LOG : [tid: 18706] =benc 151, max 19726, min 123, avg 222==enc 8849, max 12700, min 7227, avg 8902==aenc 49, max 1437, min 0, avg 81==init 57, max 694, min 39, avg 69==frm 8947, max 28580, min 0, avg 9059==deinit 42, max 1425, min 0, avg 68==flush 45, max 19633, min 40, avg 94=
02-08 17:40:24.236   444 18706 D MtkOmxVenc: [0xeb2fb000] AVC EncTime=10, RGB_2_YUV=0, FrameCount= 2131, buf timestamp=9659563 (9659563010) IsKey(0), Size(3297)  Slotbitcount(211968) : in VA=0xEB2FF5A0, offset=0x00000000, len=8, flags=0x00000010 : out VA=0xE8300000, offset=0x00000000
02-08 17:40:24.236   444 18706 D MtkOmxVenc: [0xeb2fb000] eb2fb000 EBD (0xEB2A3850) (0xEB2FF5A0), mNumPendingInput(0)
02-08 17:40:24.236   444 18706 D MtkOmxVenc: [0xeb2fb000] eb2fb000 FBD (0xEB2A3770) (0xE8300000) 9659563010 (3297), mNumPendingOutput(7)
02-08 17:40:24.236   444 18709 E GraphicBufferSource: mLatestBufferUseCount is already 0.
02-08 17:40:24.236 18676 18693 D ACodec  : give LatencyToken 2131, 3297
02-08 17:40:24.237 18676 18693 D ACodec  : [OMX.MTK.VIDEO.ENCODER.AVC] onOutputBufferDrained ID 11
02-08 17:40:24.237   444 18705 D MtkOmxVenc: [0xeb2fb000] eb2fb000 FTB (0xEB2A3770) (0xE8300000) (1048576), mNumPendingOutput(8)
02-08 17:40:24.326   444 18705 D MtkOmxVenc: [0xeb2fb000] eb2fb000 ETB (0xEB2A3850) (0xEB2FF5A0) (8), mNumPendingInput(1)
02-08 17:40:24.326   444 18706 D MtkOmxMVAMgr: [0xe9a27060] [ION][FreeBuffer] entry=0xeb2a1560, va=0xe76c6000, pa=0x4f00000,size=0xf2790, srcFd=0x00000048, fd=0x00000033, bufHdr=0x00000000
02-08 17:40:24.327   444 18706 D MtkOmxMVAMgr: [0xe9a27060] ION share_fd 51, size (993168), va (0xE76C6000)
02-08 17:40:24.327   444 18706 D MtkOmxMVAMgr: [0xe9a27060] IonBuffer: entry(0xeb2a1560), va(0xe76c6000), mva:(0x04f00000), ion_buf_handle (0x00000003)
02-08 17:40:24.327   444 18706 D MtkOmxVenc: [0xeb2fb000] FrameBuf : handle = 0xeb2d3180, VA = 0xe76c6000, PA = 0x4f00000, format=HAL_PIXEL_FORMAT_YV12(0x32315659), ion=72
02-08 17:40:24.327   444 18706 I VDO_LOG : Y:4F00000, U:4FC8640, V:4FA0500
02-08 17:40:24.336   444 18706 I VDO_LOG : [tid: 18706] =benc 224, max 19726, min 123, avg 222==enc 8858, max 12700, min 7227, avg 8902==aenc 71, max 1437, min 0, avg 81==init 75, max 694, min 39, avg 69==frm 9012, max 28580, min 0, avg 9059==deinit 62, max 1425, min 0, avg 68==flush 73, max 19633, min 40, avg 94=
02-08 17:40:24.336   444 18706 D MtkOmxVenc: [0xeb2fb000] AVC EncTime=10, RGB_2_YUV=0, FrameCount= 2132, buf timestamp=9659663 (9659663010) IsKey(0), Size(3297)  Slotbitcount(238344) : in VA=0xEB2FF5A0, offset=0x00000000, len=8, flags=0x00000010 : out VA=0xE8200000, offset=0x00000000
02-08 17:40:24.336   444 18706 D MtkOmxVenc: [0xeb2fb000] eb2fb000 EBD (0xEB2A3850) (0xEB2FF5A0), mNumPendingInput(0)
02-08 17:40:24.337   444 18706 D MtkOmxVenc: [0xeb2fb000] eb2fb000 FBD (0xE9A46380) (0xE8200000) 9659663010 (3297), mNumPendingOutput(7)
02-08 17:40:24.337   444 18709 E GraphicBufferSource: mLatestBufferUseCount is already 0.
02-08 17:40:24.337 18676 18693 D ACodec  : give LatencyToken 2132, 3297
02-08 17:40:24.338 18676 18693 D ACodec  : [OMX.MTK.VIDEO.ENCODER.AVC] onOutputBufferDrained ID 12
02-08 17:40:24.338   444 18705 D MtkOmxVenc: [0xeb2fb000] eb2fb000 FTB (0xE9A46380) (0xE8200000) (1048576), mNumPendingOutput(8)
02-08 17:40:24.356   412   462 D AALLightSensor: newLux = 28, [28, 28] -> 27
02-08 17:40:24.401   302   327 I BufferQueueProducer: [com.launcher.nicelauncher/com.nice.launcher.Launcher](this:0x7896c50800,id:84,api:1,p:9159,c:302) queueBuffer: fps=2.52 dur=1589.25 max=597.81 min=43.08
02-08 17:40:24.416   302   302 I hwcomposer: [JOB] ovl_0 is not enable, do not produce a job
02-08 17:40:24.419   302   302 I BufferQueueProducer: [VDS: scrcpy](this:0x7896678800,id:69,api:1,p:302,c:302) queueBuffer: fps=2.76 dur=1087.81 max=601.03 min=227.52
02-08 17:40:24.419   302   302 I DisplayDevice: [scrcpy (type:2)] fps:2.757979,dur:1087.75,max:601.16,min:227.52
02-08 17:40:24.426   444 18705 D MtkOmxVenc: [0xeb2fb000] eb2fb000 ETB (0xEB2A3850) (0xEB2FF5A0) (8), mNumPendingInput(1)
02-08 17:40:24.426   444  1485 I BufferQueueProducer: [GraphicBufferSource](this:0xeb2fe000,id:0,api:1,p:302,c:444) queueBuffer: fps=2.76 dur=1087.23 max=600.60 min=227.58
02-08 17:40:24.426   444 18706 D MtkOmxMVAMgr: [0xe9a27060] [ION][FreeBuffer] entry=0xeb2a1500, va=0xe799f000, pa=0x3d00000,size=0xf2790, srcFd=0x0000002B, fd=0x0000003E, bufHdr=0x00000000
02-08 17:40:24.426   444 18706 D MtkOmxMVAMgr: [0xe9a27060] ION share_fd 62, size (993168), va (0xE799F000)
02-08 17:40:24.426   444 18706 D MtkOmxMVAMgr: [0xe9a27060] IonBuffer: entry(0xeb2a1500), va(0xe799f000), mva:(0x03d00000), ion_buf_handle (0x00000001)
02-08 17:40:24.426   444 18706 D MtkOmxVenc: [0xeb2fb000] FrameBuf : handle = 0xeb2d33c0, VA = 0xe799f000, PA = 0x3d00000, format=HAL_PIXEL_FORMAT_YV12(0x32315659), ion=43
02-08 17:40:24.427   444 18706 I VDO_LOG : Y:3D00000, U:3DC8640, V:3DA0500
02-08 17:40:24.432   302   302 I hwcomposer: [JOB] ovl_0 is not enable, do not produce a job
02-08 17:40:24.436   444 18706 I VDO_LOG : [tid: 18706] =benc 260, max 19726, min 123, avg 222==enc 8888, max 12700, min 7227, avg 8902==aenc 98, max 1437, min 0, avg 81==init 70, max 694, min 39, avg 69==frm 9092, max 28580, min 0, avg 9059==deinit 79, max 1425, min 0, avg 68==flush 73, max 19633, min 40, avg 94=
02-08 17:40:24.436   444 18706 D MtkOmxVenc: [0xeb2fb000] AVC EncTime=10, RGB_2_YUV=0, FrameCount= 2133, buf timestamp=9659764 (9659764209) IsKey(0), Size(3297)  Slotbitcount(264720) : in VA=0xEB2FF5A0, offset=0x00000000, len=8, flags=0x00000010 : out VA=0xE800D000, offset=0x00000000
02-08 17:40:24.436   444 18706 D MtkOmxVenc: [0xeb2fb000] eb2fb000 EBD (0xEB2A3850) (0xEB2FF5A0), mNumPendingInput(0)
02-08 17:40:24.436   444 18706 D MtkOmxVenc: [0xeb2fb000] eb2fb000 FBD (0xEB2A3930) (0xE800D000) 9659764209 (3297), mNumPendingOutput(7)
02-08 17:40:24.441   444 18705 D MtkOmxVenc: [0xeb2fb000] eb2fb000 ETB (0xE9A460E0) (0xE9A07160) (8), mNumPendingInput(1)
02-08 17:40:24.442   444 18706 D MtkOmxMVAMgr: [0xe9a27060] [ION][FreeBuffer] entry=0xeb2a1530, va=0xe77b9000, pa=0x4500000,size=0xf2790, srcFd=0x0000003A, fd=0x00000045, bufHdr=0x00000000
02-08 17:40:24.442   444 18706 D MtkOmxMVAMgr: [0xe9a27060] ION share_fd 69, size (993168), va (0xE77B9000)
02-08 17:40:24.442   444 18706 D MtkOmxMVAMgr: [0xe9a27060] IonBuffer: entry(0xeb2a1530), va(0xe77b9000), mva:(0x04500000), ion_buf_handle (0x00000002)
02-08 17:40:24.442   444 18706 D MtkOmxVenc: [0xeb2fb000] FrameBuf : handle = 0xe9a033c0, VA = 0xe77b9000, PA = 0x4500000, format=HAL_PIXEL_FORMAT_YV12(0x32315659), ion=58
02-08 17:40:24.443   444 18706 I VDO_LOG : Y:4500000, U:45C8640, V:45A0500
02-08 17:40:24.443 18676 18693 D ACodec  : give LatencyToken 2133, 3297
02-08 17:40:24.444 18676 18693 D ACodec  : [OMX.MTK.VIDEO.ENCODER.AVC] onOutputBufferDrained ID 13
02-08 17:40:24.445   444 18705 D MtkOmxVenc: [0xeb2fb000] eb2fb000 FTB (0xEB2A3930) (0xE800D000) (1048576), mNumPendingOutput(8)
02-08 17:40:24.448   302   302 I hwcomposer: [JOB] ovl_0 is not enable, do not produce a job
02-08 17:40:24.452   444 18706 I VDO_LOG : [tid: 18706] =benc 221, max 19726, min 123, avg 222==enc 8929, max 12700, min 7227, avg 8902==aenc 79, max 1437, min 0, avg 81==init 73, max 694, min 39, avg 69==frm 9087, max 28580, min 0, avg 9059==deinit 66, max 1425, min 0, avg 68==flush 74, max 19633, min 40, avg 94=
02-08 17:40:24.452   444 18706 D MtkOmxVenc: [0xeb2fb000] AVC EncTime=11, RGB_2_YUV=0, FrameCount= 2134, buf timestamp=9659780 (9659780754) IsKey(0), Size(3297)  Slotbitcount(291096) : in VA=0xE9A07160, offset=0x00000000, len=8, flags=0x00000010 : out VA=0xE7F0D000, offset=0x00000000
02-08 17:40:24.452   444 18706 D MtkOmxVenc: [0xeb2fb000] eb2fb000 EBD (0xE9A460E0) (0xE9A07160), mNumPendingInput(0)
02-08 17:40:24.454   444 18709 E GraphicBufferSource: mLatestBufferUseCount is already 0.
02-08 17:40:24.454   444 18706 D MtkOmxVenc: [0xeb2fb000] eb2fb000 FBD (0xE9A463F0) (0xE7F0D000) 9659780754 (3297), mNumPendingOutput(7)
02-08 17:40:24.459   444 18705 D MtkOmxVenc: [0xeb2fb000] eb2fb000 ETB (0xEB2A3850) (0xEB2FF5A0) (8), mNumPendingInput(1)
02-08 17:40:24.459   444 18706 D MtkOmxMVAMgr: [0xe9a27060] [ION][FreeBuffer] entry=0xeb2a1560, va=0xe76c6000, pa=0x4f00000,size=0xf2790, srcFd=0x00000048, fd=0x00000033, bufHdr=0x00000000
02-08 17:40:24.459   444 18706 D MtkOmxMVAMgr: [0xe9a27060] ION share_fd 51, size (993168), va (0xE76C6000)
02-08 17:40:24.459   444 18706 D MtkOmxMVAMgr: [0xe9a27060] IonBuffer: entry(0xeb2a1560), va(0xe76c6000), mva:(0x04f00000), ion_buf_handle (0x00000003)
02-08 17:40:24.460   444 18706 D MtkOmxVenc: [0xeb2fb000] FrameBuf : handle = 0xeb2d3180, VA = 0xe76c6000, PA = 0x4f00000, format=HAL_PIXEL_FORMAT_YV12(0x32315659), ion=72
02-08 17:40:24.460   444 18706 I VDO_LOG : Y:4F00000, U:4FC8640, V:4FA0500
02-08 17:40:24.461 18676 18693 D ACodec  : give LatencyToken 2134, 3297
02-08 17:40:24.461 18676 18693 D ACodec  : [OMX.MTK.VIDEO.ENCODER.AVC] onOutputBufferDrained ID 14
02-08 17:40:24.462   444 18705 D MtkOmxVenc: [0xeb2fb000] eb2fb000 FTB (0xE9A463F0) (0xE7F0D000) (1048576), mNumPendingOutput(8)
02-08 17:40:24.464   302   302 I hwcomposer: [JOB] ovl_0 is not enable, do not produce a job
02-08 17:40:24.469   444 18706 I VDO_LOG : [tid: 18706] =benc 200, max 19726, min 123, avg 222==enc 8907, max 12700, min 7227, avg 8902==aenc 96, max 1437, min 0, avg 81==init 69, max 694, min 39, avg 69==frm 9053, max 28580, min 0, avg 9059==deinit 77, max 1425, min 0, avg 68==flush 62, max 19633, min 40, avg 94=
02-08 17:40:24.469   444 18706 D MtkOmxVenc: [0xeb2fb000] AVC EncTime=10, RGB_2_YUV=0, FrameCount= 2135, buf timestamp=9659797 (9659797856) IsKey(0), Size(3297)  Slotbitcount(317472) : in VA=0xEB2FF5A0, offset=0x00000000, len=8, flags=0x00000010 : out VA=0xE8F89000, offset=0x00000000
02-08 17:40:24.469   444 18706 D MtkOmxVenc: [0xeb2fb000] eb2fb000 EBD (0xEB2A3850) (0xEB2FF5A0), mNumPendingInput(0)
02-08 17:40:24.469   444 18706 D MtkOmxVenc: [0xeb2fb000] eb2fb000 FBD (0xEB2A3700) (0xE8F89000) 9659797856 (3297), mNumPendingOutput(7)
02-08 17:40:24.473   444 18705 D MtkOmxVenc: [0xeb2fb000] eb2fb000 ETB (0xE9A460E0) (0xE9A07160) (8), mNumPendingInput(1)
02-08 17:40:24.474   444 18706 D MtkOmxMVAMgr: [0xe9a27060] [ION][FreeBuffer] entry=0xeb2a1500, va=0xe799f000, pa=0x3d00000,size=0xf2790, srcFd=0x0000002B, fd=0x0000003E, bufHdr=0x00000000
02-08 17:40:24.474   444 18706 D MtkOmxMVAMgr: [0xe9a27060] ION share_fd 62, size (993168), va (0xE799F000)
02-08 17:40:24.474   444 18706 D MtkOmxMVAMgr: [0xe9a27060] IonBuffer: entry(0xeb2a1500), va(0xe799f000), mva:(0x03d00000), ion_buf_handle (0x00000001)
02-08 17:40:24.474   444 18706 D MtkOmxVenc: [0xeb2fb000] FrameBuf : handle = 0xeb2d33c0, VA = 0xe799f000, PA = 0x3d00000, format=HAL_PIXEL_FORMAT_YV12(0x32315659), ion=43
02-08 17:40:24.474   444 18706 I VDO_LOG : Y:3D00000, U:3DC8640, V:3DA0500
02-08 17:40:24.475 18676 18693 D ACodec  : give LatencyToken 2135, 3297
02-08 17:40:24.476 18676 18693 D ACodec  : [OMX.MTK.VIDEO.ENCODER.AVC] onOutputBufferDrained ID d
02-08 17:40:24.476   444 18705 D MtkOmxVenc: [0xeb2fb000] eb2fb000 FTB (0xEB2A3700) (0xE8F89000) (1048576), mNumPendingOutput(8)
02-08 17:40:24.483   444 18706 I VDO_LOG : [tid: 18706] =benc 252, max 19726, min 123, avg 222==enc 8858, max 12700, min 7227, avg 8902==aenc 60, max 1437, min 0, avg 81==init 86, max 694, min 39, avg 69==frm 9033, max 28580, min 0, avg 9059==deinit 49, max 1425, min 0, avg 68==flush 62, max 19633, min 40, avg 94=
02-08 17:40:24.483   444 18706 D MtkOmxVenc: [0xeb2fb000] AVC EncTime=9, RGB_2_YUV=0, FrameCount= 2136, buf timestamp=9659812 (9659812890) IsKey(0), Size(3297)  Slotbitcount(343848) : in VA=0xE9A07160, offset=0x00000000, len=8, flags=0x00000010 : out VA=0xE8600000, offset=0x00000000
02-08 17:40:24.483   444 18706 D MtkOmxVenc: [0xeb2fb000] eb2fb000 EBD (0xE9A460E0) (0xE9A07160), mNumPendingInput(0)
02-08 17:40:24.484   444 18706 D MtkOmxVenc: [0xeb2fb000] eb2fb000 FBD (0xE9A46150) (0xE8600000) 9659812890 (3297), mNumPendingOutput(7)
02-08 17:40:24.485   444 18709 E GraphicBufferSource: mLatestBufferUseCount is already 0.
02-08 17:40:24.485 18676 18693 D ACodec  : give LatencyToken 2136, 3297
02-08 17:40:24.486 18676 18693 D ACodec  : [OMX.MTK.VIDEO.ENCODER.AVC] onOutputBufferDrained ID e
02-08 17:40:24.486   444 18705 D MtkOmxVenc: [0xeb2fb000] eb2fb000 FTB (0xE9A46150) (0xE8600000) (1048576), mNumPendingOutput(8)
02-08 17:40:24.497   302   302 I hwcomposer: [JOB] ovl_0 is not enable, do not produce a job
02-08 17:40:24.505   444 18705 D MtkOmxVenc: [0xeb2fb000] eb2fb000 ETB (0xEB2A3850) (0xEB2FF5A0) (8), mNumPendingInput(1)
02-08 17:40:24.506   444 18706 D MtkOmxMVAMgr: [0xe9a27060] [ION][FreeBuffer] entry=0xeb2a1530, va=0xe77b9000, pa=0x4500000,size=0xf2790, srcFd=0x0000003A, fd=0x00000045, bufHdr=0x00000000
02-08 17:40:24.506   444 18706 D MtkOmxMVAMgr: [0xe9a27060] ION share_fd 69, size (993168), va (0xE77B9000)
02-08 17:40:24.506   444 18706 D MtkOmxMVAMgr: [0xe9a27060] IonBuffer: entry(0xeb2a1530), va(0xe77b9000), mva:(0x04500000), ion_buf_handle (0x00000002)
02-08 17:40:24.506   444 18706 D MtkOmxVenc: [0xeb2fb000] FrameBuf : handle = 0xe9a033c0, VA = 0xe77b9000, PA = 0x4500000, format=HAL_PIXEL_FORMAT_YV12(0x32315659), ion=58
02-08 17:40:24.506   444 18706 I VDO_LOG : Y:4500000, U:45C8640, V:45A0500
02-08 17:40:24.513   302   302 I hwcomposer: [JOB] ovl_0 is not enable, do not produce a job
02-08 17:40:24.516   444 18706 I VDO_LOG : [tid: 18706] =benc 197, max 19726, min 123, avg 222==enc 8880, max 12700, min 7227, avg 8902==aenc 163, max 1437, min 0, avg 81==init 68, max 694, min 39, avg 69==frm 9022, max 28580, min 0, avg 9059==deinit 148, max 1425, min 0, avg 68==flush 61, max 19633, min 40, avg 94=
02-08 17:40:24.516   444 18706 D MtkOmxVenc: [0xeb2fb000] AVC EncTime=10, RGB_2_YUV=0, FrameCount= 2137, buf timestamp=9659844 (9659844485) IsKey(0), Size(3297)  Slotbitcount(370224) : in VA=0xEB2FF5A0, offset=0x00000000, len=8, flags=0x00000010 : out VA=0xE8500000, offset=0x00000000
02-08 17:40:24.516   444 18706 D MtkOmxVenc: [0xeb2fb000] eb2fb000 EBD (0xEB2A3850) (0xEB2FF5A0), mNumPendingInput(0)
02-08 17:40:24.516   444 18706 D MtkOmxVenc: [0xeb2fb000] eb2fb000 FBD (0xEB2A38C0) (0xE8500000) 9659844485 (3297), mNumPendingOutput(7)
02-08 17:40:24.522   444 18705 D MtkOmxVenc: [0xeb2fb000] eb2fb000 ETB (0xE9A460E0) (0xE9A07160) (8), mNumPendingInput(1)
02-08 17:40:24.522 18676 18693 D ACodec  : give LatencyToken 2137, 3297
02-08 17:40:24.522   444 18706 D MtkOmxMVAMgr: [0xe9a27060] [ION][FreeBuffer] entry=0xeb2a1560, va=0xe76c6000, pa=0x4f00000,size=0xf2790, srcFd=0x00000048, fd=0x00000033, bufHdr=0x00000000
02-08 17:40:24.523   444 18706 D MtkOmxMVAMgr: [0xe9a27060] ION share_fd 51, size (993168), va (0xE76C6000)
02-08 17:40:24.523   444 18706 D MtkOmxMVAMgr: [0xe9a27060] IonBuffer: entry(0xeb2a1560), va(0xe76c6000), mva:(0x04f00000), ion_buf_handle (0x00000003)
02-08 17:40:24.523   444 18706 D MtkOmxVenc: [0xeb2fb000] FrameBuf : handle = 0xeb2d3180, VA = 0xe76c6000, PA = 0x4f00000, format=HAL_PIXEL_FORMAT_YV12(0x32315659), ion=72
02-08 17:40:24.523   444 18706 I VDO_LOG : Y:4F00000, U:4FC8640, V:4FA0500
02-08 17:40:24.524 18676 18693 D ACodec  : [OMX.MTK.VIDEO.ENCODER.AVC] onOutputBufferDrained ID f
02-08 17:40:24.525   444 18705 D MtkOmxVenc: [0xeb2fb000] eb2fb000 FTB (0xEB2A38C0) (0xE8500000) (1048576), mNumPendingOutput(8)
02-08 17:40:24.529   302   302 I hwcomposer: [JOB] ovl_0 is not enable, do not produce a job
02-08 17:40:24.532   444 18706 I VDO_LOG : [tid: 18706] =benc 293, max 19726, min 123, avg 222==enc 9042, max 12700, min 7227, avg 8902==aenc 90, max 1437, min 0, avg 81==init 62, max 694, min 39, avg 69==frm 9289, max 28580, min 0, avg 9059==deinit 70, max 1425, min 0, avg 68==flush 143, max 19633, min 40, avg 94=
02-08 17:40:24.533   444 18706 D MtkOmxVenc: [0xeb2fb000] AVC EncTime=11, RGB_2_YUV=0, FrameCount= 2138, buf timestamp=9659860 (9659860667) IsKey(0), Size(3297)  Slotbitcount(396600) : in VA=0xE9A07160, offset=0x00000000, len=8, flags=0x00000010 : out VA=0xE8400000, offset=0x00000000
02-08 17:40:24.533   444 18706 D MtkOmxVenc: [0xeb2fb000] eb2fb000 EBD (0xE9A460E0) (0xE9A07160), mNumPendingInput(0)
02-08 17:40:24.533   444 18706 D MtkOmxVenc: [0xeb2fb000] eb2fb000 FBD (0xE9A46310) (0xE8400000) 9659860667 (3297), mNumPendingOutput(7)
02-08 17:40:24.537   444 18705 D MtkOmxVenc: [0xeb2fb000] eb2fb000 ETB (0xEB2A3850) (0xEB2FF5A0) (8), mNumPendingInput(1)
02-08 17:40:24.538 18676 18693 D ACodec  : give LatencyToken 2138, 3297
02-08 17:40:24.539 18676 18693 D ACodec  : [OMX.MTK.VIDEO.ENCODER.AVC] onOutputBufferDrained ID 10
02-08 17:40:24.539   444 18705 D MtkOmxVenc: [0xeb2fb000] eb2fb000 FTB (0xE9A46310) (0xE8400000) (1048576), mNumPendingOutput(8)
02-08 17:40:24.539   444 18706 D MtkOmxMVAMgr: [0xe9a27060] [ION][FreeBuffer] entry=0xeb2a1500, va=0xe799f000, pa=0x3d00000,size=0xf2790, srcFd=0x0000002B, fd=0x0000003E, bufHdr=0x00000000
02-08 17:40:24.539   444 18706 D MtkOmxMVAMgr: [0xe9a27060] ION share_fd 62, size (993168), va (0xE799F000)
02-08 17:40:24.539   444 18706 D MtkOmxMVAMgr: [0xe9a27060] IonBuffer: entry(0xeb2a1500), va(0xe799f000), mva:(0x03d00000), ion_buf_handle (0x00000001)
02-08 17:40:24.539   444 18706 D MtkOmxVenc: [0xeb2fb000] FrameBuf : handle = 0xeb2d33c0, VA = 0xe799f000, PA = 0x3d00000, format=HAL_PIXEL_FORMAT_YV12(0x32315659), ion=43
02-08 17:40:24.540   444 18706 I VDO_LOG : Y:3D00000, U:3DC8640, V:3DA0500
02-08 17:40:24.545   302   302 I hwcomposer: [JOB] ovl_0 is not enable, do not produce a job
02-08 17:40:24.549   444 18706 I VDO_LOG : [tid: 18706] =benc 185, max 19726, min 123, avg 222==enc 8996, max 12700, min 7227, avg 8902==aenc 84, max 1437, min 0, avg 81==init 69, max 694, min 39, avg 69==frm 9156, max 28580, min 0, avg 9059==deinit 68, max 1425, min 0, avg 68==flush 57, max 19633, min 40, avg 94=
02-08 17:40:24.549   444 18706 D MtkOmxVenc: [0xeb2fb000] AVC EncTime=10, RGB_2_YUV=0, FrameCount= 2139, buf timestamp=9659876 (9659876823) IsKey(0), Size(3297)  Slotbitcount(422976) : in VA=0xEB2FF5A0, offset=0x00000000, len=8, flags=0x00000010 : out VA=0xE8300000, offset=0x00000000
02-08 17:40:24.549   444 18706 D MtkOmxVenc: [0xeb2fb000] eb2fb000 EBD (0xEB2A3850) (0xEB2FF5A0), mNumPendingInput(0)
02-08 17:40:24.549   444 18706 D MtkOmxVenc: [0xeb2fb000] eb2fb000 FBD (0xEB2A3770) (0xE8300000) 9659876823 (3297), mNumPendingOutput(7)
02-08 17:40:24.554   444 18705 D MtkOmxVenc: [0xeb2fb000] eb2fb000 ETB (0xE9A460E0) (0xE9A07160) (8), mNumPendingInput(1)
02-08 17:40:24.555 18676 18693 D ACodec  : give LatencyToken 2139, 3297
02-08 17:40:24.555 18676 18693 D ACodec  : [OMX.MTK.VIDEO.ENCODER.AVC] onOutputBufferDrained ID 11
02-08 17:40:24.555   444 18706 D MtkOmxMVAMgr: [0xe9a27060] [ION][FreeBuffer] entry=0xeb2a1530, va=0xe77b9000, pa=0x4500000,size=0xf2790, srcFd=0x0000003A, fd=0x00000045, bufHdr=0x00000000
02-08 17:40:24.556   444 18705 D MtkOmxVenc: [0xeb2fb000] eb2fb000 FTB (0xEB2A3770) (0xE8300000) (1048576), mNumPendingOutput(8)
02-08 17:40:24.556   444 18706 D MtkOmxMVAMgr: [0xe9a27060] ION share_fd 69, size (993168), va (0xE77B9000)
02-08 17:40:24.556   444 18706 D MtkOmxMVAMgr: [0xe9a27060] IonBuffer: entry(0xeb2a1530), va(0xe77b9000), mva:(0x04500000), ion_buf_handle (0x00000002)
02-08 17:40:24.556   444 18706 D MtkOmxVenc: [0xeb2fb000] FrameBuf : handle = 0xe9a033c0, VA = 0xe77b9000, PA = 0x4500000, format=HAL_PIXEL_FORMAT_YV12(0x32315659), ion=58
02-08 17:40:24.556   444 18706 I VDO_LOG : Y:4500000, U:45C8640, V:45A0500
02-08 17:40:24.562   302   302 I hwcomposer: [JOB] ovl_0 is not enable, do not produce a job
02-08 17:40:24.565   444 18706 I VDO_LOG : [tid: 18706] =benc 187, max 19726, min 123, avg 222==enc 8882, max 12700, min 7227, avg 8902==aenc 250, max 1437, min 0, avg 81==init 68, max 694, min 39, avg 69==frm 9015, max 28580, min 0, avg 9059==deinit 233, max 1425, min 0, avg 68==flush 61, max 19633, min 40, avg 94=
02-08 17:40:24.566   444 18706 D MtkOmxVenc: [0xeb2fb000] AVC EncTime=11, RGB_2_YUV=0, FrameCount= 2140, buf timestamp=9659893 (9659893366) IsKey(0), Size(3297)  Slotbitcount(449352) : in VA=0xE9A07160, offset=0x00000000, len=8, flags=0x00000010 : out VA=0xE8200000, offset=0x00000000
02-08 17:40:24.566   444 18706 D MtkOmxVenc: [0xeb2fb000] eb2fb000 EBD (0xE9A460E0) (0xE9A07160), mNumPendingInput(0)
02-08 17:40:24.566   444 18706 D MtkOmxVenc: [0xeb2fb000] eb2fb000 FBD (0xE9A46380) (0xE8200000) 9659893366 (3297), mNumPendingOutput(7)
02-08 17:40:24.570   444 18705 D MtkOmxVenc: [0xeb2fb000] eb2fb000 ETB (0xEB2A3850) (0xEB2FF5A0) (8), mNumPendingInput(1)
02-08 17:40:24.571   444 18706 D MtkOmxMVAMgr: [0xe9a27060] [ION][FreeBuffer] entry=0xeb2a1560, va=0xe76c6000, pa=0x4f00000,size=0xf2790, srcFd=0x00000048, fd=0x00000033, bufHdr=0x00000000
02-08 17:40:24.571   444 18706 D MtkOmxMVAMgr: [0xe9a27060] ION share_fd 51, size (993168), va (0xE76C6000)
02-08 17:40:24.571   444 18706 D MtkOmxMVAMgr: [0xe9a27060] IonBuffer: entry(0xeb2a1560), va(0xe76c6000), mva:(0x04f00000), ion_buf_handle (0x00000003)
02-08 17:40:24.571   444 18706 D MtkOmxVenc: [0xeb2fb000] FrameBuf : handle = 0xeb2d3180, VA = 0xe76c6000, PA = 0x4f00000, format=HAL_PIXEL_FORMAT_YV12(0x32315659), ion=72
02-08 17:40:24.571   444 18706 I VDO_LOG : Y:4F00000, U:4FC8640, V:4FA0500
02-08 17:40:24.572 18676 18693 D ACodec  : give LatencyToken 2140, 3297
02-08 17:40:24.573 18676 18693 D ACodec  : [OMX.MTK.VIDEO.ENCODER.AVC] onOutputBufferDrained ID 12
02-08 17:40:24.573   444 18705 D MtkOmxVenc: [0xeb2fb000] eb2fb000 FTB (0xE9A46380) (0xE8200000) (1048576), mNumPendingOutput(8)
02-08 17:40:24.578   302   302 I hwcomposer: [JOB] ovl_0 is not enable, do not produce a job
02-08 17:40:24.580   444 18706 I VDO_LOG : [tid: 18706] =benc 183, max 19726, min 123, avg 222==enc 8911, max 12700, min 7227, avg 8902==aenc 69, max 1437, min 0, avg 81==init 62, max 694, min 39, avg 69==frm 9042, max 28580, min 0, avg 9059==deinit 57, max 1425, min 0, avg 68==flush 57, max 19633, min 40, avg 94=
02-08 17:40:24.581   444 18706 D MtkOmxVenc: [0xeb2fb000] AVC EncTime=9, RGB_2_YUV=0, FrameCount= 2141, buf timestamp=9659909 (9659909886) IsKey(0), Size(3297)  Slotbitcount(475728) : in VA=0xEB2FF5A0, offset=0x00000000, len=8, flags=0x00000010 : out VA=0xE800D000, offset=0x00000000
02-08 17:40:24.581   444 18706 D MtkOmxVenc: [0xeb2fb000] eb2fb000 EBD (0xEB2A3850) (0xEB2FF5A0), mNumPendingInput(0)
02-08 17:40:24.581   444 18706 D MtkOmxVenc: [0xeb2fb000] eb2fb000 FBD (0xEB2A3930) (0xE800D000) 9659909886 (3297), mNumPendingOutput(7)
02-08 17:40:24.581   444 18709 E GraphicBufferSource: mLatestBufferUseCount is already 0.
02-08 17:40:24.581 18676 18693 D ACodec  : give LatencyToken 2141, 3297
02-08 17:40:24.582 18676 18693 D ACodec  : [OMX.MTK.VIDEO.ENCODER.AVC] onOutputBufferDrained ID 13
02-08 17:40:24.588   444 18705 D MtkOmxVenc: [0xeb2fb000] eb2fb000 ETB (0xEB2A3850) (0xEB2FF5A0) (8), mNumPendingInput(1)
02-08 17:40:24.588   444 18706 D MtkOmxMVAMgr: [0xe9a27060] [ION][FreeBuffer] entry=0xeb2a1500, va=0xe799f000, pa=0x3d00000,size=0xf2790, srcFd=0x0000002B, fd=0x0000003E, bufHdr=0x00000000
02-08 17:40:24.589   444 18706 D MtkOmxMVAMgr: [0xe9a27060] ION share_fd 62, size (993168), va (0xE799F000)
02-08 17:40:24.589   444 18705 D MtkOmxVenc: [0xeb2fb000] eb2fb000 FTB (0xEB2A3930) (0xE800D000) (1048576), mNumPendingOutput(8)
02-08 17:40:24.589   444 18706 D MtkOmxMVAMgr: [0xe9a27060] IonBuffer: entry(0xeb2a1500), va(0xe799f000), mva:(0x03d00000), ion_buf_handle (0x00000001)
02-08 17:40:24.589   444 18706 D MtkOmxVenc: [0xeb2fb000] FrameBuf : handle = 0xeb2d33c0, VA = 0xe799f000, PA = 0x3d00000, format=HAL_PIXEL_FORMAT_YV12(0x32315659), ion=43
02-08 17:40:24.589   444 18706 I VDO_LOG : Y:3D00000, U:3DC8640, V:3DA0500
02-08 17:40:24.594   302   302 I hwcomposer: [JOB] ovl_0 is not enable, do not produce a job
02-08 17:40:24.598   444 18706 I VDO_LOG : [tid: 18706] =benc 190, max 19726, min 123, avg 222==enc 8869, max 12700, min 7227, avg 8902==aenc 69, max 1437, min 0, avg 81==init 66, max 694, min 39, avg 69==frm 9004, max 28580, min 0, avg 9059==deinit 56, max 1425, min 0, avg 68==flush 58, max 19633, min 40, avg 94=
02-08 17:40:24.598   444 18706 D MtkOmxVenc: [0xeb2fb000] AVC EncTime=10, RGB_2_YUV=0, FrameCount= 2142, buf timestamp=9659926 (9659926167) IsKey(0), Size(3297)  Slotbitcount(502104) : in VA=0xEB2FF5A0, offset=0x00000000, len=8, flags=0x00000010 : out VA=0xE7F0D000, offset=0x00000000
02-08 17:40:24.598   444 18706 D MtkOmxVenc: [0xeb2fb000] eb2fb000 EBD (0xEB2A3850) (0xEB2FF5A0), mNumPendingInput(0)
02-08 17:40:24.599   444 18706 D MtkOmxVenc: [0xeb2fb000] eb2fb000 FBD (0xE9A463F0) (0xE7F0D000) 9659926167 (3297), mNumPendingOutput(7)
02-08 17:40:24.605   444 18705 D MtkOmxVenc: [0xeb2fb000] eb2fb000 ETB (0xE9A460E0) (0xE9A07160) (8), mNumPendingInput(1)
02-08 17:40:24.605   444 18706 D MtkOmxMVAMgr: [0xe9a27060] [ION][FreeBuffer] entry=0xeb2a1530, va=0xe77b9000, pa=0x4500000,size=0xf2790, srcFd=0x0000003A, fd=0x00000045, bufHdr=0x00000000
02-08 17:40:24.606   444 18706 D MtkOmxMVAMgr: [0xe9a27060] ION share_fd 69, size (993168), va (0xE77B9000)
02-08 17:40:24.606   444 18706 D MtkOmxMVAMgr: [0xe9a27060] IonBuffer: entry(0xeb2a1530), va(0xe77b9000), mva:(0x04500000), ion_buf_handle (0x00000002)
02-08 17:40:24.606   444 18706 D MtkOmxVenc: [0xeb2fb000] FrameBuf : handle = 0xe9a033c0, VA = 0xe77b9000, PA = 0x4500000, format=HAL_PIXEL_FORMAT_YV12(0x32315659), ion=58
02-08 17:40:24.606 18676 18693 D ACodec  : give LatencyToken 2142, 3297
02-08 17:40:24.606   444 18706 I VDO_LOG : Y:4500000, U:45C8640, V:45A0500
02-08 17:40:24.607 18676 18693 D ACodec  : [OMX.MTK.VIDEO.ENCODER.AVC] onOutputBufferDrained ID 14
02-08 17:40:24.607   444 18705 D MtkOmxVenc: [0xeb2fb000] eb2fb000 FTB (0xE9A463F0) (0xE7F0D000) (1048576), mNumPendingOutput(8)
02-08 17:40:24.611   302   302 I hwcomposer: [JOB] ovl_0 is not enable, do not produce a job
02-08 17:40:24.615   444 18706 I VDO_LOG : [tid: 18706] =benc 183, max 19726, min 123, avg 222==enc 8970, max 12700, min 7227, avg 8902==aenc 73, max 1437, min 0, avg 81==init 67, max 694, min 39, avg 69==frm 9098, max 28580, min 0, avg 9059==deinit 59, max 1425, min 0, avg 68==flush 57, max 19633, min 40, avg 94=
02-08 17:40:24.615   444 18706 D MtkOmxVenc: [0xeb2fb000] AVC EncTime=10, RGB_2_YUV=0, FrameCount= 2143, buf timestamp=9659942 (9659942740) IsKey(0), Size(3297)  Slotbitcount(26376) : in VA=0xE9A07160, offset=0x00000000, len=8, flags=0x00000010 : out VA=0xE8F89000, offset=0x00000000
02-08 17:40:24.615   444 18706 D MtkOmxVenc: [0xeb2fb000] eb2fb000 EBD (0xE9A460E0) (0xE9A07160), mNumPendingInput(0)
02-08 17:40:24.616   444 18706 D MtkOmxVenc: [0xeb2fb000] eb2fb000 FBD (0xEB2A3700) (0xE8F89000) 9659942740 (3297), mNumPendingOutput(7)
02-08 17:40:24.622   444 18705 D MtkOmxVenc: [0xeb2fb000] eb2fb000 ETB (0xEB2A3850) (0xEB2FF5A0) (8), mNumPendingInput(1)
02-08 17:40:24.622   444 18706 D MtkOmxMVAMgr: [0xe9a27060] [ION][FreeBuffer] entry=0xeb2a1560, va=0xe76c6000, pa=0x4f00000,size=0xf2790, srcFd=0x00000048, fd=0x00000033, bufHdr=0x00000000
02-08 17:40:24.622   444 18706 D MtkOmxMVAMgr: [0xe9a27060] ION share_fd 51, size (993168), va (0xE76C6000)
02-08 17:40:24.622   444 18706 D MtkOmxMVAMgr: [0xe9a27060] IonBuffer: entry(0xeb2a1560), va(0xe76c6000), mva:(0x04f00000), ion_buf_handle (0x00000003)
02-08 17:40:24.622   444 18706 D MtkOmxVenc: [0xeb2fb000] FrameBuf : handle = 0xeb2d3180, VA = 0xe76c6000, PA = 0x4f00000, format=HAL_PIXEL_FORMAT_YV12(0x32315659), ion=72
02-08 17:40:24.622   444 18706 I VDO_LOG : Y:4F00000, U:4FC8640, V:4FA0500
02-08 17:40:24.623 18676 18693 D ACodec  : give LatencyToken 2143, 3297
02-08 17:40:24.624 18676 18693 D ACodec  : [OMX.MTK.VIDEO.ENCODER.AVC] onOutputBufferDrained ID d
02-08 17:40:24.624   444 18705 D MtkOmxVenc: [0xeb2fb000] eb2fb000 FTB (0xEB2A3700) (0xE8F89000) (1048576), mNumPendingOutput(8)
02-08 17:40:24.627   302   302 I hwcomposer: [JOB] ovl_0 is not enable, do not produce a job
02-08 17:40:24.632   444 18706 I VDO_LOG : [tid: 18706] =benc 181, max 19726, min 123, avg 222==enc 8885, max 12700, min 7227, avg 8902==aenc 72, max 1437, min 0, avg 81==init 64, max 694, min 39, avg 69==frm 9011, max 28580, min 0, avg 9059==deinit 60, max 1425, min 0, avg 68==flush 58, max 19633, min 40, avg 94=
02-08 17:40:24.632   444 18706 D MtkOmxVenc: [0xeb2fb000] AVC EncTime=10, RGB_2_YUV=0, FrameCount= 2144, buf timestamp=9659959 (9659959546) IsKey(0), Size(3297)  Slotbitcount(52752) : in VA=0xEB2FF5A0, offset=0x00000000, len=8, flags=0x00000010 : out VA=0xE8600000, offset=0x00000000
02-08 17:40:24.632   444 18706 D MtkOmxVenc: [0xeb2fb000] eb2fb000 EBD (0xEB2A3850) (0xEB2FF5A0), mNumPendingInput(0)
02-08 17:40:24.632   444 18706 D MtkOmxVenc: [0xeb2fb000] eb2fb000 FBD (0xE9A46150) (0xE8600000) 9659959546 (3297), mNumPendingOutput(7)
02-08 17:40:24.637   444 18705 D MtkOmxVenc: [0xeb2fb000] eb2fb000 ETB (0xE9A460E0) (0xE9A07160) (8), mNumPendingInput(1)
02-08 17:40:24.638   444 18706 D MtkOmxMVAMgr: [0xe9a27060] [ION][FreeBuffer] entry=0xeb2a1500, va=0xe799f000, pa=0x3d00000,size=0xf2790, srcFd=0x0000002B, fd=0x0000003E, bufHdr=0x00000000
02-08 17:40:24.639 18676 18693 D ACodec  : give LatencyToken 2144, 3297
02-08 17:40:24.639   444 18706 D MtkOmxMVAMgr: [0xe9a27060] ION share_fd 62, size (993168), va (0xE799F000)
02-08 17:40:24.639   444 18706 D MtkOmxMVAMgr: [0xe9a27060] IonBuffer: entry(0xeb2a1500), va(0xe799f000), mva:(0x03d00000), ion_buf_handle (0x00000001)
02-08 17:40:24.639   444 18706 D MtkOmxVenc: [0xeb2fb000] FrameBuf : handle = 0xeb2d33c0, VA = 0xe799f000, PA = 0x3d00000, format=HAL_PIXEL_FORMAT_YV12(0x32315659), ion=43
02-08 17:40:24.639   444 18706 I VDO_LOG : Y:3D00000, U:3DC8640, V:3DA0500
02-08 17:40:24.640 18676 18693 D ACodec  : [OMX.MTK.VIDEO.ENCODER.AVC] onOutputBufferDrained ID e
02-08 17:40:24.640   444 18705 D MtkOmxVenc: [0xeb2fb000] eb2fb000 FTB (0xE9A46150) (0xE8600000) (1048576), mNumPendingOutput(8)
02-08 17:40:24.643   302   302 I hwcomposer: [JOB] ovl_0 is not enable, do not produce a job
02-08 17:40:24.648   444 18706 I VDO_LOG : [tid: 18706] =benc 187, max 19726, min 123, avg 222==enc 8915, max 12700, min 7227, avg 8902==aenc 95, max 1437, min 0, avg 81==init 67, max 694, min 39, avg 69==frm 9047, max 28580, min 0, avg 9059==deinit 78, max 1425, min 0, avg 68==flush 59, max 19633, min 40, avg 94=
02-08 17:40:24.648   444 18706 D MtkOmxVenc: [0xeb2fb000] AVC EncTime=10, RGB_2_YUV=0, FrameCount= 2145, buf timestamp=9659975 (9659975451) IsKey(0), Size(3297)  Slotbitcount(79128) : in VA=0xE9A07160, offset=0x00000000, len=8, flags=0x00000010 : out VA=0xE8500000, offset=0x00000000
02-08 17:40:24.649   444 18706 D MtkOmxVenc: [0xeb2fb000] eb2fb000 EBD (0xE9A460E0) (0xE9A07160), mNumPendingInput(0)
02-08 17:40:24.649   444 18706 D MtkOmxVenc: [0xeb2fb000] eb2fb000 FBD (0xEB2A38C0) (0xE8500000) 9659975451 (3297), mNumPendingOutput(7)
02-08 17:40:24.652   444 18705 D MtkOmxVenc: [0xeb2fb000] eb2fb000 ETB (0xEB2A3850) (0xEB2FF5A0) (8), mNumPendingInput(1)
02-08 17:40:24.652 18676 18693 D ACodec  : give LatencyToken 2145, 3297
02-08 17:40:24.653   444 18706 D MtkOmxMVAMgr: [0xe9a27060] [ION][FreeBuffer] entry=0xeb2a1530, va=0xe77b9000, pa=0x4500000,size=0xf2790, srcFd=0x0000003A, fd=0x00000045, bufHdr=0x00000000
02-08 17:40:24.653   444 18706 D MtkOmxMVAMgr: [0xe9a27060] ION share_fd 69, size (993168), va (0xE77B9000)
02-08 17:40:24.653   444 18706 D MtkOmxMVAMgr: [0xe9a27060] IonBuffer: entry(0xeb2a1530), va(0xe77b9000), mva:(0x04500000), ion_buf_handle (0x00000002)
02-08 17:40:24.653   444 18706 D MtkOmxVenc: [0xeb2fb000] FrameBuf : handle = 0xe9a033c0, VA = 0xe77b9000, PA = 0x4500000, format=HAL_PIXEL_FORMAT_YV12(0x32315659), ion=58
02-08 17:40:24.653   444 18706 I VDO_LOG : Y:4500000, U:45C8640, V:45A0500
02-08 17:40:24.654 18676 18693 D ACodec  : [OMX.MTK.VIDEO.ENCODER.AVC] onOutputBufferDrained ID f
02-08 17:40:24.654   444 18705 D MtkOmxVenc: [0xeb2fb000] eb2fb000 FTB (0xEB2A38C0) (0xE8500000) (1048576), mNumPendingOutput(8)
02-08 17:40:24.659   302   302 I hwcomposer: [JOB] ovl_0 is not enable, do not produce a job
02-08 17:40:24.662   444 18706 I VDO_LOG : [tid: 18706] =benc 183, max 19726, min 123, avg 222==enc 9050, max 12700, min 7227, avg 8902==aenc 83, max 1437, min 0, avg 81==init 64, max 694, min 39, avg 69==frm 9180, max 28580, min 0, avg 9059==deinit 68, max 1425, min 0, avg 68==flush 57, max 19633, min 40, avg 94=
02-08 17:40:24.663   444 18706 D MtkOmxVenc: [0xeb2fb000] AVC EncTime=11, RGB_2_YUV=0, FrameCount= 2146, buf timestamp=9659990 (9659990926) IsKey(0), Size(3297)  Slotbitcount(105504) : in VA=0xEB2FF5A0, offset=0x00000000, len=8, flags=0x00000010 : out VA=0xE8400000, offset=0x00000000
02-08 17:40:24.663   444 18706 D MtkOmxVenc: [0xeb2fb000] eb2fb000 EBD (0xEB2A3850) (0xEB2FF5A0), mNumPendingInput(0)
